Component: ARM Compiler 5.06 update 6 (build 750) Tool: armlink [4d35ed]

==============================================================================

Section Cross References

    main.o(i.Data_Collect_Proc) refers to _printf_pad.o(.text) for _printf_pre_padding
    main.o(i.Data_Collect_Proc) refers to _printf_percent.o(.ARM.Collect$$_printf_percent$$00000000) for _printf_percent
    main.o(i.Data_Collect_Proc) refers to _printf_d.o(.ARM.Collect$$_printf_percent$$00000009) for _printf_d
    main.o(i.Data_Collect_Proc) refers to _printf_dec.o(.text) for _printf_int_dec
    main.o(i.Data_Collect_Proc) refers to bsp_adc.o(i.getADC2) for getADC2
    main.o(i.Data_Collect_Proc) refers to f2d.o(x$fpl$f2d) for __aeabi_f2d
    main.o(i.Data_Collect_Proc) refers to dmul.o(x$fpl$dmul) for __aeabi_dmul
    main.o(i.Data_Collect_Proc) refers to d2f.o(x$fpl$d2f) for __aeabi_d2f
    main.o(i.Data_Collect_Proc) refers to dfixu.o(x$fpl$dfixu) for __aeabi_d2uiz
    main.o(i.Data_Collect_Proc) refers to noretval__2sprintf.o(.text) for __2sprintf
    main.o(i.Data_Collect_Proc) refers to strlen.o(.text) for strlen
    main.o(i.Data_Collect_Proc) refers to stm32g4xx_hal_uart.o(i.HAL_UART_Transmit) for HAL_UART_Transmit
    main.o(i.Data_Collect_Proc) refers to stm32g4xx_hal.o(.data) for uwTick
    main.o(i.Data_Collect_Proc) refers to main.o(.data) for .data
    main.o(i.Data_Collect_Proc) refers to main.o(.bss) for .bss
    main.o(i.Data_Collect_Proc) refers to bsp_uart.o(.bss) for huart1
    main.o(i.HAL_UART_RxCpltCallback) refers to _printf_pad.o(.text) for _printf_pre_padding
    main.o(i.HAL_UART_RxCpltCallback) refers to _printf_percent.o(.ARM.Collect$$_printf_percent$$00000000) for _printf_percent
    main.o(i.HAL_UART_RxCpltCallback) refers to _printf_d.o(.ARM.Collect$$_printf_percent$$00000009) for _printf_d
    main.o(i.HAL_UART_RxCpltCallback) refers to _printf_dec.o(.text) for _printf_int_dec
    main.o(i.HAL_UART_RxCpltCallback) refers to noretval__2sprintf.o(.text) for __2sprintf
    main.o(i.HAL_UART_RxCpltCallback) refers to strlen.o(.text) for strlen
    main.o(i.HAL_UART_RxCpltCallback) refers to stm32g4xx_hal_uart.o(i.HAL_UART_Transmit) for HAL_UART_Transmit
    main.o(i.HAL_UART_RxCpltCallback) refers to stm32g4xx_hal_uart.o(i.HAL_UART_Receive_IT) for HAL_UART_Receive_IT
    main.o(i.HAL_UART_RxCpltCallback) refers to main.o(.data) for .data
    main.o(i.HAL_UART_RxCpltCallback) refers to main.o(.bss) for .bss
    main.o(i.HAL_UART_RxCpltCallback) refers to bsp_uart.o(.bss) for huart1
    main.o(i.Key_Proc) refers to bsp_key_led.o(i.Key_Scan) for Key_Scan
    main.o(i.Key_Proc) refers to bsp_lcd.o(i.LCD_Clear) for LCD_Clear
    main.o(i.Key_Proc) refers to bsp_i2c.o(i.iic_24c02_write) for iic_24c02_write
    main.o(i.Key_Proc) refers to noretval__2sprintf.o(.text) for __2sprintf
    main.o(i.Key_Proc) refers to bsp_lcd.o(i.LCD_SetTextColor) for LCD_SetTextColor
    main.o(i.Key_Proc) refers to bsp_lcd.o(i.LCD_DisplayStringLine) for LCD_DisplayStringLine
    main.o(i.Key_Proc) refers to stm32g4xx_hal.o(.data) for uwTick
    main.o(i.Key_Proc) refers to main.o(.data) for .data
    main.o(i.Key_Proc) refers to main.o(.bss) for .bss
    main.o(i.Lcd_Proc) refers to _printf_pad.o(.text) for _printf_pre_padding
    main.o(i.Lcd_Proc) refers to _printf_percent.o(.ARM.Collect$$_printf_percent$$00000000) for _printf_percent
    main.o(i.Lcd_Proc) refers to _printf_d.o(.ARM.Collect$$_printf_percent$$00000009) for _printf_d
    main.o(i.Lcd_Proc) refers to _printf_dec.o(.text) for _printf_int_dec
    main.o(i.Lcd_Proc) refers to _printf_f.o(.ARM.Collect$$_printf_percent$$00000003) for _printf_f
    main.o(i.Lcd_Proc) refers to printf1.o(x$fpl$printf1) for _printf_fp_dec
    main.o(i.Lcd_Proc) refers to noretval__2sprintf.o(.text) for __2sprintf
    main.o(i.Lcd_Proc) refers to bsp_lcd.o(i.LCD_SetBackColor) for LCD_SetBackColor
    main.o(i.Lcd_Proc) refers to bsp_lcd.o(i.LCD_DisplayStringLine) for LCD_DisplayStringLine
    main.o(i.Lcd_Proc) refers to f2d.o(x$fpl$f2d) for __aeabi_f2d
    main.o(i.Lcd_Proc) refers to stm32g4xx_hal.o(.data) for uwTick
    main.o(i.Lcd_Proc) refers to main.o(.data) for .data
    main.o(i.Lcd_Proc) refers to main.o(.bss) for .bss
    main.o(i.Led_Proc) refers to bsp_key_led.o(i.LED_Disp) for LED_Disp
    main.o(i.Led_Proc) refers to stm32g4xx_hal.o(.data) for uwTick
    main.o(i.Led_Proc) refers to main.o(.data) for .data
    main.o(i.Usart_Proc) refers to stm32g4xx_hal.o(.data) for uwTick
    main.o(i.Usart_Proc) refers to main.o(.data) for .data
    main.o(i.main) refers to stm32g4xx_hal.o(i.HAL_Init) for HAL_Init
    main.o(i.main) refers to bsp_rcc.o(i.SystemClock_Config) for SystemClock_Config
    main.o(i.main) refers to bsp_key_led.o(i.KEY_LED_Init) for KEY_LED_Init
    main.o(i.main) refers to bsp_lcd.o(i.LCD_Init) for LCD_Init
    main.o(i.main) refers to bsp_lcd.o(i.LCD_Clear) for LCD_Clear
    main.o(i.main) refers to bsp_lcd.o(i.LCD_SetBackColor) for LCD_SetBackColor
[...]
    i.HAL_GPIO_ReadPin                       0x080022cc   Section        0  stm32g4xx_hal_gpio.o(i.HAL_GPIO_ReadPin)
    i.HAL_GPIO_WritePin                      0x080022d6   Section        0  stm32g4xx_hal_gpio.o(i.HAL_GPIO_WritePin)
    i.HAL_GetTick                            0x080022e0   Section        0  stm32g4xx_hal.o(i.HAL_GetTick)
    i.HAL_IncTick                            0x080022ec   Section        0  stm32g4xx_hal.o(i.HAL_IncTick)
    i.HAL_Init                               0x080022fc   Section        0  stm32g4xx_hal.o(i.HAL_Init)
    i.HAL_InitTick                           0x0800231c   Section        0  stm32g4xx_hal.o(i.HAL_InitTick)
    i.HAL_MspInit                            0x08002360   Section        0  stm32g4xx_hal_msp.o(i.HAL_MspInit)
    i.HAL_NVIC_EnableIRQ                     0x08002390   Section        0  stm32g4xx_hal_cortex.o(i.HAL_NVIC_EnableIRQ)
    i.HAL_NVIC_SetPriority                   0x080023ac   Section        0  stm32g4xx_hal_cortex.o(i.HAL_NVIC_SetPriority)
    i.HAL_NVIC_SetPriorityGrouping           0x080023ec   Section        0  stm32g4xx_hal_cortex.o(i.HAL_NVIC_SetPriorityGrouping)
    i.HAL_PWREx_ControlVoltageScaling        0x08002410   Section        0  stm32g4xx_hal_pwr_ex.o(i.HAL_PWREx_ControlVoltageScaling)
    i.HAL_PWREx_DisableUCPDDeadBattery       0x080024cc   Section        0  stm32g4xx_hal_pwr_ex.o(i.HAL_PWREx_DisableUCPDDeadBattery)
    i.HAL_RCCEx_PeriphCLKConfig              0x080024dc   Section        0  stm32g4xx_hal_rcc_ex.o(i.HAL_RCCEx_PeriphCLKConfig)
    i.HAL_RCC_ClockConfig                    0x08002764   Section        0  stm32g4xx_hal_rcc.o(i.HAL_RCC_ClockConfig)
    i.HAL_RCC_GetPCLK1Freq                   0x08002940   Section        0  stm32g4xx_hal_rcc.o(i.HAL_RCC_GetPCLK1Freq)
    i.HAL_RCC_GetPCLK2Freq                   0x08002964   Section        0  stm32g4xx_hal_rcc.o(i.HAL_RCC_GetPCLK2Freq)
    i.HAL_RCC_GetSysClockFreq                0x08002988   Section        0  stm32g4xx_hal_rcc.o(i.HAL_RCC_GetSysClockFreq)
    i.HAL_RCC_OscConfig                      0x080029f8   Section        0  stm32g4xx_hal_rcc.o(i.HAL_RCC_OscConfig)
    i.HAL_SYSTICK_Config                     0x08002e04   Section        0  stm32g4xx_hal_cortex.o(i.HAL_SYSTICK_Config)
    i.HAL_UARTEx_DisableFifoMode             0x08002e2c   Section        0  stm32g4xx_hal_uart_ex.o(i.HAL_UARTEx_DisableFifoMode)
    i.HAL_UARTEx_RxEventCallback             0x08002e6a   Section        0  stm32g4xx_hal_uart.o(i.HAL_UARTEx_RxEventCallback)
    i.HAL_UARTEx_RxFifoFullCallback          0x08002e6c   Section        0  stm32g4xx_hal_uart_ex.o(i.HAL_UARTEx_RxFifoFullCallback)
    i.HAL_UARTEx_SetRxFifoThreshold          0x08002e6e   Section        0  stm32g4xx_hal_uart_ex.o(i.HAL_UARTEx_SetRxFifoThreshold)
    i.HAL_UARTEx_SetTxFifoThreshold          0x08002eba   Section        0  stm32g4xx_hal_uart_ex.o(i.HAL_UARTEx_SetTxFifoThreshold)
    i.HAL_UARTEx_TxFifoEmptyCallback         0x08002f06   Section        0  stm32g4xx_hal_uart_ex.o(i.HAL_UARTEx_TxFifoEmptyCallback)
    i.HAL_UARTEx_WakeupCallback              0x08002f08   Section        0  stm32g4xx_hal_uart_ex.o(i.HAL_UARTEx_WakeupCallback)
    i.HAL_UART_ErrorCallback                 0x08002f0a   Section        0  stm32g4xx_hal_uart.o(i.HAL_UART_ErrorCallback)
    i.HAL_UART_IRQHandler                    0x08002f0c   Section        0  stm32g4xx_hal_uart.o(i.HAL_UART_IRQHandler)
    i.HAL_UART_Init                          0x08003190   Section        0  stm32g4xx_hal_uart.o(i.HAL_UART_Init)
    i.HAL_UART_MspInit                       0x080031fc   Section        0  bsp_uart.o(i.HAL_UART_MspInit)
    i.HAL_UART_Receive_IT                    0x08003270   Section        0  stm32g4xx_hal_uart.o(i.HAL_UART_Receive_IT)
    i.HAL_UART_RxCpltCallback                0x080032bc   Section        0  main.o(i.HAL_UART_RxCpltCallback)
    i.HAL_UART_Transmit                      0x0800334c   Section        0  stm32g4xx_hal_uart.o(i.HAL_UART_Transmit)
    i.HAL_UART_TxCpltCallback                0x08003408   Section        0  stm32g4xx_hal_uart.o(i.HAL_UART_TxCpltCallback)
    i.HardFault_Handler                      0x0800340a   Section        0  stm32g4xx_it.o(i.HardFault_Handler)
    i.I2CInit                                0x0800340c   Section        0  bsp_i2c.o(i.I2CInit)
    i.I2CReceiveByte                         0x08003438   Section        0  bsp_i2c.o(i.I2CReceiveByte)
    i.I2CSendAck                             0x08003486   Section        0  bsp_i2c.o(i.I2CSendAck)
    i.I2CSendByte                            0x080034b6   Section        0  bsp_i2c.o(i.I2CSendByte)
    i.I2CSendNotAck                          0x08003504   Section        0  bsp_i2c.o(i.I2CSendNotAck)
    i.I2CStart                               0x08003534   Section        0  bsp_i2c.o(i.I2CStart)
    i.I2CStop                                0x0800356a   Section        0  bsp_i2c.o(i.I2CStop)
    i.I2CWaitAck                             0x080035a0   Section        0  bsp_i2c.o(i.I2CWaitAck)
    i.KEY_LED_Init                           0x080035f0   Section        0  bsp_key_led.o(i.KEY_LED_Init)
    i.Key_Proc                               0x080036e8   Section        0  main.o(i.Key_Proc)
    i.Key_Scan                               0x0800383c   Section        0  bsp_key_led.o(i.Key_Scan)
    i.LCD_BusIn                              0x0800387c   Section        0  bsp_lcd.o(i.LCD_BusIn)
    i.LCD_BusOut                             0x080038a8   Section        0  bsp_lcd.o(i.LCD_BusOut)
    i.LCD_Clear                              0x080038d8   Section        0  bsp_lcd.o(i.LCD_Clear)
    i.LCD_CtrlLinesConfig                    0x080038fc   Section        0  bsp_lcd.o(i.LCD_CtrlLinesConfig)
    i.LCD_DisplayChar                        0x0800398c   Section        0  bsp_lcd.o(i.LCD_DisplayChar)
    i.LCD_DisplayStringLine                  0x080039a4   Section        0  bsp_lcd.o(i.LCD_DisplayStringLine)
    i.LCD_DrawChar                           0x080039d0   Section        0  bsp_lcd.o(i.LCD_DrawChar)
    i.LCD_Init                               0x08003a28   Section        0  bsp_lcd.o(i.LCD_Init)
    i.LCD_ReadReg                            0x08003a5c   Section        0  bsp_lcd.o(i.LCD_ReadReg)
    i.LCD_SetBackColor                       0x08003adc   Section        0  bsp_lcd.o(i.LCD_SetBackColor)
    i.LCD_SetCursor                          0x08003aec   Section        0  bsp_lcd.o(i.LCD_SetCursor)
    i.LCD_SetTextColor                       0x08003b04   Section        0  bsp_lcd.o(i.LCD_SetTextColor)
    i.LCD_WriteRAM                           0x08003b14   Section        0  bsp_lcd.o(i.LCD_WriteRAM)
    i.LCD_WriteRAM_Prepare                   0x08003b6c   Section        0  bsp_lcd.o(i.LCD_WriteRAM_Prepare)
    i.LCD_WriteReg                           0x08003bc8   Section        0  bsp_lcd.o(i.LCD_WriteReg)
    i.LED_Disp                               0x08003c34   Section        0  bsp_key_led.o(i.LED_Disp)
    i.LL_ADC_GetOffsetChannel                0x08003c88   Section        0  stm32g4xx_hal_adc.o(i.LL_ADC_GetOffsetChannel)
    LL_ADC_GetOffsetChannel                  0x08003c89   Thumb Code    12  stm32g4xx_hal_adc.o(i.LL_ADC_GetOffsetChannel)
    i.LL_ADC_INJ_IsConversionOngoing         0x08003c94   Section        0  stm32g4xx_hal_adc.o(i.LL_ADC_INJ_IsConversionOngoing)
    LL_ADC_INJ_IsConversionOngoing           0x08003c95   Thumb Code     8  stm32g4xx_hal_adc.o(i.LL_ADC_INJ_IsConversionOngoing)
    i.LL_ADC_REG_IsConversionOngoing         0x08003c9c   Section        0  stm32g4xx_hal_adc.o(i.LL_ADC_REG_IsConversionOngoing)
    LL_ADC_REG_IsConversionOngoing           0x08003c9d   Thumb Code     8  stm32g4xx_hal_adc.o(i.LL_ADC_REG_IsConversionOngoing)
    i.LL_ADC_SetChannelSamplingTime          0x08003ca4   Section        0  stm32g4xx_hal_adc.o(i.LL_ADC_SetChannelSamplingTime)
    LL_ADC_SetChannelSamplingTime            0x08003ca5   Thumb Code    30  stm32g4xx_hal_adc.o(i.LL_ADC_SetChannelSamplingTime)
    i.LL_ADC_SetOffsetState                  0x08003cc2   Section        0  stm32g4xx_hal_adc.o(i.LL_ADC_SetOffsetState)
    LL_ADC_SetOffsetState                    0x08003cc3   Thumb Code    16  stm32g4xx_hal_adc.o(i.LL_ADC_SetOffsetState)
    i.Lcd_Proc                               0x08003cd4   Section        0  main.o(i.Lcd_Proc)
    i.Led_Proc                               0x08003e88   Section        0  main.o(i.Led_Proc)
    i.MemManage_Handler                      0x08003ef0   Section        0  stm32g4xx_it.o(i.MemManage_Handler)
    i.NMI_Handler                            0x08003ef2   Section        0  stm32g4xx_it.o(i.NMI_Handler)
    i.PendSV_Handler                         0x08003ef4   Section        0  stm32g4xx_it.o(i.PendSV_Handler)
    i.REG_8230_Init                          0x08003ef6   Section        0  bsp_lcd.o(i.REG_8230_Init)
    i.REG_932X_Init                          0x08004008   Section        0  bsp_lcd.o(i.REG_932X_Init)
    i.SCL_Output                             0x0800420c   Section        0  bsp_i2c.o(i.SCL_Output)
    i.SDA_Input                              0x08004224   Section        0  bsp_i2c.o(i.SDA_Input)
    i.SDA_Input_Mode                         0x0800423c   Section        0  bsp_i2c.o(i.SDA_Input_Mode)
    i.SDA_Output                             0x08004268   Section        0  bsp_i2c.o(i.SDA_Output)
    i.SDA_Output_Mode                        0x08004280   Section        0  bsp_i2c.o(i.SDA_Output_Mode)
    i.SVC_Handler                            0x080042ac   Section        0  stm32g4xx_it.o(i.SVC_Handler)
    i.SysTick_Handler                        0x080042ae   Section        0  stm32g4xx_it.o(i.SysTick_Handler)
    i.SystemClock_Config                     0x080042b4   Section        0  bsp_rcc.o(i.SystemClock_Config)
    i.SystemInit                             0x08004350   Section        0  system_stm32g4xx.o(i.SystemInit)
    i.UART1_Init                             0x08004360   Section        0  bsp_uart.o(i.UART1_Init)
    i.UARTEx_SetNbDataToProcess              0x080043c8   Section        0  stm32g4xx_hal_uart_ex.o(i.UARTEx_SetNbDataToProcess)
    UARTEx_SetNbDataToProcess                0x080043c9   Thumb Code    62  stm32g4xx_hal_uart_ex.o(i.UARTEx_SetNbDataToProcess)
    i.UART_AdvFeatureConfig                  0x0800440c   Section        0  stm32g4xx_hal_uart.o(i.UART_AdvFeatureConfig)
    i.UART_CheckIdleState                    0x080044d4   Section        0  stm32g4xx_hal_uart.o(i.UART_CheckIdleState)
    i.UART_DMAAbortOnError                   0x08004534   Section        0  stm32g4xx_hal_uart.o(i.UART_DMAAbortOnError)
    UART_DMAAbortOnError                     0x08004535   Thumb Code    20  stm32g4xx_hal_uart.o(i.UART_DMAAbortOnError)
    i.UART_EndRxTransfer                     0x08004548   Section        0  stm32g4xx_hal_uart.o(i.UART_EndRxTransfer)
    UART_EndRxTransfer                       0x08004549   Thumb Code    50  stm32g4xx_hal_uart.o(i.UART_EndRxTransfer)
    i.UART_RxISR_16BIT                       0x08004580   Section        0  stm32g4xx_hal_uart.o(i.UART_RxISR_16BIT)
    UART_RxISR_16BIT                         0x08004581   Thumb Code   128  stm32g4xx_hal_uart.o(i.UART_RxISR_16BIT)
    i.UART_RxISR_16BIT_FIFOEN                0x08004600   Section        0  stm32g4xx_hal_uart.o(i.UART_RxISR_16BIT_FIFOEN)
    UART_RxISR_16BIT_FIFOEN                  0x08004601   Thumb Code   306  stm32g4xx_hal_uart.o(i.UART_RxISR_16BIT_FIFOEN)
    i.UART_RxISR_8BIT                        0x0800473c   Section        0  stm32g4xx_hal_uart.o(i.UART_RxISR_8BIT)
    UART_RxISR_8BIT                          0x0800473d   Thumb Code   128  stm32g4xx_hal_uart.o(i.UART_RxISR_8BIT)
    i.UART_RxISR_8BIT_FIFOEN                 0x080047bc   Section        0  stm32g4xx_hal_uart.o(i.UART_RxISR_8BIT_FIFOEN)
    UART_RxISR_8BIT_FIFOEN                   0x080047bd   Thumb Code   306  stm32g4xx_hal_uart.o(i.UART_RxISR_8BIT_FIFOEN)
    i.UART_SetConfig                         0x080048f8   Section        0  stm32g4xx_hal_uart.o(i.UART_SetConfig)
    i.UART_Start_Receive_IT                  0x08004b6c   Section        0  stm32g4xx_hal_uart.o(i.UART_Start_Receive_IT)
    i.UART_WaitOnFlagUntilTimeout            0x08004c44   Section        0  stm32g4xx_hal_uart.o(i.UART_WaitOnFlagUntilTimeout)
    i.USART1_IRQHandler                      0x08004ce8   Section        0  stm32g4xx_it.o(i.USART1_IRQHandler)
    i.UsageFault_Handler                     0x08004cf4   Section        0  stm32g4xx_it.o(i.UsageFault_Handler)
    i.Usart_Proc                             0x08004cf8   Section        0  main.o(i.Usart_Proc)
    i.__ARM_fpclassify                       0x08004d18   Section        0  fpclassify.o(i.__ARM_fpclassify)
    i.__NVIC_SetPriority                     0x08004d48   Section        0  stm32g4xx_hal_cortex.o(i.__NVIC_SetPriority)
    __NVIC_SetPriority                       0x08004d49   Thumb Code    32  stm32g4xx_hal_cortex.o(i.__NVIC_SetPriority)
    i._is_digit                              0x08004d68   Section        0  __printf_wp.o(i._is_digit)
    i.delay1                                 0x08004d76   Section        0  bsp_i2c.o(i.delay1)
    delay1                                   0x08004d77   Thumb Code    12  bsp_i2c.o(i.delay1)
    i.getADC2                                0x08004d84   Section        0  bsp_adc.o(i.getADC2)
    i.iic_24c02_read                         0x08004d9c   Section        0  bsp_i2c.o(i.iic_24c02_read)
    i.iic_24c02_write                        0x08004df0   Section        0  bsp_i2c.o(i.iic_24c02_write)
    i.main                                   0x08004e30   Section        0  main.o(i.main)
    locale$$code                             0x08004ea8   Section       44  lc_numeric_c.o(locale$$code)
    x$fpl$d2f                                0x08004ed4   Section       98  d2f.o(x$fpl$d2f)
    $v0                                      0x08004ed4   Number         0  d2f.o(x$fpl$d2f)
    x$fpl$dfixu                              0x08004f38   Section       90  dfixu.o(x$fpl$dfixu)
    $v0                                      0x08004f38   Number         0  dfixu.o(x$fpl$dfixu)
    x$fpl$dmul                               0x08004f94   Section      340  dmul.o(x$fpl$dmul)
    $v0                                      0x08004f94   Number         0  dmul.o(x$fpl$dmul)
    x$fpl$dnaninf                            0x080050e8   Section      156  dnaninf.o(x$fpl$dnaninf)
    $v0                                      0x080050e8   Number         0  dnaninf.o(x$fpl$dnaninf)
    x$fpl$dretinf                            0x08005184   Section       12  dretinf.o(x$fpl$dretinf)
    $v0                                      0x08005184   Number         0  dretinf.o(x$fpl$dretinf)
    x$fpl$f2d                                0x08005190   Section       86  f2d.o(x$fpl$f2d)
    $v0                                      0x08005190   Number         0  f2d.o(x$fpl$f2d)
    x$fpl$fnaninf                            0x080051e6   Section      140  fnaninf.o(x$fpl$fnaninf)
    $v0                                      0x080051e6   Number         0  fnaninf.o(x$fpl$fnaninf)
    x$fpl$fpinit                             0x08005272   Section       10  fpinit.o(x$fpl$fpinit)
    $v0                                      0x08005272   Number         0  fpinit.o(x$fpl$fpinit)
    x$fpl$fretinf                            0x0800527c   Section       10  fretinf.o(x$fpl$fretinf)
    $v0                                      0x0800527c   Number         0  fretinf.o(x$fpl$fretinf)
    x$fpl$printf1                            0x08005286   Section        4  printf1.o(x$fpl$printf1)
    $v0                                      0x08005286   Number         0  printf1.o(x$fpl$printf1)
    .constdata                               0x0800528a   Section     4560  bsp_lcd.o(.constdata)
    x$fpl$usenofp                            0x0800528a   Section        0  usenofp.o(x$fpl$usenofp)
    .constdata                               0x0800645a   Section       24  stm32g4xx_hal_uart.o(.constdata)
    .constdata                               0x08006472   Section       16  stm32g4xx_hal_uart_ex.o(.constdata)
    numerator                                0x08006472   Data           8  stm32g4xx_hal_uart_ex.o(.constdata)
    denominator                              0x0800647a   Data           8  stm32g4xx_hal_uart_ex.o(.constdata)
    .constdata                               0x08006482   Section       16  system_stm32g4xx.o(.constdata)
    .constdata                               0x08006492   Section        8  system_stm32g4xx.o(.constdata)
    .constdata                               0x0800649c   Section      148  bigflt0.o(.constdata)
    tenpwrs_x                                0x0800649c   Data          60  bigflt0.o(.constdata)
    tenpwrs_i                                0x080064d8   Data          64  bigflt0.o(.constdata)
    locale$$data                             0x08006550   Section       28  lc_numeric_c.o(locale$$data)
    __lcnum_c_name                           0x08006554   Data           2  lc_numeric_c.o(locale$$data)
    __lcnum_c_start                          0x0800655c   Data           0  lc_numeric_c.o(locale$$data)
    __lcnum_c_point                          0x08006568   Data           0  lc_numeric_c.o(locale$$data)
    __lcnum_c_thousands                      0x0800656a   Data           0  lc_numeric_c.o(locale$$data)
    __lcnum_c_grouping                       0x0800656b   Data           0  lc_numeric_c.o(locale$$data)
    __lcnum_c_end                            0x0800656c   Data           0  lc_numeric_c.o(locale$$data)
    .data                                    0x20000000   Section       52  main.o(.data)
    .data                                    0x20000034   Section        6  bsp_lcd.o(.data)
    TextColor                                0x20000034   Data           2  bsp_lcd.o(.data)
    BackColor                                0x20000036   Data           2  bsp_lcd.o(.data)
    .data                                    0x2000003c   Section        4  bsp_adc.o(.data)
    HAL_RCC_ADC12_CLK_ENABLED                0x2000003c   Data           4  bsp_adc.o(.data)
    .data                                    0x20000040   Section       12  stm32g4xx_hal.o(.data)
    .data                                    0x2000004c   Section        4  system_stm32g4xx.o(.data)
    .bss                                     0x20000050   Section       61  main.o(.bss)
    .bss                                     0x20000090   Section      144  bsp_uart.o(.bss)
    .bss                                     0x20000120   Section      216  bsp_adc.o(.bss)
    .bss                                     0x200001f8   Section       96  libspace.o(.bss)
    HEAP                                     0x20000258   Section      512  startup_stm32g431xx.o(HEAP)
    Heap_Mem                                 0x20000258   Data         512  startup_stm32g431xx.o(HEAP)
    STACK                                    0x20000458   Section     1024  startup_stm32g431xx.o(STACK)
    Stack_Mem                                0x20000458   Data        1024  startup_stm32g431xx.o(STACK)
    __initial_sp                             0x20000858   Data           0  startup_stm32g431xx.o(STACK)

    Global Symbols

    Symbol Name                              Value     Ov Type        Size  Object(Section)

    BuildAttributes$$THM_ISAv4$E$P$D$K$B$S$7EM$VFPi3$EXTD16$VFPS$VFMA$PE$A:L22UL41UL21$X:L11$S22US41US21$IEEE1$IW$USESV6$~STKCKD$USESV7$~SHL$OTIME$ROPI$IEEEJ$EBA8$UX$STANDARDLIB$REQ8$PRES8$EABIv2 0x00000000   Number         0  anon$$obj.o ABSOLUTE
    __ARM_use_no_argv                        0x00000000   Number         0  main.o ABSOLUTE
    _printf_flags                            0x00000000   Number         0  printf_stubs.o ABSOLUTE
    _printf_return_value                     0x00000000   Number         0  printf_stubs.o ABSOLUTE
    _printf_sizespec                         0x00000000   Number         0  printf_stubs.o ABSOLUTE
    _printf_widthprec                        0x00000000   Number         0  printf_stubs.o ABSOLUTE
    __ARM_exceptions_init                     - Undefined Weak Reference
    __alloca_initialize                       - Undefined Weak Reference
    __arm_preinit_                            - Undefined Weak Reference
    __cpp_initialize__aeabi_                  - Undefined Weak Reference
    __cxa_finalize                            - Undefined Weak Reference
    __sigvec_lookup                           - Undefined Weak Reference
    _atexit_init                              - Undefined Weak Reference
    _call_atexit_fns                          - Undefined Weak Reference
    _clock_init                               - Undefined Weak Reference
    _fp_trap_init                             - Undefined Weak Reference
    _fp_trap_shutdown                         - Undefined Weak Reference
    _get_lc_collate                           - Undefined Weak Reference
    _get_lc_ctype                             - Undefined Weak Reference
    _get_lc_monetary                          - Undefined Weak Reference
    _get_lc_time                              - Undefined Weak Reference
    _getenv_init                              - Undefined Weak Reference
    _handle_redirection                       - Undefined Weak Reference
    _init_alloc                               - Undefined Weak Reference
    _init_user_alloc                          - Undefined Weak Reference
    _initio                                   - Undefined Weak Reference
    _printf_truncate_signed                   - Undefined Weak Reference
    _printf_truncate_unsigned                 - Undefined Weak Reference
    _rand_init                                - Undefined Weak Reference
    _signal_finish                            - Undefined Weak Reference
    _signal_init                              - Undefined Weak Reference
    _terminate_alloc                          - Undefined Weak Reference
    _terminate_user_alloc                     - Undefined Weak Reference
    _terminateio                              - Undefined Weak Reference
    __Vectors_Size                           0x000001d8   Number         0  startup_stm32g431xx.o ABSOLUTE
    __Vectors                                0x08000000   Data           4  startup_stm32g431xx.o(RESET)
    __Vectors_End                            0x080001d8   Data           0  startup_stm32g431xx.o(RESET)
    __main                                   0x080001d9   Thumb Code     8  __main.o(!!!main)
    __scatterload                            0x080001e1   Thumb Code     0  __scatter.o(!!!scatter)
    __scatterload_rt2                        0x080001e1   Thumb Code    44  __scatter.o(!!!scatter)
    __scatterload_rt2_thumb_only             0x080001e1   Thumb Code     0  __scatter.o(!!!scatter)
    __scatterload_null                       0x080001ef   Thumb Code     0  __scatter.o(!!!scatter)
    __scatterload_copy                       0x08000215   Thumb Code    26  __scatter_copy.o(!!handler_copy)
    __scatterload_zeroinit                   0x08000231   Thumb Code    28  __scatter_zi.o(!!handler_zi)
    _printf_f                                0x0800024d   Thumb Code     0  _printf_f.o(.ARM.Collect$$_printf_percent$$00000003)
    _printf_percent                          0x0800024d   Thumb Code     0  _printf_percent.o(.ARM.Collect$$_printf_percent$$00000000)
    _printf_d                                0x08000253   Thumb Code     0  _printf_d.o(.ARM.Collect$$_printf_percent$$00000009)
    _printf_percent_end                      0x08000259   Thumb Code     0  _printf_percent_end.o(.ARM.Collect$$_printf_percent$$00000017)
    __rt_lib_init                            0x0800025d   Thumb Code     0  libinit.o(.ARM.Collect$$libinit$$00000000)
    __rt_lib_init_fp_1                       0x0800025f   Thumb Code     0  libinit2.o(.ARM.Collect$$libinit$$00000001)
    __rt_lib_init_heap_1                     0x08000263   Thumb Code     0  libinit2.o(.ARM.Collect$$libinit$$0000000A)
    __rt_lib_init_lc_common                  0x08000263   Thumb Code     0  libinit2.o(.ARM.Collect$$libinit$$0000000F)
    __rt_lib_init_preinit_1                  0x08000263   Thumb Code     0  libinit2.o(.ARM.Collect$$libinit$$00000004)
    __rt_lib_init_rand_1                     0x08000263   Thumb Code     0  libinit2.o(.ARM.Collect$$libinit$$0000000E)
    __rt_lib_init_user_alloc_1               0x08000263   Thumb Code     0  libinit2.o(.ARM.Collect$$libinit$$0000000C)
    __rt_lib_init_lc_collate_1               0x08000269   Thumb Code     0  libinit2.o(.ARM.Collect$$libinit$$00000011)
    __rt_lib_init_lc_ctype_1                 0x08000269   Thumb Code     0  libinit2.o(.ARM.Collect$$libinit$$00000013)
    __rt_lib_init_lc_monetary_1              0x08000269   Thumb Code     0  libinit2.o(.ARM.Collect$$libinit$$00000015)
    __rt_lib_init_lc_numeric_2               0x08000269   Thumb Code     0  libinit2.o(.ARM.Collect$$libinit$$00000016)
    __rt_lib_init_alloca_1                   0x08000273   Thumb Code     0  libinit2.o(.ARM.Collect$$libinit$$0000002E)
    __rt_lib_init_argv_1                     0x08000273   Thumb Code     0  libinit2.o(.ARM.Collect$$libinit$$0000002C)
    __rt_lib_init_atexit_1                   0x08000273   Thumb Code     0  libinit2.o(.ARM.Collect$$libinit$$0000001B)
    __rt_lib_init_clock_1                    0x08000273   Thumb Code     0  libinit2.o(.ARM.Collect$$libinit$$00000021)
    __rt_lib_init_cpp_1                      0x08000273   Thumb Code     0  libinit2.o(.ARM.Collect$$libinit$$00000032)
    __rt_lib_init_exceptions_1               0x08000273   Thumb Code     0  libinit2.o(.ARM.Collect$$libinit$$00000030)
    __rt_lib_init_fp_trap_1                  0x08000273   Thumb Code     0  libinit2.o(.ARM.Collect$$libinit$$0000001F)
    __rt_lib_init_getenv_1                   0x08000273   Thumb Code     0  libinit2.o(.ARM.Collect$$libinit$$00000023)
    __rt_lib_init_lc_numeric_1               0x08000273   Thumb Code     0  libinit2.o(.ARM.Collect$$libinit$$00000017)
    __rt_lib_init_lc_time_1                  0x08000273   Thumb Code     0  libinit2.o(.ARM.Collect$$libinit$$00000019)
    __rt_lib_init_return                     0x08000273   Thumb Code     0  libinit2.o(.ARM.Collect$$libinit$$00000033)
    __rt_lib_init_signal_1                   0x08000273   Thumb Code     0  libinit2.o(.ARM.Collect$$libinit$$0000001D)
    __rt_lib_init_stdio_1                    0x08000273   Thumb Code     0  libinit2.o(.ARM.Collect$$libinit$$00000025)
    __rt_lib_shutdown                        0x08000275   Thumb Code     0  libshutdown.o(.ARM.Collect$$libshutdown$$00000000)
    __rt_lib_shutdown_cpp_1                  0x08000277   Thumb Code     0  libshutdown2.o(.ARM.Collect$$libshutdown$$00000002)
    __rt_lib_shutdown_fp_trap_1              0x08000277   Thumb Code     0  libshutdown2.o(.ARM.Collect$$libshutdown$$00000007)
    __rt_lib_shutdown_heap_1                 0x08000277   Thumb Code     0  libshutdown2.o(.ARM.Collect$$libshutdown$$0000000F)
    __rt_lib_shutdown_return                 0x08000277   Thumb Code     0  libshutdown2.o(.ARM.Collect$$libshutdown$$00000010)
    __rt_lib_shutdown_signal_1               0x08000277   Thumb Code     0  libshutdown2.o(.ARM.Collect$$libshutdown$$0000000A)
    __rt_lib_shutdown_stdio_1                0x08000277   Thumb Code     0  libshutdown2.o(.ARM.Collect$$libshutdown$$00000004)
    __rt_lib_shutdown_user_alloc_1           0x08000277   Thumb Code     0  libshutdown2.o(.ARM.Collect$$libshutdown$$0000000C)
    __rt_entry                               0x08000279   Thumb Code     0  __rtentry.o(.ARM.Collect$$rtentry$$00000000)
    __rt_entry_presh_1                       0x08000279   Thumb Code     0  __rtentry2.o(.ARM.Collect$$rtentry$$00000002)
    __rt_entry_sh                            0x08000279   Thumb Code     0  __rtentry4.o(.ARM.Collect$$rtentry$$00000004)
    __rt_entry_li                            0x0800027f   Thumb Code     0  __rtentry2.o(.ARM.Collect$$rtentry$$0000000A)
    __rt_entry_postsh_1                      0x0800027f   Thumb Code     0  __rtentry2.o(.ARM.Collect$$rtentry$$00000009)
    __rt_entry_main                          0x08000283   Thumb Code     0  __rtentry2.o(.ARM.Collect$$rtentry$$0000000D)
    __rt_entry_postli_1                      0x08000283   Thumb Code     0  __rtentry2.o(.ARM.Collect$$rtentry$$0000000C)
    __rt_exit                                0x0800028b   Thumb Code     0  rtexit.o(.ARM.Collect$$rtexit$$00000000)
    __rt_exit_ls                             0x0800028d   Thumb Code     0  rtexit2.o(.ARM.Collect$$rtexit$$00000003)
    __rt_exit_prels_1                        0x0800028d   Thumb Code     0  rtexit2.o(.ARM.Collect$$rtexit$$00000002)
    __rt_exit_exit                           0x08000291   Thumb Code     0  rtexit2.o(.ARM.Collect$$rtexit$$00000004)
    Reset_Handler                            0x08000299   Thumb Code     8  startup_stm32g431xx.o(.text)
    ADC1_2_IRQHandler                        0x080002b3   Thumb Code     0  startup_stm32g431xx.o(.text)
    COMP1_2_3_IRQHandler                     0x080002b3   Thumb Code     0  startup_stm32g431xx.o(.text)
    COMP4_IRQHandler                         0x080002b3   Thumb Code     0  startup_stm32g431xx.o(.text)
    CORDIC_IRQHandler                        0x080002b3   Thumb Code     0  startup_stm32g431xx.o(.text)
    CRS_IRQHandler                           0x080002b3   Thumb Code     0  startup_stm32g431xx.o(.text)
    DMA1_Channel1_IRQHandler                 0x080002b3   Thumb Code     0  startup_stm32g431xx.o(.text)
    DMA1_Channel2_IRQHandler                 0x080002b3   Thumb Code     0  startup_stm32g431xx.o(.text)
    DMA1_Channel3_IRQHandler                 0x080002b3   Thumb Code     0  startup_stm32g431xx.o(.text)
    DMA1_Channel4_IRQHandler                 0x080002b3   Thumb Code     0  startup_stm32g431xx.o(.text)
    DMA1_Channel5_IRQHandler                 0x080002b3   Thumb Code     0  startup_stm32g431xx.o(.text)
    DMA1_Channel6_IRQHandler                 0x080002b3   Thumb Code     0  startup_stm32g431xx.o(.text)
    DMA2_Channel1_IRQHandler                 0x080002b3   Thumb Code     0  startup_stm32g431xx.o(.text)
    DMA2_Channel2_IRQHandler                 0x080002b3   Thumb Code     0  startup_stm32g431xx.o(.text)
    DMA2_Channel3_IRQHandler                 0x080002b3   Thumb Code     0  startup_stm32g431xx.o(.text)
    DMA2_Channel4_IRQHandler                 0x080002b3   Thumb Code     0  startup_stm32g431xx.o(.text)
    DMA2_Channel5_IRQHandler                 0x080002b3   Thumb Code     0  startup_stm32g431xx.o(.text)
    DMA2_Channel6_IRQHandler                 0x080002b3   Thumb Code     0  startup_stm32g431xx.o(.text)
    DMAMUX_OVR_IRQHandler                    0x080002b3   Thumb Code     0  startup_stm32g431xx.o(.text)
    EXTI0_IRQHandler                         0x080002b3   Thumb Code     0  startup_stm32g431xx.o(.text)
    EXTI15_10_IRQHandler                     0x080002b3   Thumb Code     0  startup_stm32g431xx.o(.text)
    EXTI1_IRQHandler                         0x080002b3   Thumb Code     0  startup_stm32g431xx.o(.text)
    EXTI2_IRQHandler                         0x080002b3   Thumb Code     0  startup_stm32g431xx.o(.text)
    EXTI3_IRQHandler                         0x080002b3   Thumb Code     0  startup_stm32g431xx.o(.text)
    EXTI4_IRQHandler                         0x080002b3   Thumb Code     0  startup_stm32g431xx.o(.text)
    EXTI9_5_IRQHandler                       0x080002b3   Thumb Code     0  startup_stm32g431xx.o(.text)
    FDCAN1_IT0_IRQHandler                    0x080002b3   Thumb Code     0  startup_stm32g431xx.o(.text)
    FDCAN1_IT1_IRQHandler                    0x080002b3   Thumb Code     0  startup_stm32g431xx.o(.text)
    FLASH_IRQHandler                         0x080002b3   Thumb Code     0  startup_stm32g431xx.o(.text)
    FMAC_IRQHandler                          0x080002b3   Thumb Code     0  startup_stm32g431xx.o(.text)
    FPU_IRQHandler                           0x080002b3   Thumb Code     0  startup_stm32g431xx.o(.text)
    I2C1_ER_IRQHandler                       0x080002b3   Thumb Code     0  startup_stm32g431xx.o(.text)
    I2C1_EV_IRQHandler                       0x080002b3   Thumb Code     0  startup_stm32g431xx.o(.text)
    I2C2_ER_IRQHandler                       0x080002b3   Thumb Code     0  startup_stm32g431xx.o(.text)
    I2C2_EV_IRQHandler                       0x080002b3   Thumb Code     0  startup_stm32g431xx.o(.text)
    I2C3_ER_IRQHandler                       0x080002b3   Thumb Code     0  startup_stm32g431xx.o(.text)
    I2C3_EV_IRQHandler                       0x080002b3   Thumb Code     0  startup_stm32g431xx.o(.text)
    LPTIM1_IRQHandler                        0x080002b3   Thumb Code     0  startup_stm32g431xx.o(.text)
    LPUART1_IRQHandler                       0x080002b3   Thumb Code     0  startup_stm32g431xx.o(.text)
    PVD_PVM_IRQHandler                       0x080002b3   Thumb Code     0  startup_stm32g431xx.o(.text)
    RCC_IRQHandler                           0x080002b3   Thumb Code     0  startup_stm32g431xx.o(.text)
    RNG_IRQHandler                           0x080002b3   Thumb Code     0  startup_stm32g431xx.o(.text)
    RTC_Alarm_IRQHandler                     0x080002b3   Thumb Code     0  startup_stm32g431xx.o(.text)
    RTC_TAMP_LSECSS_IRQHandler               0x080002b3   Thumb Code     0  startup_stm32g431xx.o(.text)
    RTC_WKUP_IRQHandler                      0x080002b3   Thumb Code     0  startup_stm32g431xx.o(.text)
    SAI1_IRQHandler                          0x080002b3   Thumb Code     0  startup_stm32g431xx.o(.text)
    SPI1_IRQHandler                          0x080002b3   Thumb Code     0  startup_stm32g431xx.o(.text)
    SPI2_IRQHandler                          0x080002b3   Thumb Code     0  startup_stm32g431xx.o(.text)
    SPI3_IRQHandler                          0x080002b3   Thumb Code     0  startup_stm32g431xx.o(.text)
    TIM1_BRK_TIM15_IRQHandler                0x080002b3   Thumb Code     0  startup_stm32g431xx.o(.text)
    TIM1_CC_IRQHandler                       0x080002b3   Thumb Code     0  startup_stm32g431xx.o(.text)
    TIM1_TRG_COM_TIM17_IRQHandler            0x080002b3   Thumb Code     0  startup_stm32g431xx.o(.text)
    TIM1_UP_TIM16_IRQHandler                 0x080002b3   Thumb Code     0  startup_stm32g431xx.o(.text)
    TIM2_IRQHandler                          0x080002b3   Thumb Code     0  startup_stm32g431xx.o(.text)
    TIM3_IRQHandler                          0x080002b3   Thumb Code     0  startup_stm32g431xx.o(.text)
    TIM4_IRQHandler                          0x080002b3   Thumb Code     0  startup_stm32g431xx.o(.text)
    TIM6_DAC_IRQHandler                      0x080002b3   Thumb Code     0  startup_stm32g431xx.o(.text)
    TIM7_DAC_IRQHandler                      0x080002b3   Thumb Code     0  startup_stm32g431xx.o(.text)
    TIM8_BRK_IRQHandler                      0x080002b3   Thumb Code     0  startup_stm32g431xx.o(.text)
    TIM8_CC_IRQHandler                       0x080002b3   Thumb Code     0  startup_stm32g431xx.o(.text)
    TIM8_TRG_COM_IRQHandler                  0x080002b3   Thumb Code     0  startup_stm32g431xx.o(.text)
    TIM8_UP_IRQHandler                       0x080002b3   Thumb Code     0  startup_stm32g431xx.o(.text)
    UART4_IRQHandler                         0x080002b3   Thumb Code     0  startup_stm32g431xx.o(.text)
    UCPD1_IRQHandler                         0x080002b3   Thumb Code     0  startup_stm32g431xx.o(.text)
    USART2_IRQHandler                        0x080002b3   Thumb Code     0  startup_stm32g431xx.o(.text)
    USART3_IRQHandler                        0x080002b3   Thumb Code     0  startup_stm32g431xx.o(.text)
    USBWakeUp_IRQHandler                     0x080002b3   Thumb Code     0  startup_stm32g431xx.o(.text)
    USB_HP_IRQHandler                        0x080002b3   Thumb Code     0  startup_stm32g431xx.o(.text)
    USB_LP_IRQHandler                        0x080002b3   Thumb Code     0  startup_stm32g431xx.o(.text)
    WWDG_IRQHandler                          0x080002b3   Thumb Code     0  startup_stm32g431xx.o(.text)
    __user_initial_stackheap                 0x080002b5   Thumb Code     0  startup_stm32g431xx.o(.text)
    __aeabi_uldivmod                         0x080002d9   Thumb Code     0  lludivv7m.o(.text)
    _ll_udiv                                 0x080002d9   Thumb Code   238  lludivv7m.o(.text)
    __2sprintf                               0x080003c9   Thumb Code    34  noretval__2sprintf.o(.text)
    _printf_pre_padding                      0x080003f1   Thumb Code    44  _printf_pad.o(.text)
    _printf_post_padding                     0x0800041d   Thumb Code    34  _printf_pad.o(.text)
    _printf_int_dec                          0x08000441   Thumb Code   104  _printf_dec.o(.text)
    __printf                                 0x080004b9   Thumb Code   270  __printf_wp.o(.text)
    strlen                                   0x080005c7   Thumb Code    62  strlen.o(.text)
    __aeabi_memclr4                          0x08000605   Thumb Code     0  rt_memclr_w.o(.text)
    __aeabi_memclr8                          0x08000605   Thumb Code     0  rt_memclr_w.o(.text)
    __rt_memclr_w                            0x08000605   Thumb Code    78  rt_memclr_w.o(.text)
    _memset_w                                0x08000609   Thumb Code     0  rt_memclr_w.o(.text)
    __use_two_region_memory                  0x08000653   Thumb Code     2  heapauxi.o(.text)
    __rt_heap_escrow$2region                 0x08000655   Thumb Code     2  heapauxi.o(.text)
    __rt_heap_expand$2region                 0x08000657   Thumb Code     2  heapauxi.o(.text)
    _printf_int_common                       0x08000659   Thumb Code   178  _printf_intcommon.o(.text)
    __lib_sel_fp_printf                      0x0800070b   Thumb Code     2  _printf_fp_dec.o(.text)
    _printf_fp_dec_real                      0x080008bd   Thumb Code   620  _printf_fp_dec.o(.text)
    _printf_char_common                      0x08000b33   Thumb Code    32  _printf_char_common.o(.text)
    _sputc                                   0x08000b59   Thumb Code    10  _sputc.o(.text)
    __rt_locale                              0x08000b65   Thumb Code     8  rt_locale_intlibspace.o(.text)
    _ll_udiv10                               0x08000b6d   Thumb Code   138  lludiv10.o(.text)
    _printf_fp_infnan                        0x08000bf9   Thumb Code   112  _printf_fp_infnan.o(.text)
    _btod_etento                             0x08000c79   Thumb Code   224  bigflt0.o(.text)
    __user_libspace                          0x08000d5d   Thumb Code     8  libspace.o(.text)
    __user_perproc_libspace                  0x08000d5d   Thumb Code     0  libspace.o(.text)
    __user_perthread_libspace                0x08000d5d   Thumb Code     0  libspace.o(.text)
    __user_setup_stackheap                   0x08000d65   Thumb Code    74  sys_stackheap_outer.o(.text)
    exit                                     0x08000daf   Thumb Code    18  exit.o(.text)
    strcmp                                   0x08000dc1   Thumb Code   128  strcmpv7m.o(.text)
    _sys_exit                                0x08000e41   Thumb Code     8  sys_exit.o(.text)
    __I$use$semihosting                      0x08000e4d   Thumb Code     0  use_no_semi.o(.text)
    __use_no_semihosting_swi                 0x08000e4d   Thumb Code     2  use_no_semi.o(.text)
    __semihosting_library_function           0x08000e4f   Thumb Code     0  indicate_semi.o(.text)
    _btod_d2e                                0x08000e4f   Thumb Code    62  btod.o(CL$$btod_d2e)
    _d2e_denorm_low                          0x08000e8d   Thumb Code    70  btod.o(CL$$btod_d2e_denorm_low)
    _d2e_norm_op1                            0x08000ed3   Thumb Code    96  btod.o(CL$$btod_d2e_norm_op1)
    __btod_div_common                        0x08000f33   Thumb Code   696  btod.o(CL$$btod_div_common)
    _e2e                                     0x0800126b   Thumb Code   220  btod.o(CL$$btod_e2e)
    _btod_ediv                               0x08001347   Thumb Code    42  btod.o(CL$$btod_ediv)
    _btod_emul                               0x08001371   Thumb Code    42  btod.o(CL$$btod_emul)
    __btod_mult_common                       0x0800139b   Thumb Code   580  btod.o(CL$$btod_mult_common)
    ADC2_Init                                0x080015e1   Thumb Code   112  bsp_adc.o(i.ADC2_Init)
    ADC_Enable                               0x0800165d   Thumb Code   110  stm32g4xx_hal_adc.o(i.ADC_Enable)
    BusFault_Handler                         0x080016d1   Thumb Code     2  stm32g4xx_it.o(i.BusFault_Handler)
    Data_Collect_Proc                        0x080016d5   Thumb Code   250  main.o(i.Data_Collect_Proc)
    DebugMon_Handler                         0x08001819   Thumb Code     2  stm32g4xx_it.o(i.DebugMon_Handler)
    Delay_LCD                                0x0800181b   Thumb Code    28  bsp_lcd.o(i.Delay_LCD)
    Error_Handler                            0x08001837   Thumb Code     4  main.o(i.Error_Handler)
    HAL_ADC_ConfigChannel                    0x0800183d   Thumb Code  1006  stm32g4xx_hal_adc.o(i.HAL_ADC_ConfigChannel)
    HAL_ADC_GetValue                         0x08001c61   Thumb Code     6  stm32g4xx_hal_adc.o(i.HAL_ADC_GetValue)
    HAL_ADC_Init                             0x08001c69   Thumb Code   476  stm32g4xx_hal_adc.o(i.HAL_ADC_Init)
    HAL_ADC_MspInit                          0x08001e65   Thumb Code   146  bsp_adc.o(i.HAL_ADC_MspInit)
    HAL_ADC_Start                            0x08001f09   Thumb Code   230  stm32g4xx_hal_adc.o(i.HAL_ADC_Start)
    HAL_DMA_Abort                            0x08001ffd   Thumb Code   106  stm32g4xx_hal_dma.o(i.HAL_DMA_Abort)
    HAL_DMA_Abort_IT                         0x08002067   Thumb Code   120  stm32g4xx_hal_dma.o(i.HAL_DMA_Abort_IT)
    HAL_Delay                                0x080020e1   Thumb Code    32  stm32g4xx_hal.o(i.HAL_Delay)
    HAL_GPIO_Init                            0x08002105   Thumb Code   422  stm32g4xx_hal_gpio.o(i.HAL_GPIO_Init)
    HAL_GPIO_ReadPin                         0x080022cd   Thumb Code    10  stm32g4xx_hal_gpio.o(i.HAL_GPIO_ReadPin)
    HAL_GPIO_WritePin                        0x080022d7   Thumb Code    10  stm32g4xx_hal_gpio.o(i.HAL_GPIO_WritePin)
    HAL_GetTick                              0x080022e1   Thumb Code     6  stm32g4xx_hal.o(i.HAL_GetTick)
    HAL_IncTick                              0x080022ed   Thumb Code    12  stm32g4xx_hal.o(i.HAL_IncTick)
    HAL_Init                                 0x080022fd   Thumb Code    30  stm32g4xx_hal.o(i.HAL_Init)
    HAL_InitTick                             0x0800231d   Thumb Code    58  stm32g4xx_hal.o(i.HAL_InitTick)
    HAL_MspInit                              0x08002361   Thumb Code    42  stm32g4xx_hal_msp.o(i.HAL_MspInit)
    HAL_NVIC_EnableIRQ                       0x08002391   Thumb Code    26  stm32g4xx_hal_cortex.o(i.HAL_NVIC_EnableIRQ)
    HAL_NVIC_SetPriority                     0x080023ad   Thumb Code    60  stm32g4xx_hal_cortex.o(i.HAL_NVIC_SetPriority)
    HAL_NVIC_SetPriorityGrouping             0x080023ed   Thumb Code    26  stm32g4xx_hal_cortex.o(i.HAL_NVIC_SetPriorityGrouping)
    HAL_PWREx_ControlVoltageScaling          0x08002411   Thumb Code   174  stm32g4xx_hal_pwr_ex.o(i.HAL_PWREx_ControlVoltageScaling)
    HAL_PWREx_DisableUCPDDeadBattery         0x080024cd   Thumb Code    12  stm32g4xx_hal_pwr_ex.o(i.HAL_PWREx_DisableUCPDDeadBattery)
    HAL_RCCEx_PeriphCLKConfig                0x080024dd   Thumb Code   638  stm32g4xx_hal_rcc_ex.o(i.HAL_RCCEx_PeriphCLKConfig)
    HAL_RCC_ClockConfig                      0x08002765   Thumb Code   444  stm32g4xx_hal_rcc.o(i.HAL_RCC_ClockConfig)
    HAL_RCC_GetPCLK1Freq                     0x08002941   Thumb Code    24  stm32g4xx_hal_rcc.o(i.HAL_RCC_GetPCLK1Freq)
    HAL_RCC_GetPCLK2Freq                     0x08002965   Thumb Code    24  stm32g4xx_hal_rcc.o(i.HAL_RCC_GetPCLK2Freq)
    HAL_RCC_GetSysClockFreq                  0x08002989   Thumb Code    98  stm32g4xx_hal_rcc.o(i.HAL_RCC_GetSysClockFreq)
    HAL_RCC_OscConfig                        0x080029f9   Thumb Code  1036  stm32g4xx_hal_rcc.o(i.HAL_RCC_OscConfig)
    HAL_SYSTICK_Config                       0x08002e05   Thumb Code    40  stm32g4xx_hal_cortex.o(i.HAL_SYSTICK_Config)
    HAL_UARTEx_DisableFifoMode               0x08002e2d   Thumb Code    62  stm32g4xx_hal_uart_ex.o(i.HAL_UARTEx_DisableFifoMode)
    HAL_UARTEx_RxEventCallback               0x08002e6b   Thumb Code     2  stm32g4xx_hal_uart.o(i.HAL_UARTEx_RxEventCallback)
    HAL_UARTEx_RxFifoFullCallback            0x08002e6d   Thumb Code     2  stm32g4xx_hal_uart_ex.o(i.HAL_UARTEx_RxFifoFullCallback)
    HAL_UARTEx_SetRxFifoThreshold            0x08002e6f   Thumb Code    76  stm32g4xx_hal_uart_ex.o(i.HAL_UARTEx_SetRxFifoThreshold)
    HAL_UARTEx_SetTxFifoThreshold            0x08002ebb   Thumb Code    76  stm32g4xx_hal_uart_ex.o(i.HAL_UARTEx_SetTxFifoThreshold)
    HAL_UARTEx_TxFifoEmptyCallback           0x08002f07   Thumb Code     2  stm32g4xx_hal_uart_ex.o(i.HAL_UARTEx_TxFifoEmptyCallback)
    HAL_UARTEx_WakeupCallback                0x08002f09   Thumb Code     2  stm32g4xx_hal_uart_ex.o(i.HAL_UARTEx_WakeupCallback)
    HAL_UART_ErrorCallback                   0x08002f0b   Thumb Code     2  stm32g4xx_hal_uart.o(i.HAL_UART_ErrorCallback)
    HAL_UART_IRQHandler                      0x08002f0d   Thumb Code   632  stm32g4xx_hal_uart.o(i.HAL_UART_IRQHandler)
    HAL_UART_Init                            0x08003191   Thumb Code   106  stm32g4xx_hal_uart.o(i.HAL_UART_Init)
    HAL_UART_MspInit                         0x080031fd   Thumb Code   106  bsp_uart.o(i.HAL_UART_MspInit)
    HAL_UART_Receive_IT                      0x08003271   Thumb Code    70  stm32g4xx_hal_uart.o(i.HAL_UART_Receive_IT)
    HAL_UART_RxCpltCallback                  0x080032bd   Thumb Code    90  main.o(i.HAL_UART_RxCpltCallback)
    HAL_UART_Transmit                        0x0800334d   Thumb Code   188  stm32g4xx_hal_uart.o(i.HAL_UART_Transmit)
    HAL_UART_TxCpltCallback                  0x08003409   Thumb Code     2  stm32g4xx_hal_uart.o(i.HAL_UART_TxCpltCallback)
    HardFault_Handler                        0x0800340b   Thumb Code     2  stm32g4xx_it.o(i.HardFault_Handler)
    I2CInit                                  0x0800340d   Thumb Code    38  bsp_i2c.o(i.I2CInit)
    I2CReceiveByte                           0x08003439   Thumb Code    78  bsp_i2c.o(i.I2CReceiveByte)
    I2CSendAck                               0x08003487   Thumb Code    48  bsp_i2c.o(i.I2CSendAck)
    I2CSendByte                              0x080034b7   Thumb Code    78  bsp_i2c.o(i.I2CSendByte)
    I2CSendNotAck                            0x08003505   Thumb Code    48  bsp_i2c.o(i.I2CSendNotAck)
    I2CStart                                 0x08003535   Thumb Code    54  bsp_i2c.o(i.I2CStart)
    I2CStop                                  0x0800356b   Thumb Code    54  bsp_i2c.o(i.I2CStop)
    I2CWaitAck                               0x080035a1   Thumb Code    78  bsp_i2c.o(i.I2CWaitAck)
    KEY_LED_Init                             0x080035f1   Thumb Code   232  bsp_key_led.o(i.KEY_LED_Init)
    Key_Proc                                 0x080036e9   Thumb Code   306  main.o(i.Key_Proc)
    Key_Scan                                 0x0800383d   Thumb Code    60  bsp_key_led.o(i.Key_Scan)
    LCD_BusIn                                0x0800387d   Thumb Code    40  bsp_lcd.o(i.LCD_BusIn)
    LCD_BusOut                               0x080038a9   Thumb Code    42  bsp_lcd.o(i.LCD_BusOut)
    LCD_Clear                                0x080038d9   Thumb Code    36  bsp_lcd.o(i.LCD_Clear)
    LCD_CtrlLinesConfig                      0x080038fd   Thumb Code   136  bsp_lcd.o(i.LCD_CtrlLinesConfig)
    LCD_DisplayChar                          0x0800398d   Thumb Code    18  bsp_lcd.o(i.LCD_DisplayChar)
    LCD_DisplayStringLine                    0x080039a5   Thumb Code    42  bsp_lcd.o(i.LCD_DisplayStringLine)
    LCD_DrawChar                             0x080039d1   Thumb Code    84  bsp_lcd.o(i.LCD_DrawChar)
    LCD_Init                                 0x08003a29   Thumb Code    46  bsp_lcd.o(i.LCD_Init)
    LCD_ReadReg                              0x08003a5d   Thumb Code   120  bsp_lcd.o(i.LCD_ReadReg)
    LCD_SetBackColor                         0x08003add   Thumb Code    12  bsp_lcd.o(i.LCD_SetBackColor)
    LCD_SetCursor                            0x08003aed   Thumb Code    24  bsp_lcd.o(i.LCD_SetCursor)
    LCD_SetTextColor                         0x08003b05   Thumb Code    12  bsp_lcd.o(i.LCD_SetTextColor)
    LCD_WriteRAM                             0x08003b15   Thumb Code    80  bsp_lcd.o(i.LCD_WriteRAM)
    LCD_WriteRAM_Prepare                     0x08003b6d   Thumb Code    82  bsp_lcd.o(i.LCD_WriteRAM_Prepare)
    LCD_WriteReg                             0x08003bc9   Thumb Code   100  bsp_lcd.o(i.LCD_WriteReg)
    LED_Disp                                 0x08003c35   Thumb Code    74  bsp_key_led.o(i.LED_Disp)
    Lcd_Proc                                 0x08003cd5   Thumb Code   268  main.o(i.Lcd_Proc)
    Led_Proc                                 0x08003e89   Thumb Code    96  main.o(i.Led_Proc)
    MemManage_Handler                        0x08003ef1   Thumb Code     2  stm32g4xx_it.o(i.MemManage_Handler)
    NMI_Handler                              0x08003ef3   Thumb Code     2  stm32g4xx_it.o(i.NMI_Handler)
    PendSV_Handler                           0x08003ef5   Thumb Code     2  stm32g4xx_it.o(i.PendSV_Handler)
    REG_8230_Init                            0x08003ef7   Thumb Code   274  bsp_lcd.o(i.REG_8230_Init)
    REG_932X_Init                            0x08004009   Thumb Code   514  bsp_lcd.o(i.REG_932X_Init)
    SCL_Output                               0x0800420d   Thumb Code    20  bsp_i2c.o(i.SCL_Output)
    SDA_Input                                0x08004225   Thumb Code    18  bsp_i2c.o(i.SDA_Input)
    SDA_Input_Mode                           0x0800423d   Thumb Code    40  bsp_i2c.o(i.SDA_Input_Mode)
    SDA_Output                               0x08004269   Thumb Code    20  bsp_i2c.o(i.SDA_Output)
    SDA_Output_Mode                          0x08004281   Thumb Code    40  bsp_i2c.o(i.SDA_Output_Mode)
    SVC_Handler                              0x080042ad   Thumb Code     2  stm32g4xx_it.o(i.SVC_Handler)
    SysTick_Handler                          0x080042af   Thumb Code     4  stm32g4xx_it.o(i.SysTick_Handler)
    SystemClock_Config                       0x080042b5   Thumb Code   152  bsp_rcc.o(i.SystemClock_Config)
    SystemInit                               0x08004351   Thumb Code    12  system_stm32g4xx.o(i.SystemInit)
    UART1_Init                               0x08004361   Thumb Code    94  bsp_uart.o(i.UART1_Init)
    UART_AdvFeatureConfig                    0x0800440d   Thumb Code   200  stm32g4xx_hal_uart.o(i.UART_AdvFeatureConfig)
    UART_CheckIdleState                      0x080044d5   Thumb Code    96  stm32g4xx_hal_uart.o(i.UART_CheckIdleState)
    UART_SetConfig                           0x080048f9   Thumb Code   582  stm32g4xx_hal_uart.o(i.UART_SetConfig)
    UART_Start_Receive_IT                    0x08004b6d   Thumb Code   198  stm32g4xx_hal_uart.o(i.UART_Start_Receive_IT)
    UART_WaitOnFlagUntilTimeout              0x08004c45   Thumb Code   164  stm32g4xx_hal_uart.o(i.UART_WaitOnFlagUntilTimeout)
    USART1_IRQHandler                        0x08004ce9   Thumb Code     6  stm32g4xx_it.o(i.USART1_IRQHandler)
    UsageFault_Handler                       0x08004cf5   Thumb Code     2  stm32g4xx_it.o(i.UsageFault_Handler)
    Usart_Proc                               0x08004cf9   Thumb Code    22  main.o(i.Usart_Proc)
    __ARM_fpclassify                         0x08004d19   Thumb Code    48  fpclassify.o(i.__ARM_fpclassify)
    _is_digit                                0x08004d69   Thumb Code    14  __printf_wp.o(i._is_digit)
    getADC2                                  0x08004d85   Thumb Code    18  bsp_adc.o(i.getADC2)
    iic_24c02_read                           0x08004d9d   Thumb Code    82  bsp_i2c.o(i.iic_24c02_read)
    iic_24c02_write                          0x08004df1   Thumb Code    62  bsp_i2c.o(i.iic_24c02_write)
    main                                     0x08004e31   Thumb Code   110  main.o(i.main)
    _get_lc_numeric                          0x08004ea9   Thumb Code    44  lc_numeric_c.o(locale$$code)
    __aeabi_d2f                              0x08004ed5   Thumb Code     0  d2f.o(x$fpl$d2f)
    _d2f                                     0x08004ed5   Thumb Code    98  d2f.o(x$fpl$d2f)
    __aeabi_d2uiz                            0x08004f39   Thumb Code     0  dfixu.o(x$fpl$dfixu)
    _dfixu                                   0x08004f39   Thumb Code    90  dfixu.o(x$fpl$dfixu)
    __aeabi_dmul                             0x08004f95   Thumb Code     0  dmul.o(x$fpl$dmul)
    _dmul                                    0x08004f95   Thumb Code   332  dmul.o(x$fpl$dmul)
    __fpl_dnaninf                            0x080050e9   Thumb Code   156  dnaninf.o(x$fpl$dnaninf)
    __fpl_dretinf                            0x08005185   Thumb Code    12  dretinf.o(x$fpl$dretinf)
    __aeabi_f2d                              0x08005191   Thumb Code     0  f2d.o(x$fpl$f2d)
    _f2d                                     0x08005191   Thumb Code    86  f2d.o(x$fpl$f2d)
    __fpl_fnaninf                            0x080051e7   Thumb Code   140  fnaninf.o(x$fpl$fnaninf)
    _fp_init                                 0x08005273   Thumb Code    10  fpinit.o(x$fpl$fpinit)
    __fplib_config_fpu_vfp                   0x0800527b   Thumb Code     0  fpinit.o(x$fpl$fpinit)
    __fplib_config_pureend_doubles           0x0800527b   Thumb Code     0  fpinit.o(x$fpl$fpinit)
    __fpl_fretinf                            0x0800527d   Thumb Code    10  fretinf.o(x$fpl$fretinf)
    _printf_fp_dec                           0x08005287   Thumb Code     4  printf1.o(x$fpl$printf1)
    ASCII_Table                              0x0800528a   Data        4560  bsp_lcd.o(.constdata)
    __I$use$fp                               0x0800528a   Number         0  usenofp.o(x$fpl$usenofp)
    UARTPrescTable                           0x0800645a   Data          24  stm32g4xx_hal_uart.o(.constdata)
    AHBPrescTable                            0x08006482   Data          16  system_stm32g4xx.o(.constdata)
    APBPrescTable                            0x08006492   Data           8  system_stm32g4xx.o(.constdata)
    Region$$Table$$Base                      0x08006530   Number         0  anon$$obj.o(Region$$Table)
    Region$$Table$$Limit                     0x08006550   Number         0  anon$$obj.o(Region$$Table)
    Buling_Times                             0x20000000   Data           1  main.o(.data)
    Buling_Times_Uart                        0x20000001   Data           1  main.o(.data)
    ucKey_Val                                0x20000002   Data           1  main.o(.data)
    unKey_Down                               0x20000003   Data           1  main.o(.data)
    ucKey_Up                                 0x20000004   Data           1  main.o(.data)
    ucKey_Old                                0x20000005   Data           1  main.o(.data)
    ucLed                                    0x20000006   Data           1  main.o(.data)
    rx_buffer                                0x20000007   Data           1  main.o(.data)
    Interface_Num                            0x20000008   Data           1  main.o(.data)
    AD_Ctrl_Num                              0x20000009   Data           1  main.o(.data)
    Height                                   0x2000000a   Data           1  main.o(.data)
    Level                                    0x2000000b   Data           1  main.o(.data)
    Level_Old                                0x2000000c   Data           1  main.o(.data)
    Level_Change_Flag                        0x2000000d   Data           1  main.o(.data)
    Uart_Get_Data                            0x2000000e   Data           1  main.o(.data)
    Compare_Level_Disp                       0x2000000f   Data           3  main.o(.data)
    Compare_Level_Ctrl                       0x20000012   Data           3  main.o(.data)
    uwTick_Key_Set_Point                     0x20000018   Data           4  main.o(.data)
    uwTick_Led_Set_Point                     0x2000001c   Data           4  main.o(.data)
    uwTick_Lcd_Set_Point                     0x20000020   Data           4  main.o(.data)
    uwTick_Usart_Set_Point                   0x20000024   Data           4  main.o(.data)
    uwTick_Data_Set_Point                    0x20000028   Data           4  main.o(.data)
    SUM_AD_R37                               0x2000002c   Data           4  main.o(.data)
    AVE_AD_R37                               0x20000030   Data           4  main.o(.data)
    dummy                                    0x20000038   Data           2  bsp_lcd.o(.data)
    uwTickPrio                               0x20000040   Data           4  stm32g4xx_hal.o(.data)
    uwTickFreq                               0x20000044   Data           4  stm32g4xx_hal.o(.data)
    uwTick                                   0x20000048   Data           4  stm32g4xx_hal.o(.data)
    SystemCoreClock                          0x2000004c   Data           4  system_stm32g4xx.o(.data)
    Lcd_Disp_String                          0x20000050   Data          21  main.o(.bss)
    str                                      0x20000065   Data          40  main.o(.bss)
    huart1                                   0x20000090   Data         144  bsp_uart.o(.bss)
    hadc1                                    0x20000120   Data         108  bsp_adc.o(.bss)
    hadc2                                    0x2000018c   Data         108  bsp_adc.o(.bss)
    __libspace_start                         0x200001f8   Data          96  libspace.o(.bss)
    __temporary_stack_top$libspace           0x20000258   Data           0  libspace.o(.bss)



==============================================================================

Memory Map of the image

  Image Entry point : 0x080001d9

  Load Region LR_IROM1 (Base: 0x08000000, Size: 0x000065bc, Max: 0x00020000, ABSOLUTE)

    Execution Region ER_IROM1 (Exec base: 0x08000000, Load base: 0x08000000, Size: 0x0000656c, Max: 0x00020000, ABSOLUTE)

    Exec Addr    Load Addr    Size         Type   Attr      Idx    E Section Name        Object

    0x08000000   0x08000000   0x000001d8   Data   RO         3345    RESET               startup_stm32g431xx.o
    0x080001d8   0x080001d8   0x00000008   Code   RO         3393  * !!!main             c_w.l(__main.o)
    0x080001e0   0x080001e0   0x00000034   Code   RO         3635    !!!scatter          c_w.l(__scatter.o)
    0x08000214   0x08000214   0x0000001a   Code   RO         3637    !!handler_copy      c_w.l(__scatter_copy.o)
    0x0800022e   0x0800022e   0x00000002   PAD
    0x08000230   0x08000230   0x0000001c   Code   RO         3639    !!handler_zi        c_w.l(__scatter_zi.o)
    0x0800024c   0x0800024c   0x00000000   Code   RO         3386    .ARM.Collect$$_printf_percent$$00000000  c_w.l(_printf_percent.o)
    0x0800024c   0x0800024c   0x00000006   Code   RO         3385    .ARM.Collect$$_printf_percent$$00000003  c_w.l(_printf_f.o)
    0x08000252   0x08000252   0x00000006   Code   RO         3384    .ARM.Collect$$_printf_percent$$00000009  c_w.l(_printf_d.o)
    0x08000258   0x08000258   0x00000004   Code   RO         3420    .ARM.Collect$$_printf_percent$$00000017  c_w.l(_printf_percent_end.o)
    0x0800025c   0x0800025c   0x00000002   Code   RO         3508    .ARM.Collect$$libinit$$00000000  c_w.l(libinit.o)
    0x0800025e   0x0800025e   0x00000004   Code   RO         3509    .ARM.Collect$$libinit$$00000001  c_w.l(libinit2.o)
    0x08000262   0x08000262   0x00000000   Code   RO         3512    .ARM.Collect$$libinit$$00000004  c_w.l(libinit2.o)
    0x08000262   0x08000262   0x00000000   Code   RO         3515    .ARM.Collect$$libinit$$0000000A  c_w.l(libinit2.o)
    0x08000262   0x08000262   0x00000000   Code   RO         3517    .ARM.Collect$$libinit$$0000000C  c_w.l(libinit2.o)
    0x08000262   0x08000262   0x00000000   Code   RO         3519    .ARM.Collect$$libinit$$0000000E  c_w.l(libinit2.o)
    0x08000262   0x08000262   0x00000006   Code   RO         3520    .ARM.Collect$$libinit$$0000000F  c_w.l(libinit2.o)
    0x08000268   0x08000268   0x00000000   Code   RO         3522    .ARM.Collect$$libinit$$00000011  c_w.l(libinit2.o)
    0x08000268   0x08000268   0x00000000   Code   RO         3524    .ARM.Collect$$libinit$$00000013  c_w.l(libinit2.o)
    0x08000268   0x08000268   0x00000000   Code   RO         3526    .ARM.Collect$$libinit$$00000015  c_w.l(libinit2.o)
    0x08000268   0x08000268   0x0000000a   Code   RO         3527    .ARM.Collect$$libinit$$00000016  c_w.l(libinit2.o)
    0x08000272   0x08000272   0x00000000   Code   RO         3528    .ARM.Collect$$libinit$$00000017  c_w.l(libinit2.o)
    0x08000272   0x08000272   0x00000000   Code   RO         3530    .ARM.Collect$$libinit$$00000019  c_w.l(libinit2.o)
    0x08000272   0x08000272   0x00000000   Code   RO         3532    .ARM.Collect$$libinit$$0000001B  c_w.l(libinit2.o)
    0x08000272   0x08000272   0x00000000   Code   RO         3534    .ARM.Collect$$libinit$$0000001D  c_w.l(libinit2.o)
    0x08000272   0x08000272   0x00000000   Code   RO         3536    .ARM.Collect$$libinit$$0000001F  c_w.l(libinit2.o)
    0x08000272   0x08000272   0x00000000   Code   RO         3538    .ARM.Collect$$libinit$$00000021  c_w.l(libinit2.o)
    0x08000272   0x08000272   0x00000000   Code   RO         3540    .ARM.Collect$$libinit$$00000023  c_w.l(libinit2.o)
    0x08000272   0x08000272   0x00000000   Code   RO         3542    .ARM.Collect$$libinit$$00000025  c_w.l(libinit2.o)
    0x08000272   0x08000272   0x00000000   Code   RO         3546    .ARM.Collect$$libinit$$0000002C  c_w.l(libinit2.o)
    0x08000272   0x08000272   0x00000000   Code   RO         3548    .ARM.Collect$$libinit$$0000002E  c_w.l(libinit2.o)
    0x08000272   0x08000272   0x00000000   Code   RO         3550    .ARM.Collect$$libinit$$00000030  c_w.l(libinit2.o)
    0x08000272   0x08000272   0x00000000   Code   RO         3552    .ARM.Collect$$libinit$$00000032  c_w.l(libinit2.o)
    0x08000272   0x08000272   0x00000002   Code   RO         3553    .ARM.Collect$$libinit$$00000033  c_w.l(libinit2.o)
    0x08000274   0x08000274   0x00000002   Code   RO         3600    .ARM.Collect$$libshutdown$$00000000  c_w.l(libshutdown.o)
    0x08000276   0x08000276   0x00000000   Code   RO         3618    .ARM.Collect$$libshutdown$$00000002  c_w.l(libshutdown2.o)
    0x08000276   0x08000276   0x00000000   Code   RO         3620    .ARM.Collect$$libshutdown$$00000004  c_w.l(libshutdown2.o)
    0x08000276   0x08000276   0x00000000   Code   RO         3623    .ARM.Collect$$libshutdown$$00000007  c_w.l(libshutdown2.o)
    0x08000276   0x08000276   0x00000000   Code   RO         3626    .ARM.Collect$$libshutdown$$0000000A  c_w.l(libshutdown2.o)
    0x08000276   0x08000276   0x00000000   Code   RO         3628    .ARM.Collect$$libshutdown$$0000000C  c_w.l(libshutdown2.o)
    0x08000276   0x08000276   0x00000000   Code   RO         3631    .ARM.Collect$$libshutdown$$0000000F  c_w.l(libshutdown2.o)
    0x08000276   0x08000276   0x00000002   Code   RO         3632    .ARM.Collect$$libshutdown$$00000010  c_w.l(libshutdown2.o)
    0x08000278   0x08000278   0x00000000   Code   RO         3407    .ARM.Collect$$rtentry$$00000000  c_w.l(__rtentry.o)
    0x08000278   0x08000278   0x00000000   Code   RO         3431    .ARM.Collect$$rtentry$$00000002  c_w.l(__rtentry2.o)
    0x08000278   0x08000278   0x00000006   Code   RO         3443    .ARM.Collect$$rtentry$$00000004  c_w.l(__rtentry4.o)
    0x0800027e   0x0800027e   0x00000000   Code   RO         3433    .ARM.Collect$$rtentry$$00000009  c_w.l(__rtentry2.o)
    0x0800027e   0x0800027e   0x00000004   Code   RO         3434    .ARM.Collect$$rtentry$$0000000A  c_w.l(__rtentry2.o)
    0x08000282   0x08000282   0x00000000   Code   RO         3436    .ARM.Collect$$rtentry$$0000000C  c_w.l(__rtentry2.o)
    0x08000282   0x08000282   0x00000008   Code   RO         3437    .ARM.Collect$$rtentry$$0000000D  c_w.l(__rtentry2.o)
    0x0800028a   0x0800028a   0x00000002   Code   RO         3554    .ARM.Collect$$rtexit$$00000000  c_w.l(rtexit.o)
    0x0800028c   0x0800028c   0x00000000   Code   RO         3569    .ARM.Collect$$rtexit$$00000002  c_w.l(rtexit2.o)
    0x0800028c   0x0800028c   0x00000004   Code   RO         3570    .ARM.Collect$$rtexit$$00000003  c_w.l(rtexit2.o)
    0x08000290   0x08000290   0x00000006   Code   RO         3571    .ARM.Collect$$rtexit$$00000004  c_w.l(rtexit2.o)
    0x08000296   0x08000296   0x00000002   PAD
    0x08000298   0x08000298   0x00000040   Code   RO         3346    .text               startup_stm32g431xx.o
    0x080002d8   0x080002d8   0x000000ee   Code   RO         3352    .text               c_w.l(lludivv7m.o)
    0x080003c6   0x080003c6   0x00000002   PAD
    0x080003c8   0x080003c8   0x00000028   Code   RO         3356    .text               c_w.l(noretval__2sprintf.o)
    0x080003f0   0x080003f0   0x0000004e   Code   RO         3360    .text               c_w.l(_printf_pad.o)
    0x0800043e   0x0800043e   0x00000002   PAD
    0x08000440   0x08000440   0x00000078   Code   RO         3362    .text               c_w.l(_printf_dec.o)
    0x080004b8   0x080004b8   0x0000010e   Code   RO         3372    .text               c_w.l(__printf_wp.o)
    0x080005c6   0x080005c6   0x0000003e   Code   RO         3387    .text               c_w.l(strlen.o)
    0x08000604   0x08000604   0x0000004e   Code   RO         3389    .text               c_w.l(rt_memclr_w.o)
    0x08000652   0x08000652   0x00000006   Code   RO         3391    .text               c_w.l(heapauxi.o)
    0x08000658   0x08000658   0x000000b2   Code   RO         3412    .text               c_w.l(_printf_intcommon.o)
    0x0800070a   0x0800070a   0x0000041e   Code   RO         3414    .text               c_w.l(_printf_fp_dec.o)
    0x08000b28   0x08000b28   0x00000030   Code   RO         3416    .text               c_w.l(_printf_char_common.o)
    0x08000b58   0x08000b58   0x0000000a   Code   RO         3418    .text               c_w.l(_sputc.o)
    0x08000b62   0x08000b62   0x00000002   PAD
    0x08000b64   0x08000b64   0x00000008   Code   RO         3450    .text               c_w.l(rt_locale_intlibspace.o)
    0x08000b6c   0x08000b6c   0x0000008a   Code   RO         3452    .text               c_w.l(lludiv10.o)
    0x08000bf6   0x08000bf6   0x00000002   PAD
    0x08000bf8   0x08000bf8   0x00000080   Code   RO         3454    .text               c_w.l(_printf_fp_infnan.o)
    0x08000c78   0x08000c78   0x000000e4   Code   RO         3458    .text               c_w.l(bigflt0.o)
    0x08000d5c   0x08000d5c   0x00000008   Code   RO         3490    .text               c_w.l(libspace.o)
    0x08000d64   0x08000d64   0x0000004a   Code   RO         3493    .text               c_w.l(sys_stackheap_outer.o)
    0x08000dae   0x08000dae   0x00000012   Code   RO         3495    .text               c_w.l(exit.o)
    0x08000dc0   0x08000dc0   0x00000080   Code   RO         3501    .text               c_w.l(strcmpv7m.o)
    0x08000e40   0x08000e40   0x0000000c   Code   RO         3566    .text               c_w.l(sys_exit.o)
    0x08000e4c   0x08000e4c   0x00000002   Code   RO         3587    .text               c_w.l(use_no_semi.o)
    0x08000e4e   0x08000e4e   0x00000000   Code   RO         3589    .text               c_w.l(indicate_semi.o)
    0x08000e4e   0x08000e4e   0x0000003e   Code   RO         3461    CL$$btod_d2e        c_w.l(btod.o)
    0x08000e8c   0x08000e8c   0x00000046   Code   RO         3463    CL$$btod_d2e_denorm_low  c_w.l(btod.o)
    0x08000ed2   0x08000ed2   0x00000060   Code   RO         3462    CL$$btod_d2e_norm_op1  c_w.l(btod.o)
    0x08000f32   0x08000f32   0x00000338   Code   RO         3471    CL$$btod_div_common  c_w.l(btod.o)
    0x0800126a   0x0800126a   0x000000dc   Code   RO         3468    CL$$btod_e2e        c_w.l(btod.o)
    0x08001346   0x08001346   0x0000002a   Code   RO         3465    CL$$btod_ediv       c_w.l(btod.o)
    0x08001370   0x08001370   0x0000002a   Code   RO         3464    CL$$btod_emul       c_w.l(btod.o)
    0x0800139a   0x0800139a   0x00000244   Code   RO         3470    CL$$btod_mult_common  c_w.l(btod.o)
    0x080015de   0x080015de   0x00000002   PAD
    0x080015e0   0x080015e0   0x0000007c   Code   RO          731    i.ADC2_Init         bsp_adc.o
    0x0800165c   0x0800165c   0x00000074   Code   RO         2833    i.ADC_Enable        stm32g4xx_hal_adc.o
    0x080016d0   0x080016d0   0x00000002   Code   RO          202    i.BusFault_Handler  stm32g4xx_it.o
    0x080016d2   0x080016d2   0x00000002   PAD
    0x080016d4   0x080016d4   0x00000144   Code   RO            4    i.Data_Collect_Proc  main.o
    0x08001818   0x08001818   0x00000002   Code   RO          203    i.DebugMon_Handler  stm32g4xx_it.o
    0x0800181a   0x0800181a   0x0000001c   Code   RO          367    i.Delay_LCD         bsp_lcd.o
    0x08001836   0x08001836   0x00000004   Code   RO            5    i.Error_Handler     main.o
    0x0800183a   0x0800183a   0x00000002   PAD
    0x0800183c   0x0800183c   0x00000424   Code   RO         2835    i.HAL_ADC_ConfigChannel  stm32g4xx_hal_adc.o
    0x08001c60   0x08001c60   0x00000006   Code   RO         2842    i.HAL_ADC_GetValue  stm32g4xx_hal_adc.o
    0x08001c66   0x08001c66   0x00000002   PAD
    0x08001c68   0x08001c68   0x000001fc   Code   RO         2844    i.HAL_ADC_Init      stm32g4xx_hal_adc.o
    0x08001e64   0x08001e64   0x000000a4   Code   RO          732    i.HAL_ADC_MspInit   bsp_adc.o
    0x08001f08   0x08001f08   0x000000f4   Code   RO         2850    i.HAL_ADC_Start     stm32g4xx_hal_adc.o
    0x08001ffc   0x08001ffc   0x0000006a   Code   RO         1897    i.HAL_DMA_Abort     stm32g4xx_hal_dma.o
    0x08002066   0x08002066   0x00000078   Code   RO         1898    i.HAL_DMA_Abort_IT  stm32g4xx_hal_dma.o
    0x080020de   0x080020de   0x00000002   PAD
    0x080020e0   0x080020e0   0x00000024   Code   RO         1068    i.HAL_Delay         stm32g4xx_hal.o
    0x08002104   0x08002104   0x000001c8   Code   RO         1759    i.HAL_GPIO_Init     stm32g4xx_hal_gpio.o
    0x080022cc   0x080022cc   0x0000000a   Code   RO         1761    i.HAL_GPIO_ReadPin  stm32g4xx_hal_gpio.o
    0x080022d6   0x080022d6   0x0000000a   Code   RO         1763    i.HAL_GPIO_WritePin  stm32g4xx_hal_gpio.o
    0x080022e0   0x080022e0   0x0000000c   Code   RO         1072    i.HAL_GetTick       stm32g4xx_hal.o
    0x080022ec   0x080022ec   0x00000010   Code   RO         1075    i.HAL_IncTick       stm32g4xx_hal.o
    0x080022fc   0x080022fc   0x0000001e   Code   RO         1076    i.HAL_Init          stm32g4xx_hal.o
    0x0800231a   0x0800231a   0x00000002   PAD
    0x0800231c   0x0800231c   0x00000044   Code   RO         1077    i.HAL_InitTick      stm32g4xx_hal.o
    0x08002360   0x08002360   0x00000030   Code   RO          283    i.HAL_MspInit       stm32g4xx_hal_msp.o
    0x08002390   0x08002390   0x0000001a   Code   RO         2166    i.HAL_NVIC_EnableIRQ  stm32g4xx_hal_cortex.o
    0x080023aa   0x080023aa   0x00000002   PAD
    0x080023ac   0x080023ac   0x00000040   Code   RO         2172    i.HAL_NVIC_SetPriority  stm32g4xx_hal_cortex.o
    0x080023ec   0x080023ec   0x00000024   Code   RO         2173    i.HAL_NVIC_SetPriorityGrouping  stm32g4xx_hal_cortex.o
    0x08002410   0x08002410   0x000000bc   Code   RO          822    i.HAL_PWREx_ControlVoltageScaling  stm32g4xx_hal_pwr_ex.o
    0x080024cc   0x080024cc   0x00000010   Code   RO          834    i.HAL_PWREx_DisableUCPDDeadBattery  stm32g4xx_hal_pwr_ex.o
    0x080024dc   0x080024dc   0x00000288   Code   RO         1421    i.HAL_RCCEx_PeriphCLKConfig  stm32g4xx_hal_rcc_ex.o
    0x08002764   0x08002764   0x000001dc   Code   RO         1296    i.HAL_RCC_ClockConfig  stm32g4xx_hal_rcc.o
    0x08002940   0x08002940   0x00000024   Code   RO         1304    i.HAL_RCC_GetPCLK1Freq  stm32g4xx_hal_rcc.o
    0x08002964   0x08002964   0x00000024   Code   RO         1305    i.HAL_RCC_GetPCLK2Freq  stm32g4xx_hal_rcc.o
    0x08002988   0x08002988   0x00000070   Code   RO         1306    i.HAL_RCC_GetSysClockFreq  stm32g4xx_hal_rcc.o
    0x080029f8   0x080029f8   0x0000040c   Code   RO         1309    i.HAL_RCC_OscConfig  stm32g4xx_hal_rcc.o
    0x08002e04   0x08002e04   0x00000028   Code   RO         2177    i.HAL_SYSTICK_Config  stm32g4xx_hal_cortex.o
    0x08002e2c   0x08002e2c   0x0000003e   Code   RO         2716    i.HAL_UARTEx_DisableFifoMode  stm32g4xx_hal_uart_ex.o
    0x08002e6a   0x08002e6a   0x00000002   Code   RO         2305    i.HAL_UARTEx_RxEventCallback  stm32g4xx_hal_uart.o
    0x08002e6c   0x08002e6c   0x00000002   Code   RO         2723    i.HAL_UARTEx_RxFifoFullCallback  stm32g4xx_hal_uart_ex.o
    0x08002e6e   0x08002e6e   0x0000004c   Code   RO         2724    i.HAL_UARTEx_SetRxFifoThreshold  stm32g4xx_hal_uart_ex.o
    0x08002eba   0x08002eba   0x0000004c   Code   RO         2725    i.HAL_UARTEx_SetTxFifoThreshold  stm32g4xx_hal_uart_ex.o
    0x08002f06   0x08002f06   0x00000002   Code   RO         2727    i.HAL_UARTEx_TxFifoEmptyCallback  stm32g4xx_hal_uart_ex.o
    0x08002f08   0x08002f08   0x00000002   Code   RO         2728    i.HAL_UARTEx_WakeupCallback  stm32g4xx_hal_uart_ex.o
    0x08002f0a   0x08002f0a   0x00000002   Code   RO         2321    i.HAL_UART_ErrorCallback  stm32g4xx_hal_uart.o
    0x08002f0c   0x08002f0c   0x00000284   Code   RO         2324    i.HAL_UART_IRQHandler  stm32g4xx_hal_uart.o
    0x08003190   0x08003190   0x0000006a   Code   RO         2325    i.HAL_UART_Init     stm32g4xx_hal_uart.o
    0x080031fa   0x080031fa   0x00000002   PAD
    0x080031fc   0x080031fc   0x00000074   Code   RO          694    i.HAL_UART_MspInit  bsp_uart.o
    0x08003270   0x08003270   0x0000004c   Code   RO         2330    i.HAL_UART_Receive_IT  stm32g4xx_hal_uart.o
    0x080032bc   0x080032bc   0x00000090   Code   RO            6    i.HAL_UART_RxCpltCallback  main.o
    0x0800334c   0x0800334c   0x000000bc   Code   RO         2334    i.HAL_UART_Transmit  stm32g4xx_hal_uart.o
    0x08003408   0x08003408   0x00000002   Code   RO         2337    i.HAL_UART_TxCpltCallback  stm32g4xx_hal_uart.o
    0x0800340a   0x0800340a   0x00000002   Code   RO          204    i.HardFault_Handler  stm32g4xx_it.o
    0x0800340c   0x0800340c   0x0000002c   Code   RO          573    i.I2CInit           bsp_i2c.o
    0x08003438   0x08003438   0x0000004e   Code   RO          574    i.I2CReceiveByte    bsp_i2c.o
    0x08003486   0x08003486   0x00000030   Code   RO          575    i.I2CSendAck        bsp_i2c.o
    0x080034b6   0x080034b6   0x0000004e   Code   RO          576    i.I2CSendByte       bsp_i2c.o
    0x08003504   0x08003504   0x00000030   Code   RO          577    i.I2CSendNotAck     bsp_i2c.o
    0x08003534   0x08003534   0x00000036   Code   RO          578    i.I2CStart          bsp_i2c.o
    0x0800356a   0x0800356a   0x00000036   Code   RO          579    i.I2CStop           bsp_i2c.o
    0x080035a0   0x080035a0   0x0000004e   Code   RO          580    i.I2CWaitAck        bsp_i2c.o
    0x080035ee   0x080035ee   0x00000002   PAD
    0x080035f0   0x080035f0   0x000000f8   Code   RO          331    i.KEY_LED_Init      bsp_key_led.o
    0x080036e8   0x080036e8   0x00000154   Code   RO            7    i.Key_Proc          main.o
    0x0800383c   0x0800383c   0x00000040   Code   RO          332    i.Key_Scan          bsp_key_led.o
    0x0800387c   0x0800387c   0x0000002c   Code   RO          368    i.LCD_BusIn         bsp_lcd.o
    0x080038a8   0x080038a8   0x00000030   Code   RO          369    i.LCD_BusOut        bsp_lcd.o
    0x080038d8   0x080038d8   0x00000024   Code   RO          370    i.LCD_Clear         bsp_lcd.o
    0x080038fc   0x080038fc   0x00000090   Code   RO          372    i.LCD_CtrlLinesConfig  bsp_lcd.o
    0x0800398c   0x0800398c   0x00000018   Code   RO          373    i.LCD_DisplayChar   bsp_lcd.o
    0x080039a4   0x080039a4   0x0000002a   Code   RO          376    i.LCD_DisplayStringLine  bsp_lcd.o
    0x080039ce   0x080039ce   0x00000002   PAD
    0x080039d0   0x080039d0   0x00000058   Code   RO          377    i.LCD_DrawChar      bsp_lcd.o
    0x08003a28   0x08003a28   0x00000034   Code   RO          383    i.LCD_Init          bsp_lcd.o
    0x08003a5c   0x08003a5c   0x00000080   Code   RO          386    i.LCD_ReadReg       bsp_lcd.o
    0x08003adc   0x08003adc   0x00000010   Code   RO          387    i.LCD_SetBackColor  bsp_lcd.o
    0x08003aec   0x08003aec   0x00000018   Code   RO          388    i.LCD_SetCursor     bsp_lcd.o
    0x08003b04   0x08003b04   0x00000010   Code   RO          390    i.LCD_SetTextColor  bsp_lcd.o
    0x08003b14   0x08003b14   0x00000058   Code   RO          393    i.LCD_WriteRAM      bsp_lcd.o
    0x08003b6c   0x08003b6c   0x0000005c   Code   RO          394    i.LCD_WriteRAM_Prepare  bsp_lcd.o
    0x08003bc8   0x08003bc8   0x0000006c   Code   RO          395    i.LCD_WriteReg      bsp_lcd.o
    0x08003c34   0x08003c34   0x00000054   Code   RO          333    i.LED_Disp          bsp_key_led.o
    0x08003c88   0x08003c88   0x0000000c   Code   RO         2858    i.LL_ADC_GetOffsetChannel  stm32g4xx_hal_adc.o
    0x08003c94   0x08003c94   0x00000008   Code   RO         2859    i.LL_ADC_INJ_IsConversionOngoing  stm32g4xx_hal_adc.o
    0x08003c9c   0x08003c9c   0x00000008   Code   RO         2860    i.LL_ADC_REG_IsConversionOngoing  stm32g4xx_hal_adc.o
    0x08003ca4   0x08003ca4   0x0000001e   Code   RO         2863    i.LL_ADC_SetChannelSamplingTime  stm32g4xx_hal_adc.o
    0x08003cc2   0x08003cc2   0x00000010   Code   RO         2864    i.LL_ADC_SetOffsetState  stm32g4xx_hal_adc.o
    0x08003cd2   0x08003cd2   0x00000002   PAD
    0x08003cd4   0x08003cd4   0x000001b4   Code   RO            8    i.Lcd_Proc          main.o
    0x08003e88   0x08003e88   0x00000068   Code   RO            9    i.Led_Proc          main.o
    0x08003ef0   0x08003ef0   0x00000002   Code   RO          205    i.MemManage_Handler  stm32g4xx_it.o
    0x08003ef2   0x08003ef2   0x00000002   Code   RO          206    i.NMI_Handler       stm32g4xx_it.o
    0x08003ef4   0x08003ef4   0x00000002   Code   RO          207    i.PendSV_Handler    stm32g4xx_it.o
    0x08003ef6   0x08003ef6   0x00000112   Code   RO          396    i.REG_8230_Init     bsp_lcd.o
    0x08004008   0x08004008   0x00000202   Code   RO          397    i.REG_932X_Init     bsp_lcd.o
    0x0800420a   0x0800420a   0x00000002   PAD
    0x0800420c   0x0800420c   0x00000018   Code   RO          581    i.SCL_Output        bsp_i2c.o
    0x08004224   0x08004224   0x00000018   Code   RO          582    i.SDA_Input         bsp_i2c.o
    0x0800423c   0x0800423c   0x0000002c   Code   RO          583    i.SDA_Input_Mode    bsp_i2c.o
    0x08004268   0x08004268   0x00000018   Code   RO          584    i.SDA_Output        bsp_i2c.o
    0x08004280   0x08004280   0x0000002c   Code   RO          585    i.SDA_Output_Mode   bsp_i2c.o
    0x080042ac   0x080042ac   0x00000002   Code   RO          208    i.SVC_Handler       stm32g4xx_it.o
    0x080042ae   0x080042ae   0x00000004   Code   RO          209    i.SysTick_Handler   stm32g4xx_it.o
    0x080042b2   0x080042b2   0x00000002   PAD
    0x080042b4   0x080042b4   0x0000009c   Code   RO          307    i.SystemClock_Config  bsp_rcc.o
    0x08004350   0x08004350   0x00000010   Code   RO         3309    i.SystemInit        system_stm32g4xx.o
    0x08004360   0x08004360   0x00000068   Code   RO          695    i.UART1_Init        bsp_uart.o
    0x080043c8   0x080043c8   0x00000044   Code   RO         2729    i.UARTEx_SetNbDataToProcess  stm32g4xx_hal_uart_ex.o
    0x0800440c   0x0800440c   0x000000c8   Code   RO         2339    i.UART_AdvFeatureConfig  stm32g4xx_hal_uart.o
    0x080044d4   0x080044d4   0x00000060   Code   RO         2340    i.UART_CheckIdleState  stm32g4xx_hal_uart.o
    0x08004534   0x08004534   0x00000014   Code   RO         2341    i.UART_DMAAbortOnError  stm32g4xx_hal_uart.o
    0x08004548   0x08004548   0x00000038   Code   RO         2351    i.UART_EndRxTransfer  stm32g4xx_hal_uart.o
    0x08004580   0x08004580   0x00000080   Code   RO         2353    i.UART_RxISR_16BIT  stm32g4xx_hal_uart.o
    0x08004600   0x08004600   0x0000013c   Code   RO         2354    i.UART_RxISR_16BIT_FIFOEN  stm32g4xx_hal_uart.o
    0x0800473c   0x0800473c   0x00000080   Code   RO         2355    i.UART_RxISR_8BIT   stm32g4xx_hal_uart.o
    0x080047bc   0x080047bc   0x0000013c   Code   RO         2356    i.UART_RxISR_8BIT_FIFOEN  stm32g4xx_hal_uart.o
    0x080048f8   0x080048f8   0x00000274   Code   RO         2357    i.UART_SetConfig    stm32g4xx_hal_uart.o
    0x08004b6c   0x08004b6c   0x000000d8   Code   RO         2359    i.UART_Start_Receive_IT  stm32g4xx_hal_uart.o
    0x08004c44   0x08004c44   0x000000a4   Code   RO         2364    i.UART_WaitOnFlagUntilTimeout  stm32g4xx_hal_uart.o
    0x08004ce8   0x08004ce8   0x0000000c   Code   RO          210    i.USART1_IRQHandler  stm32g4xx_it.o
    0x08004cf4   0x08004cf4   0x00000002   Code   RO          211    i.UsageFault_Handler  stm32g4xx_it.o
    0x08004cf6   0x08004cf6   0x00000002   PAD
    0x08004cf8   0x08004cf8   0x00000020   Code   RO           10    i.Usart_Proc        main.o
    0x08004d18   0x08004d18   0x00000030   Code   RO         3488    i.__ARM_fpclassify  m_wm.l(fpclassify.o)
    0x08004d48   0x08004d48   0x00000020   Code   RO         2179    i.__NVIC_SetPriority  stm32g4xx_hal_cortex.o
    0x08004d68   0x08004d68   0x0000000e   Code   RO         3374    i._is_digit         c_w.l(__printf_wp.o)
    0x08004d76   0x08004d76   0x0000000c   Code   RO          586    i.delay1            bsp_i2c.o
    0x08004d82   0x08004d82   0x00000002   PAD
    0x08004d84   0x08004d84   0x00000018   Code   RO          734    i.getADC2           bsp_adc.o
    0x08004d9c   0x08004d9c   0x00000052   Code   RO          587    i.iic_24c02_read    bsp_i2c.o
    0x08004dee   0x08004dee   0x00000002   PAD
    0x08004df0   0x08004df0   0x0000003e   Code   RO          588    i.iic_24c02_write   bsp_i2c.o
    0x08004e2e   0x08004e2e   0x00000002   PAD
    0x08004e30   0x08004e30   0x00000078   Code   RO           11    i.main              main.o
    0x08004ea8   0x08004ea8   0x0000002c   Code   RO         3484    locale$$code        c_w.l(lc_numeric_c.o)
    0x08004ed4   0x08004ed4   0x00000062   Code   RO         3395    x$fpl$d2f           fz_wm.l(d2f.o)
    0x08004f36   0x08004f36   0x00000002   PAD
    0x08004f38   0x08004f38   0x0000005a   Code   RO         3397    x$fpl$dfixu         fz_wm.l(dfixu.o)
    0x08004f92   0x08004f92   0x00000002   PAD
    0x08004f94   0x08004f94   0x00000154   Code   RO         3401    x$fpl$dmul          fz_wm.l(dmul.o)
    0x080050e8   0x080050e8   0x0000009c   Code   RO         3421    x$fpl$dnaninf       fz_wm.l(dnaninf.o)
    0x08005184   0x08005184   0x0000000c   Code   RO         3423    x$fpl$dretinf       fz_wm.l(dretinf.o)
    0x08005190   0x08005190   0x00000056   Code   RO         3403    x$fpl$f2d           fz_wm.l(f2d.o)
    0x080051e6   0x080051e6   0x0000008c   Code   RO         3425    x$fpl$fnaninf       fz_wm.l(fnaninf.o)
    0x08005272   0x08005272   0x0000000a   Code   RO         3564    x$fpl$fpinit        fz_wm.l(fpinit.o)
    0x0800527c   0x0800527c   0x0000000a   Code   RO         3427    x$fpl$fretinf       fz_wm.l(fretinf.o)
    0x08005286   0x08005286   0x00000004   Code   RO         3405    x$fpl$printf1       fz_wm.l(printf1.o)
    0x0800528a   0x0800528a   0x00000000   Code   RO         3429    x$fpl$usenofp       fz_wm.l(usenofp.o)
    0x0800528a   0x0800528a   0x000011d0   Data   RO          398    .constdata          bsp_lcd.o
    0x0800645a   0x0800645a   0x00000018   Data   RO         2365    .constdata          stm32g4xx_hal_uart.o
    0x08006472   0x08006472   0x00000010   Data   RO         2730    .constdata          stm32g4xx_hal_uart_ex.o
    0x08006482   0x08006482   0x00000010   Data   RO         3310    .constdata          system_stm32g4xx.o
    0x08006492   0x08006492   0x00000008   Data   RO         3311    .constdata          system_stm32g4xx.o
    0x0800649a   0x0800649a   0x00000002   PAD
    0x0800649c   0x0800649c   0x00000094   Data   RO         3459    .constdata          c_w.l(bigflt0.o)
    0x08006530   0x08006530   0x00000020   Data   RO         3633    Region$$Table       anon$$obj.o
    0x08006550   0x08006550   0x0000001c   Data   RO         3483    locale$$data        c_w.l(lc_numeric_c.o)


    Execution Region RW_IRAM1 (Exec base: 0x20000000, Load base: 0x0800656c, Size: 0x00000858, Max: 0x00008000, ABSOLUTE)

    Exec Addr    Load Addr    Size         Type   Attr      Idx    E Section Name        Object

    0x20000000   0x0800656c   0x00000034   Data   RW           13    .data               main.o
    0x20000034   0x080065a0   0x00000006   Data   RW          399    .data               bsp_lcd.o
    0x2000003a   0x080065a6   0x00000002   PAD
    0x2000003c   0x080065a8   0x00000004   Data   RW          736    .data               bsp_adc.o
    0x20000040   0x080065ac   0x0000000c   Data   RW         1096    .data               stm32g4xx_hal.o
    0x2000004c   0x080065b8   0x00000004   Data   RW         3312    .data               system_stm32g4xx.o
    0x20000050        -       0x0000003d   Zero   RW           12    .bss                main.o
    0x2000008d   0x080065bc   0x00000003   PAD
    0x20000090        -       0x00000090   Zero   RW          696    .bss                bsp_uart.o
    0x20000120        -       0x000000d8   Zero   RW          735    .bss                bsp_adc.o
    0x200001f8        -       0x00000060   Zero   RW         3491    .bss                c_w.l(libspace.o)
    0x20000258        -       0x00000200   Zero   RW         3344    HEAP                startup_stm32g431xx.o
    0x20000458        -       0x00000400   Zero   RW         3343    STACK               startup_stm32g431xx.o


==============================================================================

Image component sizes


      Code (inc. data)   RO Data    RW Data    ZI Data      Debug   Object Name

       312         36          0          4        216       3166   bsp_adc.o
       798         28          0          0          0      11688   bsp_i2c.o
       396         30          0          0          0       2809   bsp_key_led.o
      1766         76       4560          6          0      14562   bsp_lcd.o
       156          4          0          0          0       1281   bsp_rcc.o
       220         20          0          0        144       2329   bsp_uart.o
      1504        358          0         52         61     608430   main.o
        64         26        472          0       1536        912   startup_stm32g431xx.o
       162         24          0         12          0       5257   stm32g4xx_hal.o
      2008        106          0          0          0      77427   stm32g4xx_hal_adc.o
       198         14          0          0          0      34643   stm32g4xx_hal_cortex.o
       226          0          0          0          0       2339   stm32g4xx_hal_dma.o
       476         34          0          0          0       3639   stm32g4xx_hal_gpio.o
        48          6          0          0          0       1106   stm32g4xx_hal_msp.o
       204         18          0          0          0       1673   stm32g4xx_hal_pwr_ex.o
      1696         92          0          0          0       6784   stm32g4xx_hal_rcc.o
       648         10          0          0          0       2144   stm32g4xx_hal_rcc_ex.o
      3288        128         24          0          0      38362   stm32g4xx_hal_uart.o
       288          6         16          0          0       6430   stm32g4xx_hal_uart_ex.o
        32          6          0          0          0       5886   stm32g4xx_it.o
        16          4         24          4          0       1503   system_stm32g4xx.o

    ----------------------------------------------------------------------
     14538       1026       5130         80       1960     832370   Object Totals
         0          0         32          0          0          0   (incl. Generated)
        32          0          2          2          3          0   (incl. Padding)

    ----------------------------------------------------------------------

      Code (inc. data)   RO Data    RW Data    ZI Data      Debug   Library Member Name

         8          0          0          0          0         68   __main.o
       284          0          0          0          0        156   __printf_wp.o
         0          0          0          0          0          0   __rtentry.o
        12          0          0          0          0          0   __rtentry2.o
         6          0          0          0          0          0   __rtentry4.o
        52          8          0          0          0          0   __scatter.o
        26          0          0          0          0          0   __scatter_copy.o
        28          0          0          0          0          0   __scatter_zi.o
        48          6          0          0          0         96   _printf_char_common.o
         6          0          0          0          0          0   _printf_d.o
       120         16          0          0          0         92   _printf_dec.o
         6          0          0          0          0          0   _printf_f.o
      1054          0          0          0          0        216   _printf_fp_dec.o
       128         16          0          0          0         84   _printf_fp_infnan.o
       178          0          0          0          0         88   _printf_intcommon.o
        78          0          0          0          0        108   _printf_pad.o
         0          0          0          0          0          0   _printf_percent.o
         4          0          0          0          0          0   _printf_percent_end.o
        10          0          0          0          0         68   _sputc.o
       228          4        148          0          0         96   bigflt0.o
      1936        128          0          0          0        672   btod.o
        18          0          0          0          0         80   exit.o
         6          0          0          0          0        152   heapauxi.o
         0          0          0          0          0          0   indicate_semi.o
        44         10         28          0          0         76   lc_numeric_c.o
         2          0          0          0          0          0   libinit.o
        22          0          0          0          0          0   libinit2.o
         2          0          0          0          0          0   libshutdown.o
         2          0          0          0          0          0   libshutdown2.o
         8          4          0          0         96         68   libspace.o
       138          0          0          0          0         80   lludiv10.o
       238          0          0          0          0        100   lludivv7m.o
        40          6          0          0          0         84   noretval__2sprintf.o
         8          4          0          0          0         68   rt_locale_intlibspace.o
        78          0          0          0          0         80   rt_memclr_w.o
         2          0          0          0          0          0   rtexit.o
        10          0          0          0          0          0   rtexit2.o
       128          0          0          0          0         68   strcmpv7m.o
        62          0          0          0          0         76   strlen.o
        12          4          0          0          0         68   sys_exit.o
        74          0          0          0          0         80   sys_stackheap_outer.o
         2          0          0          0          0         68   use_no_semi.o
        98          4          0          0          0        140   d2f.o
        90          4          0          0          0        140   dfixu.o
       340         12          0          0          0        152   dmul.o
       156          4          0          0          0        140   dnaninf.o
        12          0          0          0          0        116   dretinf.o
        86          4          0          0          0        132   f2d.o
       140          4          0          0          0        132   fnaninf.o
        10          0          0          0          0        116   fpinit.o
        10          0          0          0          0        116   fretinf.o
         4          0          0          0          0        116   printf1.o
         0          0          0          0          0          0   usenofp.o
        48          0          0          0          0        124   fpclassify.o

    ----------------------------------------------------------------------
      6120        238        176          0         96       4316   Library Totals
        18          0          0          0          0          0   (incl. Padding)

    ----------------------------------------------------------------------

      Code (inc. data)   RO Data    RW Data    ZI Data      Debug   Library Name

      5108        206        176          0         96       2892   c_w.l
       946         32          0          0          0       1300   fz_wm.l
        48          0          0          0          0        124   m_wm.l

    ----------------------------------------------------------------------
      6120        238        176          0         96       4316   Library Totals

    ----------------------------------------------------------------------

==============================================================================


      Code (inc. data)   RO Data    RW Data    ZI Data      Debug   

     20658       1264       5306         80       2056     822826   Grand Totals
     20658       1264       5306         80       2056     822826   ELF Image Totals
     20658       1264       5306         80          0          0   ROM Totals

==============================================================================

    Total RO  Size (Code + RO Data)                25964 (  25.36kB)
    Total RW  Size (RW Data + ZI Data)              2136 (   2.09kB)
    Total ROM Size (Code + RO Data + RW Data)      26044 (  25.43kB)

==============================================================================

