<html>
<body>
<pre>
<h1>礦ision Build Log</h1>
<h2>Tool Versions:</h2>
IDE-Version: μVision V5.28.0.0
Copyright (C) 2019 ARM Ltd and ARM Germany GmbH. All rights reserved.
License Information: 1 Administrator, 1, LIC=W9645-GVMYB-KT33H-WNB6B-TF580-5TINR
 
Tool Versions:
Toolchain:       MDK-ARM Professional  Version: 5.28.0.0
Toolchain Path:  D:\18.keil5arm\ARM\ARMCC\Bin
C Compiler:      Armcc.exe V5.06 update 6 (build 750)
Assembler:       Armasm.exe V5.06 update 6 (build 750)
Linker/Locator:  ArmLink.exe V5.06 update 6 (build 750)
Library Manager: ArmAr.exe V5.06 update 6 (build 750)
Hex Converter:   FromElf.exe V5.06 update 6 (build 750)
CPU DLL:         
Dialog DLL:      DCM.DLL V1.17.3.0
Target DLL:      CMSIS_AGDI.dll V1.31.18.0
Dialog DLL:      TCM.DLL V1.36.2.0
 
<h2>Project:</h2>
E:\3北京邮电大学世纪学院\7.淘宝店\0.2 蓝桥杯嵌入式教程\3.历年省赛真题教程\1.【蚂蚁工厂科技】资料盘\3.视频配套源代码\2016Y07\MDK-ARM\Source.uvprojx
Project File Date:  09/13/2021

<h2>Output:</h2>
*** Using Compiler 'V5.06 update 6 (build 750)', folder: 'D:\18.keil5arm\ARM\ARMCC\Bin'
Build target 'Source'
compiling main.c...
..\Inc\bsp\I2C\bsp_i2c.h(19): warning:  #1-D: last line of file ends without a newline
  uint8_t read_resistor(void);
../Src/main.c(198): warning:  #223-D: function "sprintf" declared implicitly
  				sprintf((char *)Lcd_Disp_String, "       DATA ERROR");
../Src/main.c(312): warning:  #1035-D: single-precision operand implicitly converted to double-precision
  	SUM_AD_R37 *= 3.3;
../Src/main.c(317): warning:  #1035-D: single-precision operand implicitly converted to double-precision
  	Height = (uint8_t)(AVE_AD_R37*30.3);
../Src/main.c(333): warning:  #223-D: function "sprintf" declared implicitly
  			sprintf(str, "A:H%3d+L%1d+U\r\n",(unsigned int)Height,(unsigned int)Level);
../Src/main.c(334): warning:  #223-D: function "strlen" declared implicitly
  	  	HAL_UART_Transmit(&huart1,(unsigned char *)str, strlen(str), 50);	
../Src/main.c(339): warning:  #223-D: function "sprintf" declared implicitly
  			sprintf(str, "A:H%3d+L%1d+D\r\n",(unsigned int)Height,(unsigned int)Level);
../Src/main.c(340): warning:  #223-D: function "strlen" declared implicitly
  	  	HAL_UART_Transmit(&huart1,(unsigned char *)str, strlen(str), 50);		
../Src/main.c(386): warning:  #223-D: function "sprintf" declared implicitly
  				sprintf((char *)Lcd_Disp_String, "    Liquid Level");
../Src/main.c(400): warning:  #223-D: function "sprintf" declared implicitly
  				sprintf((char *)Lcd_Disp_String, "    Parameter Setup");
../Src/main.c(461): warning:  #223-D: function "sprintf" declared implicitly
  		sprintf(str, "C:H%3d+L%1d\r\n",(unsigned int)Height,(unsigned int)Level);
../Src/main.c(462): warning:  #223-D: function "strlen" declared implicitly
  		HAL_UART_Transmit(&huart1,(unsigned char *)str, strlen(str), 50);		
../Src/main.c(467): warning:  #223-D: function "sprintf" declared implicitly
  		sprintf(str, "S:TL%2d+TM%2d+TH%2d\r\n",(unsigned int)Compare_Level_Ctrl[0],(unsigned int)Compare_Level_Ctrl[1],(unsigned int)Compare_Level_Ctrl[2]);
../Src/main.c(468): warning:  #223-D: function "strlen" declared implicitly
  		HAL_UART_Transmit(&huart1,(unsigned char *)str, strlen(str), 50);			
../Src/main.c(531): warning:  #9-D: nested comment is not allowed
  /******************************************************************************
../Src/main.c(532): warning:  #9-D: nested comment is not allowed
  /******************************************************************************
../Src/main.c(533): warning:  #9-D: nested comment is not allowed
  /******************************************************************************
../Src/main.c: 17 warnings, 0 errors
linking...
Program Size: Code=20658 RO-data=5306 RW-data=80 ZI-data=2056  
FromELF: creating hex file...
"Source\Source.axf" - 0 Error(s), 17 Warning(s).

<h2>Software Packages used:</h2>

Package Vendor: ARM
                http://www.keil.com/pack/ARM.CMSIS.5.5.1.pack
                ARM.CMSIS.5.5.1
                CMSIS (Cortex Microcontroller Software Interface Standard)
   * Component: CORE Version: 5.2.0

Package Vendor: Keil
                http://www.keil.com/pack/Keil.STM32G4xx_DFP.1.4.0.pack
                Keil.STM32G4xx_DFP.1.4.0
                STMicroelectronics STM32G4 Series Device Support, Drivers and Examples

<h2>Collection of Component include folders:</h2>
  .\RTE\_Source
  D:\18.keil5arm\ARM\CMSIS\5.5.1\CMSIS\Core\Include
  D:\18.keil5arm\Keil\STM32G4xx_DFP\1.4.0\Drivers\CMSIS\Device\ST\STM32G4xx\Include

<h2>Collection of Component Files used:</h2>

   * Component: ARM::CMSIS:CORE:5.2.0
Build Time Elapsed:  00:00:09
</pre>
</body>
</html>
