Component: ARM Compiler 5.06 update 6 (build 750) Tool: armlink [4d35ed]

==============================================================================

Section Cross References

    main.o(i.HAL_UART_RxCpltCallback) refers to stm32g4xx_hal_uart.o(i.HAL_UART_Receive_IT) for HAL_UART_Receive_IT
    main.o(i.HAL_UART_RxCpltCallback) refers to main.o(.data) for .data
    main.o(i.HAL_UART_RxCpltCallback) refers to main.o(.bss) for .bss
    main.o(i.HAL_UART_RxCpltCallback) refers to bsp_uart.o(.bss) for huart1
    main.o(i.HAL_UART_RxCpltCallback) refers to stm32g4xx_hal.o(.data) for uwTick
    main.o(i.Key_Proc) refers to bsp_key_led.o(i.Key_Scan) for Key_Scan
    main.o(i.Key_Proc) refers to bsp_lcd.o(i.LCD_Clear) for LCD_Clear
    main.o(i.Key_Proc) refers to stm32g4xx_hal.o(.data) for uwTick
    main.o(i.Key_Proc) refers to main.o(.data) for .data
    main.o(i.Lcd_Proc) refers to _printf_pad.o(.text) for _printf_pre_padding
    main.o(i.Lcd_Proc) refers to _printf_percent.o(.ARM.Collect$$_printf_percent$$00000000) for _printf_percent
    main.o(i.Lcd_Proc) refers to _printf_f.o(.ARM.Collect$$_printf_percent$$00000003) for _printf_f
    main.o(i.Lcd_Proc) refers to printf1.o(x$fpl$printf1) for _printf_fp_dec
    main.o(i.Lcd_Proc) refers to _printf_d.o(.ARM.Collect$$_printf_percent$$00000009) for _printf_d
    main.o(i.Lcd_Proc) refers to _printf_dec.o(.text) for _printf_int_dec
    main.o(i.Lcd_Proc) refers to bsp_adc.o(i.getADC2) for getADC2
    main.o(i.Lcd_Proc) refers to f2d.o(x$fpl$f2d) for __aeabi_f2d
    main.o(i.Lcd_Proc) refers to dmul.o(x$fpl$dmul) for __aeabi_dmul
    main.o(i.Lcd_Proc) refers to d2f.o(x$fpl$d2f) for __aeabi_d2f
    main.o(i.Lcd_Proc) refers to stm32g4xx_hal_rtc.o(i.HAL_RTC_GetTime) for HAL_RTC_GetTime
    main.o(i.Lcd_Proc) refers to stm32g4xx_hal_rtc.o(i.HAL_RTC_GetDate) for HAL_RTC_GetDate
    main.o(i.Lcd_Proc) refers to noretval__2sprintf.o(.text) for __2sprintf
    main.o(i.Lcd_Proc) refers to bsp_lcd.o(i.LCD_DisplayStringLine) for LCD_DisplayStringLine
    main.o(i.Lcd_Proc) refers to dflt_clz.o(x$fpl$dfltu) for __aeabi_ui2d
    main.o(i.Lcd_Proc) refers to stm32g4xx_hal.o(.data) for uwTick
    main.o(i.Lcd_Proc) refers to main.o(.data) for .data
    main.o(i.Lcd_Proc) refers to main.o(.bss) for .bss
    main.o(i.Lcd_Proc) refers to bsp_rtc.o(.bss) for hrtc
    main.o(i.Led_Proc) refers to dflt_clz.o(x$fpl$dfltu) for __aeabi_ui2d
    main.o(i.Led_Proc) refers to dmul.o(x$fpl$dmul) for __aeabi_dmul
    main.o(i.Led_Proc) refers to f2d.o(x$fpl$f2d) for __aeabi_f2d
    main.o(i.Led_Proc) refers to drleqf.o(x$fpl$drleqf) for __aeabi_cdrcmple
    main.o(i.Led_Proc) refers to bsp_key_led.o(i.LED_Disp) for LED_Disp
    main.o(i.Led_Proc) refers to stm32g4xx_hal.o(.data) for uwTick
    main.o(i.Led_Proc) refers to main.o(.data) for .data
    main.o(i.Usart_Proc) refers to _printf_pad.o(.text) for _printf_pre_padding
    main.o(i.Usart_Proc) refers to _printf_percent.o(.ARM.Collect$$_printf_percent$$00000000) for _printf_percent
    main.o(i.Usart_Proc) refers to _printf_d.o(.ARM.Collect$$_printf_percent$$00000009) for _printf_d
    main.o(i.Usart_Proc) refers to _printf_f.o(.ARM.Collect$$_printf_percent$$00000003) for _printf_f
    main.o(i.Usart_Proc) refers to _printf_dec.o(.text) for _printf_int_dec
    main.o(i.Usart_Proc) refers to printf1.o(x$fpl$printf1) for _printf_fp_dec
    main.o(i.Usart_Proc) refers to dflt_clz.o(x$fpl$dfltu) for __aeabi_ui2d
    main.o(i.Usart_Proc) refers to dmul.o(x$fpl$dmul) for __aeabi_dmul
    main.o(i.Usart_Proc) refers to f2d.o(x$fpl$f2d) for __aeabi_f2d
    main.o(i.Usart_Proc) refers to noretval__2sprintf.o(.text) for __2sprintf
    main.o(i.Usart_Proc) refers to strlen.o(.text) for strlen
    main.o(i.Usart_Proc) refers to stm32g4xx_hal_uart.o(i.HAL_UART_Transmit) for HAL_UART_Transmit
    main.o(i.Usart_Proc) refers to bsp_i2c.o(i.iic_24c02_write) for iic_24c02_write
    main.o(i.Usart_Proc) refers to stm32g4xx_hal.o(.data) for uwTick
    main.o(i.Usart_Proc) refers to main.o(.data) for .data
    main.o(i.Usart_Proc) refers to main.o(.bss) for .bss
    main.o(i.Usart_Proc) refers to bsp_uart.o(.bss) for huart1
    main.o(i.main) refers to stm32g4xx_hal.o(i.HAL_Init) for HAL_Init
    main.o(i.main) refers to bsp_rcc.o(i.SystemClock_Config) for SystemClock_Config
    main.o(i.main) refers to bsp_key_led.o(i.KEY_LED_Init) for KEY_LED_Init
    main.o(i.main) refers to bsp_lcd.o(i.LCD_Init) for LCD_Init
    main.o(i.main) refers to bsp_lcd.o(i.LCD_Clear) for LCD_Clear
    main.o(i.main) refers to bsp_lcd.o(i.LCD_SetBackColor) for LCD_SetBackColor
    main.o(i.main) refers to bsp_lcd.o(i.LCD_SetTextColor) for LCD_SetTextColor
    main.o(i.main) refers to bsp_uart.o(i.UART1_Init) for UART1_Init
    main.o(i.main) refers to bsp_i2c.o(i.I2CInit) for I2CInit
    main.o(i.main) refers to bsp_adc.o(i.ADC2_Init) for ADC2_Init
    main.o(i.main) refers to bsp_rtc.o(i.RTC_Init) for RTC_Init
[...]
    i.LCD_CtrlLinesConfig                    0x08003a28   Section        0  bsp_lcd.o(i.LCD_CtrlLinesConfig)
    i.LCD_DisplayChar                        0x08003ab8   Section        0  bsp_lcd.o(i.LCD_DisplayChar)
    i.LCD_DisplayStringLine                  0x08003ad0   Section        0  bsp_lcd.o(i.LCD_DisplayStringLine)
    i.LCD_DrawChar                           0x08003afc   Section        0  bsp_lcd.o(i.LCD_DrawChar)
    i.LCD_Init                               0x08003b54   Section        0  bsp_lcd.o(i.LCD_Init)
    i.LCD_ReadReg                            0x08003b88   Section        0  bsp_lcd.o(i.LCD_ReadReg)
    i.LCD_SetBackColor                       0x08003c08   Section        0  bsp_lcd.o(i.LCD_SetBackColor)
    i.LCD_SetCursor                          0x08003c18   Section        0  bsp_lcd.o(i.LCD_SetCursor)
    i.LCD_SetTextColor                       0x08003c30   Section        0  bsp_lcd.o(i.LCD_SetTextColor)
    i.LCD_WriteRAM                           0x08003c40   Section        0  bsp_lcd.o(i.LCD_WriteRAM)
    i.LCD_WriteRAM_Prepare                   0x08003c98   Section        0  bsp_lcd.o(i.LCD_WriteRAM_Prepare)
    i.LCD_WriteReg                           0x08003cf4   Section        0  bsp_lcd.o(i.LCD_WriteReg)
    i.LED_Disp                               0x08003d60   Section        0  bsp_key_led.o(i.LED_Disp)
    i.LL_ADC_GetOffsetChannel                0x08003db4   Section        0  stm32g4xx_hal_adc.o(i.LL_ADC_GetOffsetChannel)
    LL_ADC_GetOffsetChannel                  0x08003db5   Thumb Code    12  stm32g4xx_hal_adc.o(i.LL_ADC_GetOffsetChannel)
    i.LL_ADC_INJ_IsConversionOngoing         0x08003dc0   Section        0  stm32g4xx_hal_adc.o(i.LL_ADC_INJ_IsConversionOngoing)
    LL_ADC_INJ_IsConversionOngoing           0x08003dc1   Thumb Code     8  stm32g4xx_hal_adc.o(i.LL_ADC_INJ_IsConversionOngoing)
    i.LL_ADC_REG_IsConversionOngoing         0x08003dc8   Section        0  stm32g4xx_hal_adc.o(i.LL_ADC_REG_IsConversionOngoing)
    LL_ADC_REG_IsConversionOngoing           0x08003dc9   Thumb Code     8  stm32g4xx_hal_adc.o(i.LL_ADC_REG_IsConversionOngoing)
    i.LL_ADC_SetChannelSamplingTime          0x08003dd0   Section        0  stm32g4xx_hal_adc.o(i.LL_ADC_SetChannelSamplingTime)
    LL_ADC_SetChannelSamplingTime            0x08003dd1   Thumb Code    30  stm32g4xx_hal_adc.o(i.LL_ADC_SetChannelSamplingTime)
    i.LL_ADC_SetOffsetState                  0x08003dee   Section        0  stm32g4xx_hal_adc.o(i.LL_ADC_SetOffsetState)
    LL_ADC_SetOffsetState                    0x08003def   Thumb Code    16  stm32g4xx_hal_adc.o(i.LL_ADC_SetOffsetState)
    i.Lcd_Proc                               0x08003e00   Section        0  main.o(i.Lcd_Proc)
    i.Led_Proc                               0x08004010   Section        0  main.o(i.Led_Proc)
    i.MemManage_Handler                      0x080040a8   Section        0  stm32g4xx_it.o(i.MemManage_Handler)
    i.NMI_Handler                            0x080040aa   Section        0  stm32g4xx_it.o(i.NMI_Handler)
    i.PendSV_Handler                         0x080040ac   Section        0  stm32g4xx_it.o(i.PendSV_Handler)
    i.REG_8230_Init                          0x080040ae   Section        0  bsp_lcd.o(i.REG_8230_Init)
    i.REG_932X_Init                          0x080041c0   Section        0  bsp_lcd.o(i.REG_932X_Init)
    i.RTC_Bcd2ToByte                         0x080043c2   Section        0  stm32g4xx_hal_rtc.o(i.RTC_Bcd2ToByte)
    i.RTC_ByteToBcd2                         0x080043d4   Section        0  stm32g4xx_hal_rtc.o(i.RTC_ByteToBcd2)
    i.RTC_EnterInitMode                      0x080043ec   Section        0  stm32g4xx_hal_rtc.o(i.RTC_EnterInitMode)
    i.RTC_ExitInitMode                       0x08004438   Section        0  stm32g4xx_hal_rtc.o(i.RTC_ExitInitMode)
    i.RTC_Init                               0x08004490   Section        0  bsp_rtc.o(i.RTC_Init)
    i.SCL_Output                             0x08004528   Section        0  bsp_i2c.o(i.SCL_Output)
    i.SDA_Input                              0x08004540   Section        0  bsp_i2c.o(i.SDA_Input)
    i.SDA_Input_Mode                         0x08004558   Section        0  bsp_i2c.o(i.SDA_Input_Mode)
    i.SDA_Output                             0x08004584   Section        0  bsp_i2c.o(i.SDA_Output)
    i.SDA_Output_Mode                        0x0800459c   Section        0  bsp_i2c.o(i.SDA_Output_Mode)
    i.SVC_Handler                            0x080045c8   Section        0  stm32g4xx_it.o(i.SVC_Handler)
    i.SysTick_Handler                        0x080045ca   Section        0  stm32g4xx_it.o(i.SysTick_Handler)
    i.SystemClock_Config                     0x080045d0   Section        0  bsp_rcc.o(i.SystemClock_Config)
    i.SystemInit                             0x08004674   Section        0  system_stm32g4xx.o(i.SystemInit)
    i.UART1_Init                             0x08004684   Section        0  bsp_uart.o(i.UART1_Init)
    i.UARTEx_SetNbDataToProcess              0x080046ec   Section        0  stm32g4xx_hal_uart_ex.o(i.UARTEx_SetNbDataToProcess)
    UARTEx_SetNbDataToProcess                0x080046ed   Thumb Code    62  stm32g4xx_hal_uart_ex.o(i.UARTEx_SetNbDataToProcess)
    i.UART_AdvFeatureConfig                  0x08004730   Section        0  stm32g4xx_hal_uart.o(i.UART_AdvFeatureConfig)
    i.UART_CheckIdleState                    0x080047f8   Section        0  stm32g4xx_hal_uart.o(i.UART_CheckIdleState)
    i.UART_DMAAbortOnError                   0x08004858   Section        0  stm32g4xx_hal_uart.o(i.UART_DMAAbortOnError)
    UART_DMAAbortOnError                     0x08004859   Thumb Code    20  stm32g4xx_hal_uart.o(i.UART_DMAAbortOnError)
    i.UART_EndRxTransfer                     0x0800486c   Section        0  stm32g4xx_hal_uart.o(i.UART_EndRxTransfer)
    UART_EndRxTransfer                       0x0800486d   Thumb Code    50  stm32g4xx_hal_uart.o(i.UART_EndRxTransfer)
    i.UART_RxISR_16BIT                       0x080048a4   Section        0  stm32g4xx_hal_uart.o(i.UART_RxISR_16BIT)
    UART_RxISR_16BIT                         0x080048a5   Thumb Code   128  stm32g4xx_hal_uart.o(i.UART_RxISR_16BIT)
    i.UART_RxISR_16BIT_FIFOEN                0x08004924   Section        0  stm32g4xx_hal_uart.o(i.UART_RxISR_16BIT_FIFOEN)
    UART_RxISR_16BIT_FIFOEN                  0x08004925   Thumb Code   306  stm32g4xx_hal_uart.o(i.UART_RxISR_16BIT_FIFOEN)
    i.UART_RxISR_8BIT                        0x08004a60   Section        0  stm32g4xx_hal_uart.o(i.UART_RxISR_8BIT)
    UART_RxISR_8BIT                          0x08004a61   Thumb Code   128  stm32g4xx_hal_uart.o(i.UART_RxISR_8BIT)
    i.UART_RxISR_8BIT_FIFOEN                 0x08004ae0   Section        0  stm32g4xx_hal_uart.o(i.UART_RxISR_8BIT_FIFOEN)
    UART_RxISR_8BIT_FIFOEN                   0x08004ae1   Thumb Code   306  stm32g4xx_hal_uart.o(i.UART_RxISR_8BIT_FIFOEN)
    i.UART_SetConfig                         0x08004c1c   Section        0  stm32g4xx_hal_uart.o(i.UART_SetConfig)
    i.UART_Start_Receive_IT                  0x08004e90   Section        0  stm32g4xx_hal_uart.o(i.UART_Start_Receive_IT)
    i.UART_WaitOnFlagUntilTimeout            0x08004f68   Section        0  stm32g4xx_hal_uart.o(i.UART_WaitOnFlagUntilTimeout)
    i.USART1_IRQHandler                      0x0800500c   Section        0  stm32g4xx_it.o(i.USART1_IRQHandler)
    i.UsageFault_Handler                     0x08005018   Section        0  stm32g4xx_it.o(i.UsageFault_Handler)
    i.Usart_Proc                             0x0800501c   Section        0  main.o(i.Usart_Proc)
    i.__ARM_fpclassify                       0x0800517c   Section        0  fpclassify.o(i.__ARM_fpclassify)
    i.__NVIC_SetPriority                     0x080051ac   Section        0  stm32g4xx_hal_cortex.o(i.__NVIC_SetPriority)
    __NVIC_SetPriority                       0x080051ad   Thumb Code    32  stm32g4xx_hal_cortex.o(i.__NVIC_SetPriority)
    i._is_digit                              0x080051cc   Section        0  __printf_wp.o(i._is_digit)
    i.delay1                                 0x080051da   Section        0  bsp_i2c.o(i.delay1)
    delay1                                   0x080051db   Thumb Code    12  bsp_i2c.o(i.delay1)
    i.getADC2                                0x080051e8   Section        0  bsp_adc.o(i.getADC2)
    i.iic_24c02_read                         0x08005200   Section        0  bsp_i2c.o(i.iic_24c02_read)
    i.iic_24c02_write                        0x08005254   Section        0  bsp_i2c.o(i.iic_24c02_write)
    i.main                                   0x08005294   Section        0  main.o(i.main)
    locale$$code                             0x080052fc   Section       44  lc_numeric_c.o(locale$$code)
    x$fpl$d2f                                0x08005328   Section       98  d2f.o(x$fpl$d2f)
    $v0                                      0x08005328   Number         0  d2f.o(x$fpl$d2f)
    x$fpl$dcmpinf                            0x0800538a   Section       24  dcmpi.o(x$fpl$dcmpinf)
    $v0                                      0x0800538a   Number         0  dcmpi.o(x$fpl$dcmpinf)
    x$fpl$dfltu                              0x080053a2   Section       38  dflt_clz.o(x$fpl$dfltu)
    $v0                                      0x080053a2   Number         0  dflt_clz.o(x$fpl$dfltu)
    x$fpl$dleqf                              0x080053c8   Section      120  dleqf.o(x$fpl$dleqf)
    $v0                                      0x080053c8   Number         0  dleqf.o(x$fpl$dleqf)
    x$fpl$dmul                               0x08005440   Section      340  dmul.o(x$fpl$dmul)
    $v0                                      0x08005440   Number         0  dmul.o(x$fpl$dmul)
    x$fpl$dnaninf                            0x08005594   Section      156  dnaninf.o(x$fpl$dnaninf)
    $v0                                      0x08005594   Number         0  dnaninf.o(x$fpl$dnaninf)
    x$fpl$dretinf                            0x08005630   Section       12  dretinf.o(x$fpl$dretinf)
    $v0                                      0x08005630   Number         0  dretinf.o(x$fpl$dretinf)
    x$fpl$drleqf                             0x0800563c   Section      108  drleqf.o(x$fpl$drleqf)
    $v0                                      0x0800563c   Number         0  drleqf.o(x$fpl$drleqf)
    x$fpl$f2d                                0x080056a8   Section       86  f2d.o(x$fpl$f2d)
    $v0                                      0x080056a8   Number         0  f2d.o(x$fpl$f2d)
    x$fpl$fnaninf                            0x080056fe   Section      140  fnaninf.o(x$fpl$fnaninf)
    $v0                                      0x080056fe   Number         0  fnaninf.o(x$fpl$fnaninf)
    x$fpl$fpinit                             0x0800578a   Section       10  fpinit.o(x$fpl$fpinit)
    $v0                                      0x0800578a   Number         0  fpinit.o(x$fpl$fpinit)
    x$fpl$fretinf                            0x08005794   Section       10  fretinf.o(x$fpl$fretinf)
    $v0                                      0x08005794   Number         0  fretinf.o(x$fpl$fretinf)
    x$fpl$printf1                            0x0800579e   Section        4  printf1.o(x$fpl$printf1)
    $v0                                      0x0800579e   Number         0  printf1.o(x$fpl$printf1)
    .constdata                               0x080057a2   Section     4560  bsp_lcd.o(.constdata)
    x$fpl$usenofp                            0x080057a2   Section        0  usenofp.o(x$fpl$usenofp)
    .constdata                               0x08006972   Section       24  stm32g4xx_hal_uart.o(.constdata)
    .constdata                               0x0800698a   Section       16  stm32g4xx_hal_uart_ex.o(.constdata)
    numerator                                0x0800698a   Data           8  stm32g4xx_hal_uart_ex.o(.constdata)
    denominator                              0x08006992   Data           8  stm32g4xx_hal_uart_ex.o(.constdata)
    .constdata                               0x0800699a   Section       16  system_stm32g4xx.o(.constdata)
    .constdata                               0x080069aa   Section        8  system_stm32g4xx.o(.constdata)
    .constdata                               0x080069b2   Section       17  __printf_flags_wp.o(.constdata)
    maptable                                 0x080069b2   Data          17  __printf_flags_wp.o(.constdata)
    .constdata                               0x080069c4   Section      148  bigflt0.o(.constdata)
    tenpwrs_x                                0x080069c4   Data          60  bigflt0.o(.constdata)
    tenpwrs_i                                0x08006a00   Data          64  bigflt0.o(.constdata)
    locale$$data                             0x08006a78   Section       28  lc_numeric_c.o(locale$$data)
    __lcnum_c_name                           0x08006a7c   Data           2  lc_numeric_c.o(locale$$data)
    __lcnum_c_start                          0x08006a84   Data           0  lc_numeric_c.o(locale$$data)
    __lcnum_c_point                          0x08006a90   Data           0  lc_numeric_c.o(locale$$data)
    __lcnum_c_thousands                      0x08006a92   Data           0  lc_numeric_c.o(locale$$data)
    __lcnum_c_grouping                       0x08006a93   Data           0  lc_numeric_c.o(locale$$data)
    __lcnum_c_end                            0x08006a94   Data           0  lc_numeric_c.o(locale$$data)
    .data                                    0x20000000   Section       56  main.o(.data)
    .data                                    0x20000038   Section        6  bsp_lcd.o(.data)
    TextColor                                0x20000038   Data           2  bsp_lcd.o(.data)
    BackColor                                0x2000003a   Data           2  bsp_lcd.o(.data)
    .data                                    0x20000040   Section        4  bsp_adc.o(.data)
    HAL_RCC_ADC12_CLK_ENABLED                0x20000040   Data           4  bsp_adc.o(.data)
    .data                                    0x20000044   Section       12  stm32g4xx_hal.o(.data)
    .data                                    0x20000050   Section        4  system_stm32g4xx.o(.data)
    .bss                                     0x20000054   Section      184  main.o(.bss)
    .bss                                     0x2000010c   Section      216  bsp_adc.o(.bss)
    .bss                                     0x200001e4   Section      144  bsp_uart.o(.bss)
    .bss                                     0x20000274   Section       40  bsp_rtc.o(.bss)
    .bss                                     0x2000029c   Section       96  libspace.o(.bss)
    HEAP                                     0x20000300   Section      512  startup_stm32g431xx.o(HEAP)
    Heap_Mem                                 0x20000300   Data         512  startup_stm32g431xx.o(HEAP)
    STACK                                    0x20000500   Section     1024  startup_stm32g431xx.o(STACK)
    Stack_Mem                                0x20000500   Data        1024  startup_stm32g431xx.o(STACK)
    __initial_sp                             0x20000900   Data           0  startup_stm32g431xx.o(STACK)

    Global Symbols

    Symbol Name                              Value     Ov Type        Size  Object(Section)

    BuildAttributes$$THM_ISAv4$E$P$D$K$B$S$7EM$VFPi3$EXTD16$VFPS$VFMA$PE$A:L22UL41UL21$X:L11$S22US41US21$IEEE1$IW$USESV6$~STKCKD$USESV7$~SHL$OTIME$ROPI$IEEEJ$EBA8$UX$STANDARDLIB$REQ8$PRES8$EABIv2 0x00000000   Number         0  anon$$obj.o ABSOLUTE
    __ARM_use_no_argv                        0x00000000   Number         0  main.o ABSOLUTE
    _printf_flags                            0x00000000   Number         0  printf_stubs.o ABSOLUTE
    _printf_return_value                     0x00000000   Number         0  printf_stubs.o ABSOLUTE
    _printf_sizespec                         0x00000000   Number         0  printf_stubs.o ABSOLUTE
    _printf_widthprec                        0x00000000   Number         0  printf_stubs.o ABSOLUTE
    __ARM_exceptions_init                     - Undefined Weak Reference
    __alloca_initialize                       - Undefined Weak Reference
    __arm_preinit_                            - Undefined Weak Reference
    __cpp_initialize__aeabi_                  - Undefined Weak Reference
    __cxa_finalize                            - Undefined Weak Reference
    __sigvec_lookup                           - Undefined Weak Reference
    _atexit_init                              - Undefined Weak Reference
    _call_atexit_fns                          - Undefined Weak Reference
    _clock_init                               - Undefined Weak Reference
    _fp_trap_init                             - Undefined Weak Reference
    _fp_trap_shutdown                         - Undefined Weak Reference
    _get_lc_collate                           - Undefined Weak Reference
    _get_lc_ctype                             - Undefined Weak Reference
    _get_lc_monetary                          - Undefined Weak Reference
    _get_lc_time                              - Undefined Weak Reference
    _getenv_init                              - Undefined Weak Reference
    _handle_redirection                       - Undefined Weak Reference
    _init_alloc                               - Undefined Weak Reference
    _init_user_alloc                          - Undefined Weak Reference
    _initio                                   - Undefined Weak Reference
    _printf_truncate_signed                   - Undefined Weak Reference
    _printf_truncate_unsigned                 - Undefined Weak Reference
    _rand_init                                - Undefined Weak Reference
    _signal_finish                            - Undefined Weak Reference
    _signal_init                              - Undefined Weak Reference
    _terminate_alloc                          - Undefined Weak Reference
    _terminate_user_alloc                     - Undefined Weak Reference
    _terminateio                              - Undefined Weak Reference
    __Vectors_Size                           0x000001d8   Number         0  startup_stm32g431xx.o ABSOLUTE
    __Vectors                                0x08000000   Data           4  startup_stm32g431xx.o(RESET)
    __Vectors_End                            0x080001d8   Data           0  startup_stm32g431xx.o(RESET)
    __main                                   0x080001d9   Thumb Code     8  __main.o(!!!main)
    __scatterload                            0x080001e1   Thumb Code     0  __scatter.o(!!!scatter)
    __scatterload_rt2                        0x080001e1   Thumb Code    44  __scatter.o(!!!scatter)
    __scatterload_rt2_thumb_only             0x080001e1   Thumb Code     0  __scatter.o(!!!scatter)
    __scatterload_null                       0x080001ef   Thumb Code     0  __scatter.o(!!!scatter)
    __scatterload_copy                       0x08000215   Thumb Code    26  __scatter_copy.o(!!handler_copy)
    __scatterload_zeroinit                   0x08000231   Thumb Code    28  __scatter_zi.o(!!handler_zi)
    _printf_f                                0x0800024d   Thumb Code     0  _printf_f.o(.ARM.Collect$$_printf_percent$$00000003)
    _printf_percent                          0x0800024d   Thumb Code     0  _printf_percent.o(.ARM.Collect$$_printf_percent$$00000000)
    _printf_d                                0x08000253   Thumb Code     0  _printf_d.o(.ARM.Collect$$_printf_percent$$00000009)
    _printf_percent_end                      0x08000259   Thumb Code     0  _printf_percent_end.o(.ARM.Collect$$_printf_percent$$00000017)
    __rt_lib_init                            0x0800025d   Thumb Code     0  libinit.o(.ARM.Collect$$libinit$$00000000)
    __rt_lib_init_fp_1                       0x0800025f   Thumb Code     0  libinit2.o(.ARM.Collect$$libinit$$00000001)
    __rt_lib_init_heap_1                     0x08000263   Thumb Code     0  libinit2.o(.ARM.Collect$$libinit$$0000000A)
    __rt_lib_init_lc_common                  0x08000263   Thumb Code     0  libinit2.o(.ARM.Collect$$libinit$$0000000F)
    __rt_lib_init_preinit_1                  0x08000263   Thumb Code     0  libinit2.o(.ARM.Collect$$libinit$$00000004)
    __rt_lib_init_rand_1                     0x08000263   Thumb Code     0  libinit2.o(.ARM.Collect$$libinit$$0000000E)
    __rt_lib_init_user_alloc_1               0x08000263   Thumb Code     0  libinit2.o(.ARM.Collect$$libinit$$0000000C)
    __rt_lib_init_lc_collate_1               0x08000269   Thumb Code     0  libinit2.o(.ARM.Collect$$libinit$$00000011)
    __rt_lib_init_lc_ctype_1                 0x08000269   Thumb Code     0  libinit2.o(.ARM.Collect$$libinit$$00000013)
    __rt_lib_init_lc_monetary_1              0x08000269   Thumb Code     0  libinit2.o(.ARM.Collect$$libinit$$00000015)
    __rt_lib_init_lc_numeric_2               0x08000269   Thumb Code     0  libinit2.o(.ARM.Collect$$libinit$$00000016)
    __rt_lib_init_alloca_1                   0x08000273   Thumb Code     0  libinit2.o(.ARM.Collect$$libinit$$0000002E)
    __rt_lib_init_argv_1                     0x08000273   Thumb Code     0  libinit2.o(.ARM.Collect$$libinit$$0000002C)
    __rt_lib_init_atexit_1                   0x08000273   Thumb Code     0  libinit2.o(.ARM.Collect$$libinit$$0000001B)
    __rt_lib_init_clock_1                    0x08000273   Thumb Code     0  libinit2.o(.ARM.Collect$$libinit$$00000021)
    __rt_lib_init_cpp_1                      0x08000273   Thumb Code     0  libinit2.o(.ARM.Collect$$libinit$$00000032)
    __rt_lib_init_exceptions_1               0x08000273   Thumb Code     0  libinit2.o(.ARM.Collect$$libinit$$00000030)
    __rt_lib_init_fp_trap_1                  0x08000273   Thumb Code     0  libinit2.o(.ARM.Collect$$libinit$$0000001F)
    __rt_lib_init_getenv_1                   0x08000273   Thumb Code     0  libinit2.o(.ARM.Collect$$libinit$$00000023)
    __rt_lib_init_lc_numeric_1               0x08000273   Thumb Code     0  libinit2.o(.ARM.Collect$$libinit$$00000017)
    __rt_lib_init_lc_time_1                  0x08000273   Thumb Code     0  libinit2.o(.ARM.Collect$$libinit$$00000019)
    __rt_lib_init_return                     0x08000273   Thumb Code     0  libinit2.o(.ARM.Collect$$libinit$$00000033)
    __rt_lib_init_signal_1                   0x08000273   Thumb Code     0  libinit2.o(.ARM.Collect$$libinit$$0000001D)
    __rt_lib_init_stdio_1                    0x08000273   Thumb Code     0  libinit2.o(.ARM.Collect$$libinit$$00000025)
    __rt_lib_shutdown                        0x08000275   Thumb Code     0  libshutdown.o(.ARM.Collect$$libshutdown$$00000000)
    __rt_lib_shutdown_cpp_1                  0x08000277   Thumb Code     0  libshutdown2.o(.ARM.Collect$$libshutdown$$00000002)
    __rt_lib_shutdown_fp_trap_1              0x08000277   Thumb Code     0  libshutdown2.o(.ARM.Collect$$libshutdown$$00000007)
    __rt_lib_shutdown_heap_1                 0x08000277   Thumb Code     0  libshutdown2.o(.ARM.Collect$$libshutdown$$0000000F)
    __rt_lib_shutdown_return                 0x08000277   Thumb Code     0  libshutdown2.o(.ARM.Collect$$libshutdown$$00000010)
    __rt_lib_shutdown_signal_1               0x08000277   Thumb Code     0  libshutdown2.o(.ARM.Collect$$libshutdown$$0000000A)
    __rt_lib_shutdown_stdio_1                0x08000277   Thumb Code     0  libshutdown2.o(.ARM.Collect$$libshutdown$$00000004)
    __rt_lib_shutdown_user_alloc_1           0x08000277   Thumb Code     0  libshutdown2.o(.ARM.Collect$$libshutdown$$0000000C)
    __rt_entry                               0x08000279   Thumb Code     0  __rtentry.o(.ARM.Collect$$rtentry$$00000000)
    __rt_entry_presh_1                       0x08000279   Thumb Code     0  __rtentry2.o(.ARM.Collect$$rtentry$$00000002)
    __rt_entry_sh                            0x08000279   Thumb Code     0  __rtentry4.o(.ARM.Collect$$rtentry$$00000004)
    __rt_entry_li                            0x0800027f   Thumb Code     0  __rtentry2.o(.ARM.Collect$$rtentry$$0000000A)
    __rt_entry_postsh_1                      0x0800027f   Thumb Code     0  __rtentry2.o(.ARM.Collect$$rtentry$$00000009)
    __rt_entry_main                          0x08000283   Thumb Code     0  __rtentry2.o(.ARM.Collect$$rtentry$$0000000D)
    __rt_entry_postli_1                      0x08000283   Thumb Code     0  __rtentry2.o(.ARM.Collect$$rtentry$$0000000C)
    __rt_exit                                0x0800028b   Thumb Code     0  rtexit.o(.ARM.Collect$$rtexit$$00000000)
    __rt_exit_ls                             0x0800028d   Thumb Code     0  rtexit2.o(.ARM.Collect$$rtexit$$00000003)
    __rt_exit_prels_1                        0x0800028d   Thumb Code     0  rtexit2.o(.ARM.Collect$$rtexit$$00000002)
    __rt_exit_exit                           0x08000291   Thumb Code     0  rtexit2.o(.ARM.Collect$$rtexit$$00000004)
    Reset_Handler                            0x08000299   Thumb Code     8  startup_stm32g431xx.o(.text)
    ADC1_2_IRQHandler                        0x080002b3   Thumb Code     0  startup_stm32g431xx.o(.text)
    COMP1_2_3_IRQHandler                     0x080002b3   Thumb Code     0  startup_stm32g431xx.o(.text)
    COMP4_IRQHandler                         0x080002b3   Thumb Code     0  startup_stm32g431xx.o(.text)
    CORDIC_IRQHandler                        0x080002b3   Thumb Code     0  startup_stm32g431xx.o(.text)
    CRS_IRQHandler                           0x080002b3   Thumb Code     0  startup_stm32g431xx.o(.text)
    DMA1_Channel1_IRQHandler                 0x080002b3   Thumb Code     0  startup_stm32g431xx.o(.text)
    DMA1_Channel2_IRQHandler                 0x080002b3   Thumb Code     0  startup_stm32g431xx.o(.text)
    DMA1_Channel3_IRQHandler                 0x080002b3   Thumb Code     0  startup_stm32g431xx.o(.text)
    DMA1_Channel4_IRQHandler                 0x080002b3   Thumb Code     0  startup_stm32g431xx.o(.text)
    DMA1_Channel5_IRQHandler                 0x080002b3   Thumb Code     0  startup_stm32g431xx.o(.text)
    DMA1_Channel6_IRQHandler                 0x080002b3   Thumb Code     0  startup_stm32g431xx.o(.text)
    DMA2_Channel1_IRQHandler                 0x080002b3   Thumb Code     0  startup_stm32g431xx.o(.text)
    DMA2_Channel2_IRQHandler                 0x080002b3   Thumb Code     0  startup_stm32g431xx.o(.text)
    DMA2_Channel3_IRQHandler                 0x080002b3   Thumb Code     0  startup_stm32g431xx.o(.text)
    DMA2_Channel4_IRQHandler                 0x080002b3   Thumb Code     0  startup_stm32g431xx.o(.text)
    DMA2_Channel5_IRQHandler                 0x080002b3   Thumb Code     0  startup_stm32g431xx.o(.text)
    DMA2_Channel6_IRQHandler                 0x080002b3   Thumb Code     0  startup_stm32g431xx.o(.text)
    DMAMUX_OVR_IRQHandler                    0x080002b3   Thumb Code     0  startup_stm32g431xx.o(.text)
    EXTI0_IRQHandler                         0x080002b3   Thumb Code     0  startup_stm32g431xx.o(.text)
    EXTI15_10_IRQHandler                     0x080002b3   Thumb Code     0  startup_stm32g431xx.o(.text)
    EXTI1_IRQHandler                         0x080002b3   Thumb Code     0  startup_stm32g431xx.o(.text)
    EXTI2_IRQHandler                         0x080002b3   Thumb Code     0  startup_stm32g431xx.o(.text)
    EXTI3_IRQHandler                         0x080002b3   Thumb Code     0  startup_stm32g431xx.o(.text)
    EXTI4_IRQHandler                         0x080002b3   Thumb Code     0  startup_stm32g431xx.o(.text)
    EXTI9_5_IRQHandler                       0x080002b3   Thumb Code     0  startup_stm32g431xx.o(.text)
    FDCAN1_IT0_IRQHandler                    0x080002b3   Thumb Code     0  startup_stm32g431xx.o(.text)
    FDCAN1_IT1_IRQHandler                    0x080002b3   Thumb Code     0  startup_stm32g431xx.o(.text)
    FLASH_IRQHandler                         0x080002b3   Thumb Code     0  startup_stm32g431xx.o(.text)
    FMAC_IRQHandler                          0x080002b3   Thumb Code     0  startup_stm32g431xx.o(.text)
    FPU_IRQHandler                           0x080002b3   Thumb Code     0  startup_stm32g431xx.o(.text)
    I2C1_ER_IRQHandler                       0x080002b3   Thumb Code     0  startup_stm32g431xx.o(.text)
    I2C1_EV_IRQHandler                       0x080002b3   Thumb Code     0  startup_stm32g431xx.o(.text)
    I2C2_ER_IRQHandler                       0x080002b3   Thumb Code     0  startup_stm32g431xx.o(.text)
    I2C2_EV_IRQHandler                       0x080002b3   Thumb Code     0  startup_stm32g431xx.o(.text)
    I2C3_ER_IRQHandler                       0x080002b3   Thumb Code     0  startup_stm32g431xx.o(.text)
    I2C3_EV_IRQHandler                       0x080002b3   Thumb Code     0  startup_stm32g431xx.o(.text)
    LPTIM1_IRQHandler                        0x080002b3   Thumb Code     0  startup_stm32g431xx.o(.text)
    LPUART1_IRQHandler                       0x080002b3   Thumb Code     0  startup_stm32g431xx.o(.text)
    PVD_PVM_IRQHandler                       0x080002b3   Thumb Code     0  startup_stm32g431xx.o(.text)
    RCC_IRQHandler                           0x080002b3   Thumb Code     0  startup_stm32g431xx.o(.text)
    RNG_IRQHandler                           0x080002b3   Thumb Code     0  startup_stm32g431xx.o(.text)
    RTC_Alarm_IRQHandler                     0x080002b3   Thumb Code     0  startup_stm32g431xx.o(.text)
    RTC_TAMP_LSECSS_IRQHandler               0x080002b3   Thumb Code     0  startup_stm32g431xx.o(.text)
    RTC_WKUP_IRQHandler                      0x080002b3   Thumb Code     0  startup_stm32g431xx.o(.text)
    SAI1_IRQHandler                          0x080002b3   Thumb Code     0  startup_stm32g431xx.o(.text)
    SPI1_IRQHandler                          0x080002b3   Thumb Code     0  startup_stm32g431xx.o(.text)
    SPI2_IRQHandler                          0x080002b3   Thumb Code     0  startup_stm32g431xx.o(.text)
    SPI3_IRQHandler                          0x080002b3   Thumb Code     0  startup_stm32g431xx.o(.text)
    TIM1_BRK_TIM15_IRQHandler                0x080002b3   Thumb Code     0  startup_stm32g431xx.o(.text)
    TIM1_CC_IRQHandler                       0x080002b3   Thumb Code     0  startup_stm32g431xx.o(.text)
    TIM1_TRG_COM_TIM17_IRQHandler            0x080002b3   Thumb Code     0  startup_stm32g431xx.o(.text)
    TIM1_UP_TIM16_IRQHandler                 0x080002b3   Thumb Code     0  startup_stm32g431xx.o(.text)
    TIM2_IRQHandler                          0x080002b3   Thumb Code     0  startup_stm32g431xx.o(.text)
    TIM3_IRQHandler                          0x080002b3   Thumb Code     0  startup_stm32g431xx.o(.text)
    TIM4_IRQHandler                          0x080002b3   Thumb Code     0  startup_stm32g431xx.o(.text)
    TIM6_DAC_IRQHandler                      0x080002b3   Thumb Code     0  startup_stm32g431xx.o(.text)
    TIM7_DAC_IRQHandler                      0x080002b3   Thumb Code     0  startup_stm32g431xx.o(.text)
    TIM8_BRK_IRQHandler                      0x080002b3   Thumb Code     0  startup_stm32g431xx.o(.text)
    TIM8_CC_IRQHandler                       0x080002b3   Thumb Code     0  startup_stm32g431xx.o(.text)
    TIM8_TRG_COM_IRQHandler                  0x080002b3   Thumb Code     0  startup_stm32g431xx.o(.text)
    TIM8_UP_IRQHandler                       0x080002b3   Thumb Code     0  startup_stm32g431xx.o(.text)
    UART4_IRQHandler                         0x080002b3   Thumb Code     0  startup_stm32g431xx.o(.text)
    UCPD1_IRQHandler                         0x080002b3   Thumb Code     0  startup_stm32g431xx.o(.text)
    USART2_IRQHandler                        0x080002b3   Thumb Code     0  startup_stm32g431xx.o(.text)
    USART3_IRQHandler                        0x080002b3   Thumb Code     0  startup_stm32g431xx.o(.text)
    USBWakeUp_IRQHandler                     0x080002b3   Thumb Code     0  startup_stm32g431xx.o(.text)
    USB_HP_IRQHandler                        0x080002b3   Thumb Code     0  startup_stm32g431xx.o(.text)
    USB_LP_IRQHandler                        0x080002b3   Thumb Code     0  startup_stm32g431xx.o(.text)
    WWDG_IRQHandler                          0x080002b3   Thumb Code     0  startup_stm32g431xx.o(.text)
    __user_initial_stackheap                 0x080002b5   Thumb Code     0  startup_stm32g431xx.o(.text)
    __aeabi_uldivmod                         0x080002d9   Thumb Code     0  lludivv7m.o(.text)
    _ll_udiv                                 0x080002d9   Thumb Code   238  lludivv7m.o(.text)
    __2sprintf                               0x080003c9   Thumb Code    34  noretval__2sprintf.o(.text)
    _printf_pre_padding                      0x080003f1   Thumb Code    44  _printf_pad.o(.text)
    _printf_post_padding                     0x0800041d   Thumb Code    34  _printf_pad.o(.text)
    _printf_int_dec                          0x08000441   Thumb Code   104  _printf_dec.o(.text)
    __printf                                 0x080004b9   Thumb Code   308  __printf_flags_wp.o(.text)
    strlen                                   0x080005f1   Thumb Code    62  strlen.o(.text)
    __aeabi_memclr4                          0x0800062f   Thumb Code     0  rt_memclr_w.o(.text)
    __aeabi_memclr8                          0x0800062f   Thumb Code     0  rt_memclr_w.o(.text)
    __rt_memclr_w                            0x0800062f   Thumb Code    78  rt_memclr_w.o(.text)
    _memset_w                                0x08000633   Thumb Code     0  rt_memclr_w.o(.text)
    __use_two_region_memory                  0x0800067d   Thumb Code     2  heapauxi.o(.text)
    __rt_heap_escrow$2region                 0x0800067f   Thumb Code     2  heapauxi.o(.text)
    __rt_heap_expand$2region                 0x08000681   Thumb Code     2  heapauxi.o(.text)
    _printf_int_common                       0x08000683   Thumb Code   178  _printf_intcommon.o(.text)
    __lib_sel_fp_printf                      0x08000735   Thumb Code     2  _printf_fp_dec.o(.text)
    _printf_fp_dec_real                      0x080008e7   Thumb Code   620  _printf_fp_dec.o(.text)
    _printf_char_common                      0x08000b5f   Thumb Code    32  _printf_char_common.o(.text)
    _sputc                                   0x08000b85   Thumb Code    10  _sputc.o(.text)
    __rt_locale                              0x08000b91   Thumb Code     8  rt_locale_intlibspace.o(.text)
    _ll_udiv10                               0x08000b99   Thumb Code   138  lludiv10.o(.text)
    _printf_fp_infnan                        0x08000c25   Thumb Code   112  _printf_fp_infnan.o(.text)
    _btod_etento                             0x08000ca5   Thumb Code   224  bigflt0.o(.text)
    __user_libspace                          0x08000d89   Thumb Code     8  libspace.o(.text)
    __user_perproc_libspace                  0x08000d89   Thumb Code     0  libspace.o(.text)
    __user_perthread_libspace                0x08000d89   Thumb Code     0  libspace.o(.text)
    __user_setup_stackheap                   0x08000d91   Thumb Code    74  sys_stackheap_outer.o(.text)
    exit                                     0x08000ddb   Thumb Code    18  exit.o(.text)
    strcmp                                   0x08000ded   Thumb Code   128  strcmpv7m.o(.text)
    _sys_exit                                0x08000e6d   Thumb Code     8  sys_exit.o(.text)
    __I$use$semihosting                      0x08000e79   Thumb Code     0  use_no_semi.o(.text)
    __use_no_semihosting_swi                 0x08000e79   Thumb Code     2  use_no_semi.o(.text)
    __semihosting_library_function           0x08000e7b   Thumb Code     0  indicate_semi.o(.text)
    _btod_d2e                                0x08000e7b   Thumb Code    62  btod.o(CL$$btod_d2e)
    _d2e_denorm_low                          0x08000eb9   Thumb Code    70  btod.o(CL$$btod_d2e_denorm_low)
    _d2e_norm_op1                            0x08000eff   Thumb Code    96  btod.o(CL$$btod_d2e_norm_op1)
    __btod_div_common                        0x08000f5f   Thumb Code   696  btod.o(CL$$btod_div_common)
    _e2e                                     0x08001297   Thumb Code   220  btod.o(CL$$btod_e2e)
    _btod_ediv                               0x08001373   Thumb Code    42  btod.o(CL$$btod_ediv)
    _btod_emul                               0x0800139d   Thumb Code    42  btod.o(CL$$btod_emul)
    __btod_mult_common                       0x080013c7   Thumb Code   580  btod.o(CL$$btod_mult_common)
    ADC2_Init                                0x0800160d   Thumb Code   112  bsp_adc.o(i.ADC2_Init)
    ADC_Enable                               0x08001689   Thumb Code   110  stm32g4xx_hal_adc.o(i.ADC_Enable)
    BusFault_Handler                         0x080016fd   Thumb Code     2  stm32g4xx_it.o(i.BusFault_Handler)
    DebugMon_Handler                         0x080016ff   Thumb Code     2  stm32g4xx_it.o(i.DebugMon_Handler)
    Delay_LCD                                0x08001701   Thumb Code    28  bsp_lcd.o(i.Delay_LCD)
    Error_Handler                            0x0800171d   Thumb Code     4  main.o(i.Error_Handler)
    HAL_ADC_ConfigChannel                    0x08001721   Thumb Code  1006  stm32g4xx_hal_adc.o(i.HAL_ADC_ConfigChannel)
    HAL_ADC_GetValue                         0x08001b45   Thumb Code     6  stm32g4xx_hal_adc.o(i.HAL_ADC_GetValue)
    HAL_ADC_Init                             0x08001b4d   Thumb Code   476  stm32g4xx_hal_adc.o(i.HAL_ADC_Init)
    HAL_ADC_MspInit                          0x08001d49   Thumb Code   146  bsp_adc.o(i.HAL_ADC_MspInit)
    HAL_ADC_Start                            0x08001ded   Thumb Code   230  stm32g4xx_hal_adc.o(i.HAL_ADC_Start)
    HAL_DMA_Abort                            0x08001ee1   Thumb Code   106  stm32g4xx_hal_dma.o(i.HAL_DMA_Abort)
    HAL_DMA_Abort_IT                         0x08001f4b   Thumb Code   120  stm32g4xx_hal_dma.o(i.HAL_DMA_Abort_IT)
    HAL_Delay                                0x08001fc5   Thumb Code    32  stm32g4xx_hal.o(i.HAL_Delay)
    HAL_GPIO_Init                            0x08001fe9   Thumb Code   422  stm32g4xx_hal_gpio.o(i.HAL_GPIO_Init)
    HAL_GPIO_ReadPin                         0x080021b1   Thumb Code    10  stm32g4xx_hal_gpio.o(i.HAL_GPIO_ReadPin)
    HAL_GPIO_WritePin                        0x080021bb   Thumb Code    10  stm32g4xx_hal_gpio.o(i.HAL_GPIO_WritePin)
    HAL_GetTick                              0x080021c5   Thumb Code     6  stm32g4xx_hal.o(i.HAL_GetTick)
    HAL_IncTick                              0x080021d1   Thumb Code    12  stm32g4xx_hal.o(i.HAL_IncTick)
    HAL_Init                                 0x080021e1   Thumb Code    30  stm32g4xx_hal.o(i.HAL_Init)
    HAL_InitTick                             0x08002201   Thumb Code    58  stm32g4xx_hal.o(i.HAL_InitTick)
    HAL_MspInit                              0x08002245   Thumb Code    42  stm32g4xx_hal_msp.o(i.HAL_MspInit)
    HAL_NVIC_EnableIRQ                       0x08002275   Thumb Code    26  stm32g4xx_hal_cortex.o(i.HAL_NVIC_EnableIRQ)
    HAL_NVIC_SetPriority                     0x08002291   Thumb Code    60  stm32g4xx_hal_cortex.o(i.HAL_NVIC_SetPriority)
    HAL_NVIC_SetPriorityGrouping             0x080022d1   Thumb Code    26  stm32g4xx_hal_cortex.o(i.HAL_NVIC_SetPriorityGrouping)
    HAL_PWREx_ControlVoltageScaling          0x080022f5   Thumb Code   174  stm32g4xx_hal_pwr_ex.o(i.HAL_PWREx_ControlVoltageScaling)
    HAL_PWREx_DisableUCPDDeadBattery         0x080023b1   Thumb Code    12  stm32g4xx_hal_pwr_ex.o(i.HAL_PWREx_DisableUCPDDeadBattery)
    HAL_RCCEx_PeriphCLKConfig                0x080023c1   Thumb Code   638  stm32g4xx_hal_rcc_ex.o(i.HAL_RCCEx_PeriphCLKConfig)
    HAL_RCC_ClockConfig                      0x08002649   Thumb Code   444  stm32g4xx_hal_rcc.o(i.HAL_RCC_ClockConfig)
    HAL_RCC_GetPCLK1Freq                     0x08002825   Thumb Code    24  stm32g4xx_hal_rcc.o(i.HAL_RCC_GetPCLK1Freq)
    HAL_RCC_GetPCLK2Freq                     0x08002849   Thumb Code    24  stm32g4xx_hal_rcc.o(i.HAL_RCC_GetPCLK2Freq)
    HAL_RCC_GetSysClockFreq                  0x0800286d   Thumb Code    98  stm32g4xx_hal_rcc.o(i.HAL_RCC_GetSysClockFreq)
    HAL_RCC_OscConfig                        0x080028dd   Thumb Code  1036  stm32g4xx_hal_rcc.o(i.HAL_RCC_OscConfig)
    HAL_RTC_GetDate                          0x08002ce9   Thumb Code    62  stm32g4xx_hal_rtc.o(i.HAL_RTC_GetDate)
    HAL_RTC_GetTime                          0x08002d31   Thumb Code    82  stm32g4xx_hal_rtc.o(i.HAL_RTC_GetTime)
    HAL_RTC_Init                             0x08002d8d   Thumb Code   138  stm32g4xx_hal_rtc.o(i.HAL_RTC_Init)
    HAL_RTC_MspInit                          0x08002e21   Thumb Code    22  bsp_rtc.o(i.HAL_RTC_MspInit)
    HAL_RTC_SetDate                          0x08002e41   Thumb Code   158  stm32g4xx_hal_rtc.o(i.HAL_RTC_SetDate)
    HAL_RTC_SetTime                          0x08002ee9   Thumb Code   200  stm32g4xx_hal_rtc.o(i.HAL_RTC_SetTime)
    HAL_RTC_WaitForSynchro                   0x08002fb9   Thumb Code    48  stm32g4xx_hal_rtc.o(i.HAL_RTC_WaitForSynchro)
    HAL_SYSTICK_Config                       0x08002fed   Thumb Code    40  stm32g4xx_hal_cortex.o(i.HAL_SYSTICK_Config)
    HAL_UARTEx_DisableFifoMode               0x08003015   Thumb Code    62  stm32g4xx_hal_uart_ex.o(i.HAL_UARTEx_DisableFifoMode)
    HAL_UARTEx_RxEventCallback               0x08003053   Thumb Code     2  stm32g4xx_hal_uart.o(i.HAL_UARTEx_RxEventCallback)
    HAL_UARTEx_RxFifoFullCallback            0x08003055   Thumb Code     2  stm32g4xx_hal_uart_ex.o(i.HAL_UARTEx_RxFifoFullCallback)
    HAL_UARTEx_SetRxFifoThreshold            0x08003057   Thumb Code    76  stm32g4xx_hal_uart_ex.o(i.HAL_UARTEx_SetRxFifoThreshold)
    HAL_UARTEx_SetTxFifoThreshold            0x080030a3   Thumb Code    76  stm32g4xx_hal_uart_ex.o(i.HAL_UARTEx_SetTxFifoThreshold)
    HAL_UARTEx_TxFifoEmptyCallback           0x080030ef   Thumb Code     2  stm32g4xx_hal_uart_ex.o(i.HAL_UARTEx_TxFifoEmptyCallback)
    HAL_UARTEx_WakeupCallback                0x080030f1   Thumb Code     2  stm32g4xx_hal_uart_ex.o(i.HAL_UARTEx_WakeupCallback)
    HAL_UART_ErrorCallback                   0x080030f3   Thumb Code     2  stm32g4xx_hal_uart.o(i.HAL_UART_ErrorCallback)
    HAL_UART_IRQHandler                      0x080030f5   Thumb Code   632  stm32g4xx_hal_uart.o(i.HAL_UART_IRQHandler)
    HAL_UART_Init                            0x08003379   Thumb Code   106  stm32g4xx_hal_uart.o(i.HAL_UART_Init)
    HAL_UART_MspInit                         0x080033e5   Thumb Code   106  bsp_uart.o(i.HAL_UART_MspInit)
    HAL_UART_Receive_IT                      0x08003459   Thumb Code    70  stm32g4xx_hal_uart.o(i.HAL_UART_Receive_IT)
    HAL_UART_RxCpltCallback                  0x080034a5   Thumb Code    50  main.o(i.HAL_UART_RxCpltCallback)
    HAL_UART_Transmit                        0x080034e9   Thumb Code   188  stm32g4xx_hal_uart.o(i.HAL_UART_Transmit)
    HAL_UART_TxCpltCallback                  0x080035a5   Thumb Code     2  stm32g4xx_hal_uart.o(i.HAL_UART_TxCpltCallback)
    HardFault_Handler                        0x080035a7   Thumb Code     2  stm32g4xx_it.o(i.HardFault_Handler)
    I2CInit                                  0x080035a9   Thumb Code    38  bsp_i2c.o(i.I2CInit)
    I2CReceiveByte                           0x080035d5   Thumb Code    78  bsp_i2c.o(i.I2CReceiveByte)
    I2CSendAck                               0x08003623   Thumb Code    48  bsp_i2c.o(i.I2CSendAck)
    I2CSendByte                              0x08003653   Thumb Code    78  bsp_i2c.o(i.I2CSendByte)
    I2CSendNotAck                            0x080036a1   Thumb Code    48  bsp_i2c.o(i.I2CSendNotAck)
    I2CStart                                 0x080036d1   Thumb Code    54  bsp_i2c.o(i.I2CStart)
    I2CStop                                  0x08003707   Thumb Code    54  bsp_i2c.o(i.I2CStop)
    I2CWaitAck                               0x0800373d   Thumb Code    78  bsp_i2c.o(i.I2CWaitAck)
    KEY_LED_Init                             0x0800378d   Thumb Code   232  bsp_key_led.o(i.KEY_LED_Init)
    Key_Proc                                 0x08003885   Thumb Code   220  main.o(i.Key_Proc)
    Key_Scan                                 0x08003969   Thumb Code    60  bsp_key_led.o(i.Key_Scan)
    LCD_BusIn                                0x080039a9   Thumb Code    40  bsp_lcd.o(i.LCD_BusIn)
    LCD_BusOut                               0x080039d5   Thumb Code    42  bsp_lcd.o(i.LCD_BusOut)
    LCD_Clear                                0x08003a05   Thumb Code    36  bsp_lcd.o(i.LCD_Clear)
    LCD_CtrlLinesConfig                      0x08003a29   Thumb Code   136  bsp_lcd.o(i.LCD_CtrlLinesConfig)
    LCD_DisplayChar                          0x08003ab9   Thumb Code    18  bsp_lcd.o(i.LCD_DisplayChar)
    LCD_DisplayStringLine                    0x08003ad1   Thumb Code    42  bsp_lcd.o(i.LCD_DisplayStringLine)
    LCD_DrawChar                             0x08003afd   Thumb Code    84  bsp_lcd.o(i.LCD_DrawChar)
    LCD_Init                                 0x08003b55   Thumb Code    46  bsp_lcd.o(i.LCD_Init)
    LCD_ReadReg                              0x08003b89   Thumb Code   120  bsp_lcd.o(i.LCD_ReadReg)
    LCD_SetBackColor                         0x08003c09   Thumb Code    12  bsp_lcd.o(i.LCD_SetBackColor)
    LCD_SetCursor                            0x08003c19   Thumb Code    24  bsp_lcd.o(i.LCD_SetCursor)
    LCD_SetTextColor                         0x08003c31   Thumb Code    12  bsp_lcd.o(i.LCD_SetTextColor)
    LCD_WriteRAM                             0x08003c41   Thumb Code    80  bsp_lcd.o(i.LCD_WriteRAM)
    LCD_WriteRAM_Prepare                     0x08003c99   Thumb Code    82  bsp_lcd.o(i.LCD_WriteRAM_Prepare)
    LCD_WriteReg                             0x08003cf5   Thumb Code   100  bsp_lcd.o(i.LCD_WriteReg)
    LED_Disp                                 0x08003d61   Thumb Code    74  bsp_key_led.o(i.LED_Disp)
    Lcd_Proc                                 0x08003e01   Thumb Code   374  main.o(i.Lcd_Proc)
    Led_Proc                                 0x08004011   Thumb Code   128  main.o(i.Led_Proc)
    MemManage_Handler                        0x080040a9   Thumb Code     2  stm32g4xx_it.o(i.MemManage_Handler)
    NMI_Handler                              0x080040ab   Thumb Code     2  stm32g4xx_it.o(i.NMI_Handler)
    PendSV_Handler                           0x080040ad   Thumb Code     2  stm32g4xx_it.o(i.PendSV_Handler)
    REG_8230_Init                            0x080040af   Thumb Code   274  bsp_lcd.o(i.REG_8230_Init)
    REG_932X_Init                            0x080041c1   Thumb Code   514  bsp_lcd.o(i.REG_932X_Init)
    RTC_Bcd2ToByte                           0x080043c3   Thumb Code    18  stm32g4xx_hal_rtc.o(i.RTC_Bcd2ToByte)
    RTC_ByteToBcd2                           0x080043d5   Thumb Code    24  stm32g4xx_hal_rtc.o(i.RTC_ByteToBcd2)
    RTC_EnterInitMode                        0x080043ed   Thumb Code    72  stm32g4xx_hal_rtc.o(i.RTC_EnterInitMode)
    RTC_ExitInitMode                         0x08004439   Thumb Code    84  stm32g4xx_hal_rtc.o(i.RTC_ExitInitMode)
    RTC_Init                                 0x08004491   Thumb Code   144  bsp_rtc.o(i.RTC_Init)
    SCL_Output                               0x08004529   Thumb Code    20  bsp_i2c.o(i.SCL_Output)
    SDA_Input                                0x08004541   Thumb Code    18  bsp_i2c.o(i.SDA_Input)
    SDA_Input_Mode                           0x08004559   Thumb Code    40  bsp_i2c.o(i.SDA_Input_Mode)
    SDA_Output                               0x08004585   Thumb Code    20  bsp_i2c.o(i.SDA_Output)
    SDA_Output_Mode                          0x0800459d   Thumb Code    40  bsp_i2c.o(i.SDA_Output_Mode)
    SVC_Handler                              0x080045c9   Thumb Code     2  stm32g4xx_it.o(i.SVC_Handler)
    SysTick_Handler                          0x080045cb   Thumb Code     4  stm32g4xx_it.o(i.SysTick_Handler)
    SystemClock_Config                       0x080045d1   Thumb Code   156  bsp_rcc.o(i.SystemClock_Config)
    SystemInit                               0x08004675   Thumb Code    12  system_stm32g4xx.o(i.SystemInit)
    UART1_Init                               0x08004685   Thumb Code    94  bsp_uart.o(i.UART1_Init)
    UART_AdvFeatureConfig                    0x08004731   Thumb Code   200  stm32g4xx_hal_uart.o(i.UART_AdvFeatureConfig)
    UART_CheckIdleState                      0x080047f9   Thumb Code    96  stm32g4xx_hal_uart.o(i.UART_CheckIdleState)
    UART_SetConfig                           0x08004c1d   Thumb Code   582  stm32g4xx_hal_uart.o(i.UART_SetConfig)
    UART_Start_Receive_IT                    0x08004e91   Thumb Code   198  stm32g4xx_hal_uart.o(i.UART_Start_Receive_IT)
    UART_WaitOnFlagUntilTimeout              0x08004f69   Thumb Code   164  stm32g4xx_hal_uart.o(i.UART_WaitOnFlagUntilTimeout)
    USART1_IRQHandler                        0x0800500d   Thumb Code     6  stm32g4xx_it.o(i.USART1_IRQHandler)
    UsageFault_Handler                       0x08005019   Thumb Code     2  stm32g4xx_it.o(i.UsageFault_Handler)
    Usart_Proc                               0x0800501d   Thumb Code   296  main.o(i.Usart_Proc)
    __ARM_fpclassify                         0x0800517d   Thumb Code    48  fpclassify.o(i.__ARM_fpclassify)
    _is_digit                                0x080051cd   Thumb Code    14  __printf_wp.o(i._is_digit)
    getADC2                                  0x080051e9   Thumb Code    18  bsp_adc.o(i.getADC2)
    iic_24c02_read                           0x08005201   Thumb Code    82  bsp_i2c.o(i.iic_24c02_read)
    iic_24c02_write                          0x08005255   Thumb Code    62  bsp_i2c.o(i.iic_24c02_write)
    main                                     0x08005295   Thumb Code    94  main.o(i.main)
    _get_lc_numeric                          0x080052fd   Thumb Code    44  lc_numeric_c.o(locale$$code)
    __aeabi_d2f                              0x08005329   Thumb Code     0  d2f.o(x$fpl$d2f)
    _d2f                                     0x08005329   Thumb Code    98  d2f.o(x$fpl$d2f)
    __fpl_dcmp_Inf                           0x0800538b   Thumb Code    24  dcmpi.o(x$fpl$dcmpinf)
    __aeabi_ui2d                             0x080053a3   Thumb Code     0  dflt_clz.o(x$fpl$dfltu)
    _dfltu                                   0x080053a3   Thumb Code    38  dflt_clz.o(x$fpl$dfltu)
    __aeabi_cdcmple                          0x080053c9   Thumb Code     0  dleqf.o(x$fpl$dleqf)
    _dcmple                                  0x080053c9   Thumb Code   120  dleqf.o(x$fpl$dleqf)
    __fpl_dcmple_InfNaN                      0x0800542b   Thumb Code     0  dleqf.o(x$fpl$dleqf)
    __aeabi_dmul                             0x08005441   Thumb Code     0  dmul.o(x$fpl$dmul)
    _dmul                                    0x08005441   Thumb Code   332  dmul.o(x$fpl$dmul)
    __fpl_dnaninf                            0x08005595   Thumb Code   156  dnaninf.o(x$fpl$dnaninf)
    __fpl_dretinf                            0x08005631   Thumb Code    12  dretinf.o(x$fpl$dretinf)
    __aeabi_cdrcmple                         0x0800563d   Thumb Code     0  drleqf.o(x$fpl$drleqf)
    _drcmple                                 0x0800563d   Thumb Code   108  drleqf.o(x$fpl$drleqf)
    __aeabi_f2d                              0x080056a9   Thumb Code     0  f2d.o(x$fpl$f2d)
    _f2d                                     0x080056a9   Thumb Code    86  f2d.o(x$fpl$f2d)
    __fpl_fnaninf                            0x080056ff   Thumb Code   140  fnaninf.o(x$fpl$fnaninf)
    _fp_init                                 0x0800578b   Thumb Code    10  fpinit.o(x$fpl$fpinit)
    __fplib_config_fpu_vfp                   0x08005793   Thumb Code     0  fpinit.o(x$fpl$fpinit)
    __fplib_config_pureend_doubles           0x08005793   Thumb Code     0  fpinit.o(x$fpl$fpinit)
    __fpl_fretinf                            0x08005795   Thumb Code    10  fretinf.o(x$fpl$fretinf)
    _printf_fp_dec                           0x0800579f   Thumb Code     4  printf1.o(x$fpl$printf1)
    ASCII_Table                              0x080057a2   Data        4560  bsp_lcd.o(.constdata)
    __I$use$fp                               0x080057a2   Number         0  usenofp.o(x$fpl$usenofp)
    UARTPrescTable                           0x08006972   Data          24  stm32g4xx_hal_uart.o(.constdata)
    AHBPrescTable                            0x0800699a   Data          16  system_stm32g4xx.o(.constdata)
    APBPrescTable                            0x080069aa   Data           8  system_stm32g4xx.o(.constdata)
    Region$$Table$$Base                      0x08006a58   Number         0  anon$$obj.o(Region$$Table)
    Region$$Table$$Limit                     0x08006a78   Number         0  anon$$obj.o(Region$$Table)
    rx_buf_index                             0x20000000   Data           1  main.o(.data)
    k_int                                    0x20000001   Data           1  main.o(.data)
    LED_Ctrl                                 0x20000002   Data           1  main.o(.data)
    SETTING_TIME_Ctrl                        0x20000003   Data           1  main.o(.data)
    Ctrl_Uart_Send_Time_Data_Times           0x20000004   Data           1  main.o(.data)
    ucKey_Val                                0x20000005   Data           1  main.o(.data)
    unKey_Down                               0x20000006   Data           1  main.o(.data)
    ucKey_Up                                 0x20000007   Data           1  main.o(.data)
    ucKey_Old                                0x20000008   Data           1  main.o(.data)
    ucLed                                    0x20000009   Data           1  main.o(.data)
    rx_buffer                                0x2000000a   Data           1  main.o(.data)
    Interface_Num                            0x2000000b   Data           1  main.o(.data)
    Start_Flag                               0x2000000c   Data           1  main.o(.data)
    Clock_Comp_Disp                          0x2000000d   Data           3  main.o(.data)
    Clock_Comp_Ctrl                          0x20000010   Data           3  main.o(.data)
    uwTick_Key_Set_Point                     0x20000014   Data           4  main.o(.data)
    uwTick_Led_Set_Point                     0x20000018   Data           4  main.o(.data)
    uwTick_Lcd_Set_Point                     0x2000001c   Data           4  main.o(.data)
    uwTick_Usart_Set_Point                   0x20000020   Data           4  main.o(.data)
    uwTick_SETTING_TIME_Set_Point            0x20000024   Data           4  main.o(.data)
    Uart_Rev_Data_Delay_Time                 0x20000028   Data           4  main.o(.data)
    uwTick_LED_bulingbuling_Set_Point        0x2000002c   Data           4  main.o(.data)
    Y_M_D_Date                               0x20000030   Data           4  main.o(.data)
    R37_Voltage                              0x20000034   Data           4  main.o(.data)
    dummy                                    0x2000003c   Data           2  bsp_lcd.o(.data)
    uwTickPrio                               0x20000044   Data           4  stm32g4xx_hal.o(.data)
    uwTickFreq                               0x20000048   Data           4  stm32g4xx_hal.o(.data)
    uwTick                                   0x2000004c   Data           4  stm32g4xx_hal.o(.data)
    SystemCoreClock                          0x20000050   Data           4  system_stm32g4xx.o(.data)
    Lcd_Disp_String                          0x20000054   Data          21  main.o(.bss)
    str                                      0x20000069   Data          40  main.o(.bss)
    rx_buf                                   0x20000091   Data         100  main.o(.bss)
    H_M_S_Time                               0x200000f8   Data          20  main.o(.bss)
    hadc1                                    0x2000010c   Data         108  bsp_adc.o(.bss)
    hadc2                                    0x20000178   Data         108  bsp_adc.o(.bss)
    huart1                                   0x200001e4   Data         144  bsp_uart.o(.bss)
    hrtc                                     0x20000274   Data          40  bsp_rtc.o(.bss)
    __libspace_start                         0x2000029c   Data          96  libspace.o(.bss)
    __temporary_stack_top$libspace           0x200002fc   Data           0  libspace.o(.bss)



==============================================================================

Memory Map of the image

  Image Entry point : 0x080001d9

  Load Region LR_IROM1 (Base: 0x08000000, Size: 0x00006ae8, Max: 0x00020000, ABSOLUTE)

    Execution Region ER_IROM1 (Exec base: 0x08000000, Load base: 0x08000000, Size: 0x00006a94, Max: 0x00020000, ABSOLUTE)

    Exec Addr    Load Addr    Size         Type   Attr      Idx    E Section Name        Object

    0x08000000   0x08000000   0x000001d8   Data   RO         3804    RESET               startup_stm32g431xx.o
    0x080001d8   0x080001d8   0x00000008   Code   RO         3852  * !!!main             c_w.l(__main.o)
    0x080001e0   0x080001e0   0x00000034   Code   RO         4102    !!!scatter          c_w.l(__scatter.o)
    0x08000214   0x08000214   0x0000001a   Code   RO         4104    !!handler_copy      c_w.l(__scatter_copy.o)
    0x0800022e   0x0800022e   0x00000002   PAD
    0x08000230   0x08000230   0x0000001c   Code   RO         4106    !!handler_zi        c_w.l(__scatter_zi.o)
    0x0800024c   0x0800024c   0x00000000   Code   RO         3845    .ARM.Collect$$_printf_percent$$00000000  c_w.l(_printf_percent.o)
    0x0800024c   0x0800024c   0x00000006   Code   RO         3844    .ARM.Collect$$_printf_percent$$00000003  c_w.l(_printf_f.o)
    0x08000252   0x08000252   0x00000006   Code   RO         3843    .ARM.Collect$$_printf_percent$$00000009  c_w.l(_printf_d.o)
    0x08000258   0x08000258   0x00000004   Code   RO         3883    .ARM.Collect$$_printf_percent$$00000017  c_w.l(_printf_percent_end.o)
    0x0800025c   0x0800025c   0x00000002   Code   RO         3975    .ARM.Collect$$libinit$$00000000  c_w.l(libinit.o)
    0x0800025e   0x0800025e   0x00000004   Code   RO         3976    .ARM.Collect$$libinit$$00000001  c_w.l(libinit2.o)
    0x08000262   0x08000262   0x00000000   Code   RO         3979    .ARM.Collect$$libinit$$00000004  c_w.l(libinit2.o)
    0x08000262   0x08000262   0x00000000   Code   RO         3982    .ARM.Collect$$libinit$$0000000A  c_w.l(libinit2.o)
    0x08000262   0x08000262   0x00000000   Code   RO         3984    .ARM.Collect$$libinit$$0000000C  c_w.l(libinit2.o)
    0x08000262   0x08000262   0x00000000   Code   RO         3986    .ARM.Collect$$libinit$$0000000E  c_w.l(libinit2.o)
    0x08000262   0x08000262   0x00000006   Code   RO         3987    .ARM.Collect$$libinit$$0000000F  c_w.l(libinit2.o)
    0x08000268   0x08000268   0x00000000   Code   RO         3989    .ARM.Collect$$libinit$$00000011  c_w.l(libinit2.o)
    0x08000268   0x08000268   0x00000000   Code   RO         3991    .ARM.Collect$$libinit$$00000013  c_w.l(libinit2.o)
    0x08000268   0x08000268   0x00000000   Code   RO         3993    .ARM.Collect$$libinit$$00000015  c_w.l(libinit2.o)
    0x08000268   0x08000268   0x0000000a   Code   RO         3994    .ARM.Collect$$libinit$$00000016  c_w.l(libinit2.o)
    0x08000272   0x08000272   0x00000000   Code   RO         3995    .ARM.Collect$$libinit$$00000017  c_w.l(libinit2.o)
    0x08000272   0x08000272   0x00000000   Code   RO         3997    .ARM.Collect$$libinit$$00000019  c_w.l(libinit2.o)
    0x08000272   0x08000272   0x00000000   Code   RO         3999    .ARM.Collect$$libinit$$0000001B  c_w.l(libinit2.o)
    0x08000272   0x08000272   0x00000000   Code   RO         4001    .ARM.Collect$$libinit$$0000001D  c_w.l(libinit2.o)
    0x08000272   0x08000272   0x00000000   Code   RO         4003    .ARM.Collect$$libinit$$0000001F  c_w.l(libinit2.o)
    0x08000272   0x08000272   0x00000000   Code   RO         4005    .ARM.Collect$$libinit$$00000021  c_w.l(libinit2.o)
    0x08000272   0x08000272   0x00000000   Code   RO         4007    .ARM.Collect$$libinit$$00000023  c_w.l(libinit2.o)
    0x08000272   0x08000272   0x00000000   Code   RO         4009    .ARM.Collect$$libinit$$00000025  c_w.l(libinit2.o)
    0x08000272   0x08000272   0x00000000   Code   RO         4013    .ARM.Collect$$libinit$$0000002C  c_w.l(libinit2.o)
    0x08000272   0x08000272   0x00000000   Code   RO         4015    .ARM.Collect$$libinit$$0000002E  c_w.l(libinit2.o)
    0x08000272   0x08000272   0x00000000   Code   RO         4017    .ARM.Collect$$libinit$$00000030  c_w.l(libinit2.o)
    0x08000272   0x08000272   0x00000000   Code   RO         4019    .ARM.Collect$$libinit$$00000032  c_w.l(libinit2.o)
    0x08000272   0x08000272   0x00000002   Code   RO         4020    .ARM.Collect$$libinit$$00000033  c_w.l(libinit2.o)
    0x08000274   0x08000274   0x00000002   Code   RO         4067    .ARM.Collect$$libshutdown$$00000000  c_w.l(libshutdown.o)
    0x08000276   0x08000276   0x00000000   Code   RO         4085    .ARM.Collect$$libshutdown$$00000002  c_w.l(libshutdown2.o)
    0x08000276   0x08000276   0x00000000   Code   RO         4087    .ARM.Collect$$libshutdown$$00000004  c_w.l(libshutdown2.o)
    0x08000276   0x08000276   0x00000000   Code   RO         4090    .ARM.Collect$$libshutdown$$00000007  c_w.l(libshutdown2.o)
    0x08000276   0x08000276   0x00000000   Code   RO         4093    .ARM.Collect$$libshutdown$$0000000A  c_w.l(libshutdown2.o)
    0x08000276   0x08000276   0x00000000   Code   RO         4095    .ARM.Collect$$libshutdown$$0000000C  c_w.l(libshutdown2.o)
    0x08000276   0x08000276   0x00000000   Code   RO         4098    .ARM.Collect$$libshutdown$$0000000F  c_w.l(libshutdown2.o)
    0x08000276   0x08000276   0x00000002   Code   RO         4099    .ARM.Collect$$libshutdown$$00000010  c_w.l(libshutdown2.o)
    0x08000278   0x08000278   0x00000000   Code   RO         3870    .ARM.Collect$$rtentry$$00000000  c_w.l(__rtentry.o)
    0x08000278   0x08000278   0x00000000   Code   RO         3896    .ARM.Collect$$rtentry$$00000002  c_w.l(__rtentry2.o)
    0x08000278   0x08000278   0x00000006   Code   RO         3908    .ARM.Collect$$rtentry$$00000004  c_w.l(__rtentry4.o)
    0x0800027e   0x0800027e   0x00000000   Code   RO         3898    .ARM.Collect$$rtentry$$00000009  c_w.l(__rtentry2.o)
    0x0800027e   0x0800027e   0x00000004   Code   RO         3899    .ARM.Collect$$rtentry$$0000000A  c_w.l(__rtentry2.o)
    0x08000282   0x08000282   0x00000000   Code   RO         3901    .ARM.Collect$$rtentry$$0000000C  c_w.l(__rtentry2.o)
    0x08000282   0x08000282   0x00000008   Code   RO         3902    .ARM.Collect$$rtentry$$0000000D  c_w.l(__rtentry2.o)
    0x0800028a   0x0800028a   0x00000002   Code   RO         4021    .ARM.Collect$$rtexit$$00000000  c_w.l(rtexit.o)
    0x0800028c   0x0800028c   0x00000000   Code   RO         4036    .ARM.Collect$$rtexit$$00000002  c_w.l(rtexit2.o)
    0x0800028c   0x0800028c   0x00000004   Code   RO         4037    .ARM.Collect$$rtexit$$00000003  c_w.l(rtexit2.o)
    0x08000290   0x08000290   0x00000006   Code   RO         4038    .ARM.Collect$$rtexit$$00000004  c_w.l(rtexit2.o)
    0x08000296   0x08000296   0x00000002   PAD
    0x08000298   0x08000298   0x00000040   Code   RO         3805    .text               startup_stm32g431xx.o
    0x080002d8   0x080002d8   0x000000ee   Code   RO         3811    .text               c_w.l(lludivv7m.o)
    0x080003c6   0x080003c6   0x00000002   PAD
    0x080003c8   0x080003c8   0x00000028   Code   RO         3815    .text               c_w.l(noretval__2sprintf.o)
    0x080003f0   0x080003f0   0x0000004e   Code   RO         3819    .text               c_w.l(_printf_pad.o)
    0x0800043e   0x0800043e   0x00000002   PAD
    0x08000440   0x08000440   0x00000078   Code   RO         3821    .text               c_w.l(_printf_dec.o)
    0x080004b8   0x080004b8   0x00000138   Code   RO         3835    .text               c_w.l(__printf_flags_wp.o)
    0x080005f0   0x080005f0   0x0000003e   Code   RO         3846    .text               c_w.l(strlen.o)
    0x0800062e   0x0800062e   0x0000004e   Code   RO         3848    .text               c_w.l(rt_memclr_w.o)
    0x0800067c   0x0800067c   0x00000006   Code   RO         3850    .text               c_w.l(heapauxi.o)
    0x08000682   0x08000682   0x000000b2   Code   RO         3875    .text               c_w.l(_printf_intcommon.o)
    0x08000734   0x08000734   0x0000041e   Code   RO         3877    .text               c_w.l(_printf_fp_dec.o)
    0x08000b52   0x08000b52   0x00000002   PAD
    0x08000b54   0x08000b54   0x00000030   Code   RO         3879    .text               c_w.l(_printf_char_common.o)
    0x08000b84   0x08000b84   0x0000000a   Code   RO         3881    .text               c_w.l(_sputc.o)
    0x08000b8e   0x08000b8e   0x00000002   PAD
    0x08000b90   0x08000b90   0x00000008   Code   RO         3915    .text               c_w.l(rt_locale_intlibspace.o)
    0x08000b98   0x08000b98   0x0000008a   Code   RO         3917    .text               c_w.l(lludiv10.o)
    0x08000c22   0x08000c22   0x00000002   PAD
    0x08000c24   0x08000c24   0x00000080   Code   RO         3919    .text               c_w.l(_printf_fp_infnan.o)
    0x08000ca4   0x08000ca4   0x000000e4   Code   RO         3923    .text               c_w.l(bigflt0.o)
    0x08000d88   0x08000d88   0x00000008   Code   RO         3957    .text               c_w.l(libspace.o)
    0x08000d90   0x08000d90   0x0000004a   Code   RO         3960    .text               c_w.l(sys_stackheap_outer.o)
    0x08000dda   0x08000dda   0x00000012   Code   RO         3962    .text               c_w.l(exit.o)
    0x08000dec   0x08000dec   0x00000080   Code   RO         3968    .text               c_w.l(strcmpv7m.o)
    0x08000e6c   0x08000e6c   0x0000000c   Code   RO         4033    .text               c_w.l(sys_exit.o)
    0x08000e78   0x08000e78   0x00000002   Code   RO         4054    .text               c_w.l(use_no_semi.o)
    0x08000e7a   0x08000e7a   0x00000000   Code   RO         4056    .text               c_w.l(indicate_semi.o)
    0x08000e7a   0x08000e7a   0x0000003e   Code   RO         3926    CL$$btod_d2e        c_w.l(btod.o)
    0x08000eb8   0x08000eb8   0x00000046   Code   RO         3928    CL$$btod_d2e_denorm_low  c_w.l(btod.o)
    0x08000efe   0x08000efe   0x00000060   Code   RO         3927    CL$$btod_d2e_norm_op1  c_w.l(btod.o)
    0x08000f5e   0x08000f5e   0x00000338   Code   RO         3936    CL$$btod_div_common  c_w.l(btod.o)
    0x08001296   0x08001296   0x000000dc   Code   RO         3933    CL$$btod_e2e        c_w.l(btod.o)
    0x08001372   0x08001372   0x0000002a   Code   RO         3930    CL$$btod_ediv       c_w.l(btod.o)
    0x0800139c   0x0800139c   0x0000002a   Code   RO         3929    CL$$btod_emul       c_w.l(btod.o)
    0x080013c6   0x080013c6   0x00000244   Code   RO         3935    CL$$btod_mult_common  c_w.l(btod.o)
    0x0800160a   0x0800160a   0x00000002   PAD
    0x0800160c   0x0800160c   0x0000007c   Code   RO          578    i.ADC2_Init         bsp_adc.o
    0x08001688   0x08001688   0x00000074   Code   RO         2873    i.ADC_Enable        stm32g4xx_hal_adc.o
    0x080016fc   0x080016fc   0x00000002   Code   RO          206    i.BusFault_Handler  stm32g4xx_it.o
    0x080016fe   0x080016fe   0x00000002   Code   RO          207    i.DebugMon_Handler  stm32g4xx_it.o
    0x08001700   0x08001700   0x0000001c   Code   RO          371    i.Delay_LCD         bsp_lcd.o
    0x0800171c   0x0800171c   0x00000004   Code   RO            4    i.Error_Handler     main.o
    0x08001720   0x08001720   0x00000424   Code   RO         2875    i.HAL_ADC_ConfigChannel  stm32g4xx_hal_adc.o
    0x08001b44   0x08001b44   0x00000006   Code   RO         2882    i.HAL_ADC_GetValue  stm32g4xx_hal_adc.o
    0x08001b4a   0x08001b4a   0x00000002   PAD
    0x08001b4c   0x08001b4c   0x000001fc   Code   RO         2884    i.HAL_ADC_Init      stm32g4xx_hal_adc.o
    0x08001d48   0x08001d48   0x000000a4   Code   RO          579    i.HAL_ADC_MspInit   bsp_adc.o
    0x08001dec   0x08001dec   0x000000f4   Code   RO         2890    i.HAL_ADC_Start     stm32g4xx_hal_adc.o
    0x08001ee0   0x08001ee0   0x0000006a   Code   RO         1937    i.HAL_DMA_Abort     stm32g4xx_hal_dma.o
    0x08001f4a   0x08001f4a   0x00000078   Code   RO         1938    i.HAL_DMA_Abort_IT  stm32g4xx_hal_dma.o
    0x08001fc2   0x08001fc2   0x00000002   PAD
    0x08001fc4   0x08001fc4   0x00000024   Code   RO         1108    i.HAL_Delay         stm32g4xx_hal.o
    0x08001fe8   0x08001fe8   0x000001c8   Code   RO         1799    i.HAL_GPIO_Init     stm32g4xx_hal_gpio.o
    0x080021b0   0x080021b0   0x0000000a   Code   RO         1801    i.HAL_GPIO_ReadPin  stm32g4xx_hal_gpio.o
    0x080021ba   0x080021ba   0x0000000a   Code   RO         1803    i.HAL_GPIO_WritePin  stm32g4xx_hal_gpio.o
    0x080021c4   0x080021c4   0x0000000c   Code   RO         1112    i.HAL_GetTick       stm32g4xx_hal.o
    0x080021d0   0x080021d0   0x00000010   Code   RO         1115    i.HAL_IncTick       stm32g4xx_hal.o
    0x080021e0   0x080021e0   0x0000001e   Code   RO         1116    i.HAL_Init          stm32g4xx_hal.o
    0x080021fe   0x080021fe   0x00000002   PAD
    0x08002200   0x08002200   0x00000044   Code   RO         1117    i.HAL_InitTick      stm32g4xx_hal.o
    0x08002244   0x08002244   0x00000030   Code   RO          287    i.HAL_MspInit       stm32g4xx_hal_msp.o
    0x08002274   0x08002274   0x0000001a   Code   RO         2206    i.HAL_NVIC_EnableIRQ  stm32g4xx_hal_cortex.o
    0x0800228e   0x0800228e   0x00000002   PAD
    0x08002290   0x08002290   0x00000040   Code   RO         2212    i.HAL_NVIC_SetPriority  stm32g4xx_hal_cortex.o
    0x080022d0   0x080022d0   0x00000024   Code   RO         2213    i.HAL_NVIC_SetPriorityGrouping  stm32g4xx_hal_cortex.o
    0x080022f4   0x080022f4   0x000000bc   Code   RO          862    i.HAL_PWREx_ControlVoltageScaling  stm32g4xx_hal_pwr_ex.o
    0x080023b0   0x080023b0   0x00000010   Code   RO          874    i.HAL_PWREx_DisableUCPDDeadBattery  stm32g4xx_hal_pwr_ex.o
    0x080023c0   0x080023c0   0x00000288   Code   RO         1461    i.HAL_RCCEx_PeriphCLKConfig  stm32g4xx_hal_rcc_ex.o
    0x08002648   0x08002648   0x000001dc   Code   RO         1336    i.HAL_RCC_ClockConfig  stm32g4xx_hal_rcc.o
    0x08002824   0x08002824   0x00000024   Code   RO         1344    i.HAL_RCC_GetPCLK1Freq  stm32g4xx_hal_rcc.o
    0x08002848   0x08002848   0x00000024   Code   RO         1345    i.HAL_RCC_GetPCLK2Freq  stm32g4xx_hal_rcc.o
    0x0800286c   0x0800286c   0x00000070   Code   RO         1346    i.HAL_RCC_GetSysClockFreq  stm32g4xx_hal_rcc.o
    0x080028dc   0x080028dc   0x0000040c   Code   RO         1349    i.HAL_RCC_OscConfig  stm32g4xx_hal_rcc.o
    0x08002ce8   0x08002ce8   0x00000048   Code   RO         3322    i.HAL_RTC_GetDate   stm32g4xx_hal_rtc.o
    0x08002d30   0x08002d30   0x0000005c   Code   RO         3324    i.HAL_RTC_GetTime   stm32g4xx_hal_rtc.o
    0x08002d8c   0x08002d8c   0x00000094   Code   RO         3325    i.HAL_RTC_Init      stm32g4xx_hal_rtc.o
    0x08002e20   0x08002e20   0x00000020   Code   RO          789    i.HAL_RTC_MspInit   bsp_rtc.o
    0x08002e40   0x08002e40   0x000000a8   Code   RO         3331    i.HAL_RTC_SetDate   stm32g4xx_hal_rtc.o
    0x08002ee8   0x08002ee8   0x000000d0   Code   RO         3332    i.HAL_RTC_SetTime   stm32g4xx_hal_rtc.o
    0x08002fb8   0x08002fb8   0x00000034   Code   RO         3333    i.HAL_RTC_WaitForSynchro  stm32g4xx_hal_rtc.o
    0x08002fec   0x08002fec   0x00000028   Code   RO         2217    i.HAL_SYSTICK_Config  stm32g4xx_hal_cortex.o
    0x08003014   0x08003014   0x0000003e   Code   RO         2756    i.HAL_UARTEx_DisableFifoMode  stm32g4xx_hal_uart_ex.o
    0x08003052   0x08003052   0x00000002   Code   RO         2345    i.HAL_UARTEx_RxEventCallback  stm32g4xx_hal_uart.o
    0x08003054   0x08003054   0x00000002   Code   RO         2763    i.HAL_UARTEx_RxFifoFullCallback  stm32g4xx_hal_uart_ex.o
    0x08003056   0x08003056   0x0000004c   Code   RO         2764    i.HAL_UARTEx_SetRxFifoThreshold  stm32g4xx_hal_uart_ex.o
    0x080030a2   0x080030a2   0x0000004c   Code   RO         2765    i.HAL_UARTEx_SetTxFifoThreshold  stm32g4xx_hal_uart_ex.o
    0x080030ee   0x080030ee   0x00000002   Code   RO         2767    i.HAL_UARTEx_TxFifoEmptyCallback  stm32g4xx_hal_uart_ex.o
    0x080030f0   0x080030f0   0x00000002   Code   RO         2768    i.HAL_UARTEx_WakeupCallback  stm32g4xx_hal_uart_ex.o
    0x080030f2   0x080030f2   0x00000002   Code   RO         2361    i.HAL_UART_ErrorCallback  stm32g4xx_hal_uart.o
    0x080030f4   0x080030f4   0x00000284   Code   RO         2364    i.HAL_UART_IRQHandler  stm32g4xx_hal_uart.o
    0x08003378   0x08003378   0x0000006a   Code   RO         2365    i.HAL_UART_Init     stm32g4xx_hal_uart.o
    0x080033e2   0x080033e2   0x00000002   PAD
    0x080033e4   0x080033e4   0x00000074   Code   RO          753    i.HAL_UART_MspInit  bsp_uart.o
    0x08003458   0x08003458   0x0000004c   Code   RO         2370    i.HAL_UART_Receive_IT  stm32g4xx_hal_uart.o
    0x080034a4   0x080034a4   0x00000044   Code   RO            5    i.HAL_UART_RxCpltCallback  main.o
    0x080034e8   0x080034e8   0x000000bc   Code   RO         2374    i.HAL_UART_Transmit  stm32g4xx_hal_uart.o
    0x080035a4   0x080035a4   0x00000002   Code   RO         2377    i.HAL_UART_TxCpltCallback  stm32g4xx_hal_uart.o
    0x080035a6   0x080035a6   0x00000002   Code   RO          208    i.HardFault_Handler  stm32g4xx_it.o
    0x080035a8   0x080035a8   0x0000002c   Code   RO          632    i.I2CInit           bsp_i2c.o
    0x080035d4   0x080035d4   0x0000004e   Code   RO          633    i.I2CReceiveByte    bsp_i2c.o
    0x08003622   0x08003622   0x00000030   Code   RO          634    i.I2CSendAck        bsp_i2c.o
    0x08003652   0x08003652   0x0000004e   Code   RO          635    i.I2CSendByte       bsp_i2c.o
    0x080036a0   0x080036a0   0x00000030   Code   RO          636    i.I2CSendNotAck     bsp_i2c.o
    0x080036d0   0x080036d0   0x00000036   Code   RO          637    i.I2CStart          bsp_i2c.o
    0x08003706   0x08003706   0x00000036   Code   RO          638    i.I2CStop           bsp_i2c.o
    0x0800373c   0x0800373c   0x0000004e   Code   RO          639    i.I2CWaitAck        bsp_i2c.o
    0x0800378a   0x0800378a   0x00000002   PAD
    0x0800378c   0x0800378c   0x000000f8   Code   RO          335    i.KEY_LED_Init      bsp_key_led.o
    0x08003884   0x08003884   0x000000e4   Code   RO            6    i.Key_Proc          main.o
    0x08003968   0x08003968   0x00000040   Code   RO          336    i.Key_Scan          bsp_key_led.o
    0x080039a8   0x080039a8   0x0000002c   Code   RO          372    i.LCD_BusIn         bsp_lcd.o
    0x080039d4   0x080039d4   0x00000030   Code   RO          373    i.LCD_BusOut        bsp_lcd.o
    0x08003a04   0x08003a04   0x00000024   Code   RO          374    i.LCD_Clear         bsp_lcd.o
    0x08003a28   0x08003a28   0x00000090   Code   RO          376    i.LCD_CtrlLinesConfig  bsp_lcd.o
    0x08003ab8   0x08003ab8   0x00000018   Code   RO          377    i.LCD_DisplayChar   bsp_lcd.o
    0x08003ad0   0x08003ad0   0x0000002a   Code   RO          380    i.LCD_DisplayStringLine  bsp_lcd.o
    0x08003afa   0x08003afa   0x00000002   PAD
    0x08003afc   0x08003afc   0x00000058   Code   RO          381    i.LCD_DrawChar      bsp_lcd.o
    0x08003b54   0x08003b54   0x00000034   Code   RO          387    i.LCD_Init          bsp_lcd.o
    0x08003b88   0x08003b88   0x00000080   Code   RO          390    i.LCD_ReadReg       bsp_lcd.o
    0x08003c08   0x08003c08   0x00000010   Code   RO          391    i.LCD_SetBackColor  bsp_lcd.o
    0x08003c18   0x08003c18   0x00000018   Code   RO          392    i.LCD_SetCursor     bsp_lcd.o
    0x08003c30   0x08003c30   0x00000010   Code   RO          394    i.LCD_SetTextColor  bsp_lcd.o
    0x08003c40   0x08003c40   0x00000058   Code   RO          397    i.LCD_WriteRAM      bsp_lcd.o
    0x08003c98   0x08003c98   0x0000005c   Code   RO          398    i.LCD_WriteRAM_Prepare  bsp_lcd.o
    0x08003cf4   0x08003cf4   0x0000006c   Code   RO          399    i.LCD_WriteReg      bsp_lcd.o
    0x08003d60   0x08003d60   0x00000054   Code   RO          337    i.LED_Disp          bsp_key_led.o
    0x08003db4   0x08003db4   0x0000000c   Code   RO         2898    i.LL_ADC_GetOffsetChannel  stm32g4xx_hal_adc.o
    0x08003dc0   0x08003dc0   0x00000008   Code   RO         2899    i.LL_ADC_INJ_IsConversionOngoing  stm32g4xx_hal_adc.o
    0x08003dc8   0x08003dc8   0x00000008   Code   RO         2900    i.LL_ADC_REG_IsConversionOngoing  stm32g4xx_hal_adc.o
    0x08003dd0   0x08003dd0   0x0000001e   Code   RO         2903    i.LL_ADC_SetChannelSamplingTime  stm32g4xx_hal_adc.o
    0x08003dee   0x08003dee   0x00000010   Code   RO         2904    i.LL_ADC_SetOffsetState  stm32g4xx_hal_adc.o
    0x08003dfe   0x08003dfe   0x00000002   PAD
    0x08003e00   0x08003e00   0x00000210   Code   RO            7    i.Lcd_Proc          main.o
    0x08004010   0x08004010   0x00000098   Code   RO            8    i.Led_Proc          main.o
    0x080040a8   0x080040a8   0x00000002   Code   RO          209    i.MemManage_Handler  stm32g4xx_it.o
    0x080040aa   0x080040aa   0x00000002   Code   RO          210    i.NMI_Handler       stm32g4xx_it.o
    0x080040ac   0x080040ac   0x00000002   Code   RO          211    i.PendSV_Handler    stm32g4xx_it.o
    0x080040ae   0x080040ae   0x00000112   Code   RO          400    i.REG_8230_Init     bsp_lcd.o
    0x080041c0   0x080041c0   0x00000202   Code   RO          401    i.REG_932X_Init     bsp_lcd.o
    0x080043c2   0x080043c2   0x00000012   Code   RO         3334    i.RTC_Bcd2ToByte    stm32g4xx_hal_rtc.o
    0x080043d4   0x080043d4   0x00000018   Code   RO         3335    i.RTC_ByteToBcd2    stm32g4xx_hal_rtc.o
    0x080043ec   0x080043ec   0x0000004c   Code   RO         3336    i.RTC_EnterInitMode  stm32g4xx_hal_rtc.o
    0x08004438   0x08004438   0x00000058   Code   RO         3337    i.RTC_ExitInitMode  stm32g4xx_hal_rtc.o
    0x08004490   0x08004490   0x00000098   Code   RO          790    i.RTC_Init          bsp_rtc.o
    0x08004528   0x08004528   0x00000018   Code   RO          640    i.SCL_Output        bsp_i2c.o
    0x08004540   0x08004540   0x00000018   Code   RO          641    i.SDA_Input         bsp_i2c.o
    0x08004558   0x08004558   0x0000002c   Code   RO          642    i.SDA_Input_Mode    bsp_i2c.o
    0x08004584   0x08004584   0x00000018   Code   RO          643    i.SDA_Output        bsp_i2c.o
    0x0800459c   0x0800459c   0x0000002c   Code   RO          644    i.SDA_Output_Mode   bsp_i2c.o
    0x080045c8   0x080045c8   0x00000002   Code   RO          212    i.SVC_Handler       stm32g4xx_it.o
    0x080045ca   0x080045ca   0x00000004   Code   RO          213    i.SysTick_Handler   stm32g4xx_it.o
    0x080045ce   0x080045ce   0x00000002   PAD
    0x080045d0   0x080045d0   0x000000a4   Code   RO          311    i.SystemClock_Config  bsp_rcc.o
    0x08004674   0x08004674   0x00000010   Code   RO         3768    i.SystemInit        system_stm32g4xx.o
    0x08004684   0x08004684   0x00000068   Code   RO          754    i.UART1_Init        bsp_uart.o
    0x080046ec   0x080046ec   0x00000044   Code   RO         2769    i.UARTEx_SetNbDataToProcess  stm32g4xx_hal_uart_ex.o
    0x08004730   0x08004730   0x000000c8   Code   RO         2379    i.UART_AdvFeatureConfig  stm32g4xx_hal_uart.o
    0x080047f8   0x080047f8   0x00000060   Code   RO         2380    i.UART_CheckIdleState  stm32g4xx_hal_uart.o
    0x08004858   0x08004858   0x00000014   Code   RO         2381    i.UART_DMAAbortOnError  stm32g4xx_hal_uart.o
    0x0800486c   0x0800486c   0x00000038   Code   RO         2391    i.UART_EndRxTransfer  stm32g4xx_hal_uart.o
    0x080048a4   0x080048a4   0x00000080   Code   RO         2393    i.UART_RxISR_16BIT  stm32g4xx_hal_uart.o
    0x08004924   0x08004924   0x0000013c   Code   RO         2394    i.UART_RxISR_16BIT_FIFOEN  stm32g4xx_hal_uart.o
    0x08004a60   0x08004a60   0x00000080   Code   RO         2395    i.UART_RxISR_8BIT   stm32g4xx_hal_uart.o
    0x08004ae0   0x08004ae0   0x0000013c   Code   RO         2396    i.UART_RxISR_8BIT_FIFOEN  stm32g4xx_hal_uart.o
    0x08004c1c   0x08004c1c   0x00000274   Code   RO         2397    i.UART_SetConfig    stm32g4xx_hal_uart.o
    0x08004e90   0x08004e90   0x000000d8   Code   RO         2399    i.UART_Start_Receive_IT  stm32g4xx_hal_uart.o
    0x08004f68   0x08004f68   0x000000a4   Code   RO         2404    i.UART_WaitOnFlagUntilTimeout  stm32g4xx_hal_uart.o
    0x0800500c   0x0800500c   0x0000000c   Code   RO          214    i.USART1_IRQHandler  stm32g4xx_it.o
    0x08005018   0x08005018   0x00000002   Code   RO          215    i.UsageFault_Handler  stm32g4xx_it.o
    0x0800501a   0x0800501a   0x00000002   PAD
    0x0800501c   0x0800501c   0x00000160   Code   RO            9    i.Usart_Proc        main.o
    0x0800517c   0x0800517c   0x00000030   Code   RO         3955    i.__ARM_fpclassify  m_wm.l(fpclassify.o)
    0x080051ac   0x080051ac   0x00000020   Code   RO         2219    i.__NVIC_SetPriority  stm32g4xx_hal_cortex.o
    0x080051cc   0x080051cc   0x0000000e   Code   RO         3833    i._is_digit         c_w.l(__printf_wp.o)
    0x080051da   0x080051da   0x0000000c   Code   RO          645    i.delay1            bsp_i2c.o
    0x080051e6   0x080051e6   0x00000002   PAD
    0x080051e8   0x080051e8   0x00000018   Code   RO          581    i.getADC2           bsp_adc.o
    0x08005200   0x08005200   0x00000052   Code   RO          646    i.iic_24c02_read    bsp_i2c.o
    0x08005252   0x08005252   0x00000002   PAD
    0x08005254   0x08005254   0x0000003e   Code   RO          647    i.iic_24c02_write   bsp_i2c.o
    0x08005292   0x08005292   0x00000002   PAD
    0x08005294   0x08005294   0x00000068   Code   RO           10    i.main              main.o
    0x080052fc   0x080052fc   0x0000002c   Code   RO         3949    locale$$code        c_w.l(lc_numeric_c.o)
    0x08005328   0x08005328   0x00000062   Code   RO         3854    x$fpl$d2f           fz_wm.l(d2f.o)
    0x0800538a   0x0800538a   0x00000018   Code   RO         3951    x$fpl$dcmpinf       fz_wm.l(dcmpi.o)
    0x080053a2   0x080053a2   0x00000026   Code   RO         3856    x$fpl$dfltu         fz_wm.l(dflt_clz.o)
    0x080053c8   0x080053c8   0x00000078   Code   RO         3884    x$fpl$dleqf         fz_wm.l(dleqf.o)
    0x08005440   0x08005440   0x00000154   Code   RO         3862    x$fpl$dmul          fz_wm.l(dmul.o)
    0x08005594   0x08005594   0x0000009c   Code   RO         3886    x$fpl$dnaninf       fz_wm.l(dnaninf.o)
    0x08005630   0x08005630   0x0000000c   Code   RO         3888    x$fpl$dretinf       fz_wm.l(dretinf.o)
    0x0800563c   0x0800563c   0x0000006c   Code   RO         3864    x$fpl$drleqf        fz_wm.l(drleqf.o)
    0x080056a8   0x080056a8   0x00000056   Code   RO         3866    x$fpl$f2d           fz_wm.l(f2d.o)
    0x080056fe   0x080056fe   0x0000008c   Code   RO         3890    x$fpl$fnaninf       fz_wm.l(fnaninf.o)
    0x0800578a   0x0800578a   0x0000000a   Code   RO         4031    x$fpl$fpinit        fz_wm.l(fpinit.o)
    0x08005794   0x08005794   0x0000000a   Code   RO         3892    x$fpl$fretinf       fz_wm.l(fretinf.o)
    0x0800579e   0x0800579e   0x00000004   Code   RO         3868    x$fpl$printf1       fz_wm.l(printf1.o)
    0x080057a2   0x080057a2   0x00000000   Code   RO         3894    x$fpl$usenofp       fz_wm.l(usenofp.o)
    0x080057a2   0x080057a2   0x000011d0   Data   RO          402    .constdata          bsp_lcd.o
    0x08006972   0x08006972   0x00000018   Data   RO         2405    .constdata          stm32g4xx_hal_uart.o
    0x0800698a   0x0800698a   0x00000010   Data   RO         2770    .constdata          stm32g4xx_hal_uart_ex.o
    0x0800699a   0x0800699a   0x00000010   Data   RO         3769    .constdata          system_stm32g4xx.o
    0x080069aa   0x080069aa   0x00000008   Data   RO         3770    .constdata          system_stm32g4xx.o
    0x080069b2   0x080069b2   0x00000011   Data   RO         3836    .constdata          c_w.l(__printf_flags_wp.o)
    0x080069c3   0x080069c3   0x00000001   PAD
    0x080069c4   0x080069c4   0x00000094   Data   RO         3924    .constdata          c_w.l(bigflt0.o)
    0x08006a58   0x08006a58   0x00000020   Data   RO         4100    Region$$Table       anon$$obj.o
    0x08006a78   0x08006a78   0x0000001c   Data   RO         3948    locale$$data        c_w.l(lc_numeric_c.o)


    Execution Region RW_IRAM1 (Exec base: 0x20000000, Load base: 0x08006a94, Size: 0x00000900, Max: 0x00008000, ABSOLUTE)

    Exec Addr    Load Addr    Size         Type   Attr      Idx    E Section Name        Object

    0x20000000   0x08006a94   0x00000038   Data   RW           12    .data               main.o
    0x20000038   0x08006acc   0x00000006   Data   RW          403    .data               bsp_lcd.o
    0x2000003e   0x08006ad2   0x00000002   PAD
    0x20000040   0x08006ad4   0x00000004   Data   RW          583    .data               bsp_adc.o
    0x20000044   0x08006ad8   0x0000000c   Data   RW         1136    .data               stm32g4xx_hal.o
    0x20000050   0x08006ae4   0x00000004   Data   RW         3771    .data               system_stm32g4xx.o
    0x20000054        -       0x000000b8   Zero   RW           11    .bss                main.o
    0x2000010c        -       0x000000d8   Zero   RW          582    .bss                bsp_adc.o
    0x200001e4        -       0x00000090   Zero   RW          755    .bss                bsp_uart.o
    0x20000274        -       0x00000028   Zero   RW          791    .bss                bsp_rtc.o
    0x2000029c        -       0x00000060   Zero   RW         3958    .bss                c_w.l(libspace.o)
    0x200002fc   0x08006ae8   0x00000004   PAD
    0x20000300        -       0x00000200   Zero   RW         3803    HEAP                startup_stm32g431xx.o
    0x20000500        -       0x00000400   Zero   RW         3802    STACK               startup_stm32g431xx.o


==============================================================================

Image component sizes


      Code (inc. data)   RO Data    RW Data    ZI Data      Debug   Object Name

       312         36          0          4        216       3166   bsp_adc.o
       798         28          0          0          0      11688   bsp_i2c.o
       396         30          0          0          0       2809   bsp_key_led.o
      1766         76       4560          6          0      14562   bsp_lcd.o
       164          8          0          0          0       1289   bsp_rcc.o
       184         18          0          0         40       2160   bsp_rtc.o
       220         20          0          0        144       2329   bsp_uart.o
      1436        270          0         56        184     619720   main.o
        64         26        472          0       1536        912   startup_stm32g431xx.o
       162         24          0         12          0       5257   stm32g4xx_hal.o
      2008        106          0          0          0      77427   stm32g4xx_hal_adc.o
       198         14          0          0          0      34643   stm32g4xx_hal_cortex.o
       226          0          0          0          0       2339   stm32g4xx_hal_dma.o
       476         34          0          0          0       3639   stm32g4xx_hal_gpio.o
        48          6          0          0          0       1106   stm32g4xx_hal_msp.o
       204         18          0          0          0       1673   stm32g4xx_hal_pwr_ex.o
      1696         92          0          0          0       6784   stm32g4xx_hal_rcc.o
       648         10          0          0          0       2144   stm32g4xx_hal_rcc_ex.o
       946         60          0          0          0       9663   stm32g4xx_hal_rtc.o
      3288        128         24          0          0      38362   stm32g4xx_hal_uart.o
       288          6         16          0          0       6430   stm32g4xx_hal_uart_ex.o
        32          6          0          0          0       5886   stm32g4xx_it.o
        16          4         24          4          0       1503   system_stm32g4xx.o

    ----------------------------------------------------------------------
     15602       1020       5128         84       2120     855491   Object Totals
         0          0         32          0          0          0   (incl. Generated)
        26          0          0          2          0          0   (incl. Padding)

    ----------------------------------------------------------------------

      Code (inc. data)   RO Data    RW Data    ZI Data      Debug   Library Member Name

         8          0          0          0          0         68   __main.o
       312          4         17          0          0         92   __printf_flags_wp.o
        14          0          0          0          0         68   __printf_wp.o
         0          0          0          0          0          0   __rtentry.o
        12          0          0          0          0          0   __rtentry2.o
         6          0          0          0          0          0   __rtentry4.o
        52          8          0          0          0          0   __scatter.o
        26          0          0          0          0          0   __scatter_copy.o
        28          0          0          0          0          0   __scatter_zi.o
        48          6          0          0          0         96   _printf_char_common.o
         6          0          0          0          0          0   _printf_d.o
       120         16          0          0          0         92   _printf_dec.o
         6          0          0          0          0          0   _printf_f.o
      1054          0          0          0          0        216   _printf_fp_dec.o
       128         16          0          0          0         84   _printf_fp_infnan.o
       178          0          0          0          0         88   _printf_intcommon.o
        78          0          0          0          0        108   _printf_pad.o
         0          0          0          0          0          0   _printf_percent.o
         4          0          0          0          0          0   _printf_percent_end.o
        10          0          0          0          0         68   _sputc.o
       228          4        148          0          0         96   bigflt0.o
      1936        128          0          0          0        672   btod.o
        18          0          0          0          0         80   exit.o
         6          0          0          0          0        152   heapauxi.o
         0          0          0          0          0          0   indicate_semi.o
        44         10         28          0          0         76   lc_numeric_c.o
         2          0          0          0          0          0   libinit.o
        22          0          0          0          0          0   libinit2.o
         2          0          0          0          0          0   libshutdown.o
         2          0          0          0          0          0   libshutdown2.o
         8          4          0          0         96         68   libspace.o
       138          0          0          0          0         80   lludiv10.o
       238          0          0          0          0        100   lludivv7m.o
        40          6          0          0          0         84   noretval__2sprintf.o
         8          4          0          0          0         68   rt_locale_intlibspace.o
        78          0          0          0          0         80   rt_memclr_w.o
         2          0          0          0          0          0   rtexit.o
        10          0          0          0          0          0   rtexit2.o
       128          0          0          0          0         68   strcmpv7m.o
        62          0          0          0          0         76   strlen.o
        12          4          0          0          0         68   sys_exit.o
        74          0          0          0          0         80   sys_stackheap_outer.o
         2          0          0          0          0         68   use_no_semi.o
        98          4          0          0          0        140   d2f.o
        24          0          0          0          0        116   dcmpi.o
        38          0          0          0          0        116   dflt_clz.o
       120          4          0          0          0        140   dleqf.o
       340         12          0          0          0        152   dmul.o
       156          4          0          0          0        140   dnaninf.o
        12          0          0          0          0        116   dretinf.o
       108          0          0          0          0        128   drleqf.o
        86          4          0          0          0        132   f2d.o
       140          4          0          0          0        132   fnaninf.o
        10          0          0          0          0        116   fpinit.o
        10          0          0          0          0        116   fretinf.o
         4          0          0          0          0        116   printf1.o
         0          0          0          0          0          0   usenofp.o
        48          0          0          0          0        124   fpclassify.o

    ----------------------------------------------------------------------
      6360        242        194          0        100       4680   Library Totals
        16          0          1          0          4          0   (incl. Padding)

    ----------------------------------------------------------------------

      Code (inc. data)   RO Data    RW Data    ZI Data      Debug   Library Name

      5150        210        193          0         96       2896   c_w.l
      1146         32          0          0          0       1660   fz_wm.l
        48          0          0          0          0        124   m_wm.l

    ----------------------------------------------------------------------
      6360        242        194          0        100       4680   Library Totals

    ----------------------------------------------------------------------

==============================================================================


      Code (inc. data)   RO Data    RW Data    ZI Data      Debug   

     21962       1262       5322         84       2220     844911   Grand Totals
     21962       1262       5322         84       2220     844911   ELF Image Totals
     21962       1262       5322         84          0          0   ROM Totals

==============================================================================

    Total RO  Size (Code + RO Data)                27284 (  26.64kB)
    Total RW  Size (RW Data + ZI Data)              2304 (   2.25kB)
    Total ROM Size (Code + RO Data + RW Data)      27368 (  26.73kB)

==============================================================================

